I/LatinIME:LogUtils( 2927): Dictionary info: dictionary = main:en_us ; version = 52 ; date = 1412572954
I/GoogleHttpClient( 3248): GMS http client unavailable, use old client
I/MediaRouter( 3215): Found default route: MediaRouter.RouteInfo{ uniqueId=android/mo:DEFAULT_ROUTE, name=Phone, description=null, enabled=true, connecting=false, playbackType=0, playbackStream=3, volumeHandling=1, volume=7, volumeMax=15, presentationDisplayId=-1, extras=null, providerPackageName=android }
I/ProviderInstaller( 3248): Insert disabled by gate 'gms:security:enable_conscrypt_in_gms_application'
I/FavoriteContactNamesSup( 3215): get() : Execute runnable (UI thread)
I/ContactLabelSupplier( 3215): get() : Execute runnable (UI thread)
D/WifiService(  858): New client listening to asynchronous messages
D/BluetoothManagerService(  858): Message: 20
D/BluetoothManagerService(  858): Added callback: android.bluetooth.IBluetoothManagerCallback$Stub$Proxy@311a4ece:true
D/BluetoothAdapter( 2787): 623286732: getState() :  mService = null. Returning STATE_OFF
D/BluetoothAdapter( 2787): 623286732: getState() :  mService = null. Returning STATE_OFF
D/ConnectivityService(  858): listenForNetwork for NetworkRequest [ id=2, legacyType=-1, [] ]
I/ProviderInstaller( 3181): Insert disabled by gate 'gms:security:enable_conscrypt_in_gms_application'
D/BluetoothAdapter( 2787): 623286732: getState() :  mService = null. Returning STATE_OFF
D/BluetoothAdapter( 2787): 623286732: getState() :  mService = null. Returning STATE_OFF
D/BluetoothAdapter( 2787): 623286732: getState() :  mService = null. Returning STATE_OFF
D/BluetoothAdapter( 2787): 623286732: getState() :  mService = null. Returning STATE_OFF
W/Launcher( 3094): setApplicationContext called twice! old=com.google.android.velvet.VelvetApplication@37688fda new=com.google.android.velvet.VelvetApplication@37688fda
I/GEL     ( 3094): handleIntent(Intent { act=android.intent.action.MAIN cat=[android.intent.category.HOME] flg=0x10000000 cmp=com.google.android.googlequicksearchbox/com.google.android.launcher.GEL })
D/OpenGLRenderer( 3094): Render dirty regions requested: true
D/Atlas   ( 3094): Validating map...
W/InputMethodInfo(  858): Duplicated subtype definition found: , voice
D/OpenGLRenderer( 2787): Render dirty regions requested: true
D/Atlas   ( 2787): Validating map...
D/PhoneStatusBar( 2787): disable: < expand icons alerts system_info back home recent clock search >
W/ResourcesManager( 3094): Asset path '/system/framework/com.google.android.media.effects.jar' does not exist or contains no resources.
I/ActivityManager(  858): Start proc com.google.android.gms.ui for broadcast com.google.android.gms/com.google.android.location.network.LocationProviderChangeReceiver: pid=3402 uid=10018 gids={50018, 9997, 2001, 3003, 1007, 3006, 3002, 3001, 1028, 1023, 1015, 1005, 3007} abi=armeabi-v7a
I/ContactLocale( 3160): AddressBook Labels [en-US]: [, A, B, C, D, E, F, G, H, I, J, K, L, M, N, O, P, Q, R, S, T, U, V, W, X, Y, Z, , , , , , , , , , , , , , , , , , , , , , , , , , , , , , , , , , , , , , , , , , , , , , , , , , , , , , , , , , , , , , , , , , , , , , , , , , , , , , , , , , , , , , , , , , , , , , , , , , , , , , , , , , , , , , , , , , , , , , , , , , , , , , , , , , , , , , , , , , , , , , , , , , , , , , , , , , , , , , , , , , , , , , , , , , , , , , , , , , , , , , , , , , , , #, ]
D/BluetoothAdapter( 2787): 623286732: getState() :  mService = null. Returning STATE_OFF
D/BluetoothAdapter( 2787): 623286732: getState() :  mService = null. Returning STATE_OFF
I/wpa_supplicant( 2738): p2p0: CTRL-EVENT-REGDOM-CHANGE init=BEACON_HINT type=UNKNOWN
I/Adreno-EGL( 3094): <qeglDrvAPI_eglInitialize:410>: QUALCOMM Build: 10/24/14, 167c270, I68fa98814b
E/WifiStateMachine(  858): WifiStateMachine shouldSwitchNetwork  txSuccessRate=0.00 rxSuccessRate=0.00 delta 1000 -> 1000
I/OpenGLRenderer( 3094): Initialized EGL, version 1.4
E/WifiStateMachine(  858): CMD_AUTO_CONNECT sup state ScanState my state DisconnectedState nid=0 roam=3
E/WifiConfigStore(  858): saveWifiConfigBSSID Setting BSSID for "ASUS"WPA_PSK to any
E/WifiStateMachine(  858): CMD_AUTO_CONNECT will save config -> "ASUS" nid=0
D/OpenGLRenderer( 3094): Enabling debug mode 0
I/Choreographer( 2787): Skipped 100 frames!  The application may be doing too much work on its main thread.
W/ResourcesManager( 3402): Asset path '/system/framework/com.android.media.remotedisplay.jar' does not exist or contains no resources.
W/ResourcesManager( 3402): Asset path '/system/framework/com.android.location.provider.jar' does not exist or contains no resources.
D/ViewRootImpl( 2787): changeCanvasOpacity: opaque=true
E/WifiConfigStore(  858): writeKnownNetworkHistory write linked 1
E/WifiConfigStore(  858): will read network variables netId=0
E/WifiStateMachine(  858): CMD_AUTO_CONNECT did save config ->  nid=0
I/wpa_supplicant( 2738): wlan0: Trying to associate with 08:60:6e:cb:d8:98 (SSID='ASUS' freq=2437 MHz)
E/WifiConfigStore(  858): will read network variables netId=0
E/WifiConfigStore(  858): setLastSelectedConfiguration -1
I/MultiDex( 3402): VM with version 2.1.0 has multidex support
I/MultiDex( 3402): install
I/MultiDex( 3402): VM has multidex support, MultiDex support library is disabled.
I/ActivityManager(  858): Displayed com.google.android.googlequicksearchbox/com.google.android.launcher.GEL: +1s507ms
I/ProviderInstaller( 3402): Insert disabled by gate 'gms:security:enable_conscrypt_in_gms_application'
I/wpa_supplicant( 2738): wlan0: Associated with 08:60:6e:cb:d8:98
I/wpa_supplicant( 2738): wlan0: WPA: Key negotiation completed with 08:60:6e:cb:d8:98 [PTK=CCMP GTK=CCMP]
I/wpa_supplicant( 2738): wlan0: CTRL-EVENT-CONNECTED - Connection to 08:60:6e:cb:d8:98 completed [id=0 id_str=]
E/NfcNciHal( 3019): NVM patch version is 11.51
D/ConnectivityService(  858): registerNetworkAgent NetworkAgentInfo{ ni{[type: WIFI[], state: CONNECTING/CONNECTING, reason: (unspecified), extra: "ASUS", roaming: false, failover: false, isAvailable: true, isConnectedToProvisioningNetwork: false]}  network{null}  lp{{LinkAddresses: []  Routes: [] DnsAddresses: [] Domains: null MTU: 0 TcpBufferSizes: 524288,1048576,2097152,262144,524288,1048576}}  nc{[ Transports: WIFI Capabilities: INTERNET&NOT_RESTRICTED&TRUSTED&NOT_VPN LinkUpBandwidth>=1048576Kbps LinkDnBandwidth>=1048576Kbps]}  Score{20} validated{false} created{false} explicitlySelected{false} }
E/WifiConfigStore(  858): saveWifiConfigBSSID Setting BSSID for "ASUS"WPA_PSK to any
D/ConnectivityService(  858): NetworkAgentInfo [WIFI () - 100] EVENT_NETWORK_INFO_CHANGED, going from null to CONNECTING
E/WifiConfigStore(  858): saveWifiConfigBSSID Setting BSSID for "ASUS"WPA_PSK to any
D/CommandListener(  244): Setting iface cfg
E/WifiStateMachine(  858): Start Dhcp Watchdog 1
D/ConnectivityService(  858): updateNetworkScore for NetworkAgentInfo [WIFI () - 100] to 60
D/BrcmNfcJni( 3019): RoutingManager::initialize(): try ee register
D/BrcmNfcJni( 3019): RoutingManager::nfaEeCallback: NFA_EE_REGISTER_EVT; status=0
D/BrcmNfcJni( 3019): nfaEeCallback: NFA_EE_DISCOVER_REQ_EVT; status=0x0; num ee=0
D/BrcmNfcJni( 3019): RoutingManager::stackCallback: event=0x15
D/BrcmNfcJni( 3019): RoutingManager::stackCallback: NFA_CE_REGISTERED_EVT; status=0x0; h=0x301
I/art     (  858): Explicit concurrent mark sweep GC freed 21852(1445KB) AllocSpace objects, 17(4MB) LOS objects, 33% free, 25MB/38MB, paused 2.730ms total 106.131ms
I/GCoreNlp( 3402): !shouldConfirmNlp, ensuring user opted into NLP
D/NdefPushServer( 3019): start, thread = null
D/NdefPushServer( 3019): starting new server thread
D/NdefPushServer( 3019): about create LLCP service socket
D/NdefPushServer( 3019): created LLCP service socket
D/NdefPushServer( 3019): about to accept
I/Icing   ( 3181): Storage manager: low false usage 2.40MB avail 7.87GB capacity 22.79GB
I/ActivityManager(  858): Start proc com.google.process.location for broadcast com.google.android.gms/com.google.android.location.reporting.service.ExternalChangeReceiver: pid=3455 uid=10018 gids={50018, 9997, 2001, 3003, 1007, 3006, 3002, 3001, 1028, 1023, 1015, 1005, 3007} abi=armeabi-v7a
I/art     (  279): Explicit concurrent mark sweep GC freed 707(30KB) AllocSpace objects, 0(0B) LOS objects, 40% free, 15MB/25MB, paused 160us total 9.501ms
W/Icing   ( 3181): Received bad json for section weights override -- ignoring.
W/Icing   ( 3181): Received bad json for corpus scoring config -- ignoring.
W/Icing   ( 3181): Received bad json for corpus context scoring override -- ignoring.
I/art     (  279): Explicit concurrent mark sweep GC freed 7(240B) AllocSpace objects, 0(0B) LOS objects, 39% free, 15MB/25MB, paused 161us total 8.651ms
E/native  (  858): do suspend false
I/art     (  279): Explicit concurrent mark sweep GC freed 5(160B) AllocSpace objects, 0(0B) LOS objects, 39% free, 15MB/25MB, paused 161us total 8.097ms
E/WifiStateMachine(  858): scanCount==0 - aborting
D/BrcmNfcJni( 3019): RoutingManager::nfaEeCallback: NFA_EE_SET_TECH_CFG_EVT; status=0x0
D/BrcmNfcJni( 3019): RoutingManager::nfaEeCallback: NFA_EE_SET_PROTO_CFG_EVT; status=0x0
D/BrcmNfcJni( 3019): RoutingManager::commitRouting
D/BrcmNfcJni( 3019): RoutingManager::nfaEeCallback: NFA_EE_UPDATED_EVT
I/Adreno-EGL( 2787): <qeglDrvAPI_eglInitialize:410>: QUALCOMM Build: 10/24/14, 167c270, I68fa98814b
I/OpenGLRenderer( 2787): Initialized EGL, version 1.4
I/ContactLabelSupplier( 3215): get() : OptedIn = true
I/ContactLabelSupplier( 3215): get() : Looking up 20 labels
D/OpenGLRenderer( 2787): Enabling debug mode 0
W/ResourcesManager( 3455): Asset path '/system/framework/com.android.media.remotedisplay.jar' does not exist or contains no resources.
W/ResourcesManager( 3455): Asset path '/system/framework/com.android.location.provider.jar' does not exist or contains no resources.
D/WifiService(  858): New client listening to asynchronous messages
I/MultiDex( 3455): VM with version 2.1.0 has multidex support
I/MultiDex( 3455): install
I/MultiDex( 3455): VM has multidex support, MultiDex support library is disabled.
D/WifiService(  858): New client listening to asynchronous messages
I/ProviderInstaller( 3455): Insert disabled by gate 'gms:security:enable_conscrypt_in_gms_application'
I/GoogleHttpClient( 3455): Falling back to old SSLCertificateSocketFactory
W/GAV2    ( 3215): Thread[main,5,main]: Need to call initialize() and be in fallback mode to start dispatch.
I/AssetJarManager( 3215): Local jar is older than the asset. Overriding local file.
I/Velour.JarSignatureChecker( 3215): Verifying JAR /data/data/com.google.android.googlequicksearchbox/app_jar_tmp/gallery-2096440595.jar...
V/BackupManagerService(  858): Connected to transport ComponentInfo{com.google.android.gms/com.google.android.gms.backup.BackupTransportService}
V/BackupManagerService(  858): Registering transport com.google.android.gms/.backup.BackupTransportService::com.google.android.gms/.backup.BackupTransportService = com.android.internal.backup.IBackupTransport$Stub$Proxy@30b09547
I/Velour.JarSignatureChecker( 3215): Verified JAR /data/data/com.google.android.googlequicksearchbox/app_jar_tmp/gallery-2096440595.jar
E/cutils-trace( 3496): Error opening trace file: No such file or directory (2)
I/dex2oat ( 3496): /system/bin/dex2oat --runtime-arg -classpath --runtime-arg  --instruction-set=arm --instruction-set-features=div --runtime-arg -Xrelocate --boot-image=/system/framework/boot.art --dex-file=/data/data/com.google.android.googlequicksearchbox/cache/extradex_jars/gallery-4.jar --oat-fd=27 --oat-location=/data/data/com.google.android.googlequicksearchbox/cache/extradex_jars/gallery-4.dex --runtime-arg -Xms64m --runtime-arg -Xmx512m
I/GCoreNlp( 3455): !shouldConfirmNlp, ensuring user opted into NLP
I/dhcpcd  ( 3499): version 5.5.6 starting
E/dhcpcd  ( 3499): get_duid: Read-only file system
I/dhcpcd  ( 3499): wlan0: rebinding lease of 192.168.1.20
I/dhcpcd  ( 3499): wlan0: acknowledged 192.168.1.20 from 192.168.1.1
I/dex2oat ( 3496): dex2oat took 160.500ms (threads: 4)
I/SystemServiceManager(  858): Starting phase 1000
D/GeofencerStateMachine( 3455): Creating GeofencerStateMachine
W/KeyguardServiceDelegate(  858): onScreenTurnedOn(): no keyguard service!
D/WifiService(  858): New client listening to asynchronous messages
I/dhcpcd  ( 3499): wlan0: leased 192.168.1.20 for 86400 seconds
W/GeofencerStateMachine( 3455): Received SM_HARDWARE_GEOFENCE_CHANGED_CMD in NotInitializedState
I/ContactLabelSupplier( 3215): get() : Lookup time = 488 ms
I/Choreographer( 2787): Skipped 45 frames!  The application may be doing too much work on its main thread.
D/OpenGLRenderer( 2787): setting property extraRasterBucket to 0.95
D/OpenGLRenderer( 2787):     failed
D/OpenGLRenderer( 2787): setting property extraRasterBucket to 0.0
D/OpenGLRenderer( 2787):     failed
D/VoldCmdListener(  236): cryptfs getpw
D/VoldCmdListener(  236): cryptfs clearpw
D/ConnectivityService(  858): NetworkAgentInfo [WIFI () - 100] EVENT_NETWORK_INFO_CHANGED, going from CONNECTING to CONNECTED
D/ConnectivityService(  858): Adding iface wlan0 to network 100
E/WifiStateMachine(  858): Did not find remoteAddress {192.168.1.1} in /proc/net/arp
D/PhoneStatusBar( 2787): disable: < expand icons alerts system_info back HOME* RECENT* clock SEARCH* >
E/ConnectivityService(  858): Unexpected mtu value: 0, wlan0
D/ConnectivityService(  858): Adding Route [fe80::/64 -> :: wlan0] to network 100
D/ConnectivityService(  858): Adding Route [192.168.1.0/24 -> 0.0.0.0 wlan0] to network 100
D/ConnectivityService(  858): Adding Route [0.0.0.0/0 -> 192.168.1.1 wlan0] to network 100
D/ConnectivityService(  858): Setting Dns servers for network 100 to [/192.168.1.1]
D/Nat464Xlat(  858): requiresClat: netType=1, connected=true, hasIPv4Address=true
D/ConnectivityService(  858): notifyType IP_CHANGED for NetworkAgentInfo [WIFI () - 100]
D/ConnectivityService(  858): notifyType PRECHECK for NetworkAgentInfo [WIFI () - 100]
D/ConnectivityService(  858): rematching NetworkAgentInfo [WIFI () - 100]
D/NetworkMonitorNetworkAgentInfo [WIFI () - null](  858): DefaultState{ when=-1ms what=532481 target=com.android.internal.util.StateMachine$SmHandler }
D/NetworkMonitorNetworkAgentInfo [WIFI () - null](  858): Connected
D/NetworkMonitorNetworkAgentInfo [WIFI () - null](  858): EvaluatingState{ when=0 what=532486 arg1=1 target=com.android.internal.util.StateMachine$SmHandler }
D/ConnectivityService(  858):    accepting network in place of null
D/ConnectivityService(  858): Setting tx/rx TCP buffers to 524288,1048576,2097152,262144,524288,1048576
D/NetworkMonitorNetworkAgentInfo [WIFI () - null](  858): Checking http://clients3.google.com/generate_204 on "ASUS"
D/CSLegacyTypeTracker(  858): Sending connected broadcast for type 1 NetworkAgentInfo [WIFI () - 100] isDefaultNetwork=true
D/PhoneStatusBar( 2787): disable: < expand ICONS* alerts SYSTEM_INFO* back HOME RECENT clock SEARCH >
D/ConnectivityService(  858): sendStickyBroadcast: action=android.net.conn.CONNECTIVITY_CHANGE_IMMEDIATE
D/ConnectivityService(  858): Switching to new default network: NetworkAgentInfo{ ni{[type: WIFI[], state: CONNECTED/CONNECTED, reason: (unspecified), extra: "ASUS", roaming: false, failover: false, isAvailable: true, isConnectedToProvisioningNetwork: false]}  network{100}  lp{{InterfaceName: wlan0 LinkAddresses: [192.168.1.20/24,]  Routes: [fe80::/64 -> :: wlan0,192.168.1.0/24 -> 0.0.0.0 wlan0,0.0.0.0/0 -> 192.168.1.1 wlan0,] DnsAddresses: [192.168.1.1,] Domains: null MTU: 0 TcpBufferSizes: 524288,1048576,2097152,262144,524288,1048576}}  nc{[ Transports: WIFI Capabilities: INTERNET&NOT_RESTRICTED&TRUSTED&NOT_VPN LinkUpBandwidth>=1048576Kbps LinkDnBandwidth>=1048576Kbps]}  Score{20} validated{false} created{true} explicitlySelected{false} }
D/BluetoothAdapter( 2787): 623286732: getState() :  mService = null. Returning STATE_OFF
D/BluetoothAdapter( 2787): 623286732: getState() :  mService = null. Returning STATE_OFF
D/ConnectivityService(  858): notifyType AVAILABLE for NetworkAgentInfo [WIFI () - 100]
D/ConnectivityManager.CallbackHandler( 2787): CM callback handler got msg 524290
D/BluetoothAdapter( 2787): 623286732: getState() :  mService = null. Returning STATE_OFF
D/BluetoothAdapter( 2787): 623286732: getState() :  mService = null. Returning STATE_OFF
I/ActivityManager(  858): Start proc com.google.android.gms.wearable for service com.google.android.gms/.wearable.service.WearableService: pid=3549 uid=10018 gids={50018, 9997, 2001, 3003, 1007, 3006, 3002, 3001, 1028, 1023, 1015, 1005, 3007} abi=armeabi-v7a
D/PhoneStatusBar( 2787): disable: < expand ICONS alerts SYSTEM_INFO back HOME RECENT clock SEARCH >
I/VS.Container( 3215): create_speech_recognizer
W/ResourcesManager( 3549): Asset path '/system/framework/com.android.media.remotedisplay.jar' does not exist or contains no resources.
W/ResourcesManager( 3549): Asset path '/system/framework/com.android.location.provider.jar' does not exist or contains no resources.
E/cutils-trace( 3573): Error opening trace file: No such file or directory (2)
I/dex2oat ( 3573): /system/bin/dex2oat --runtime-arg -classpath --runtime-arg  --instruction-set=arm --instruction-set-features=div --runtime-arg -Xrelocate --boot-image=/system/framework/boot.art --dex-file=/data/data/com.google.android.gms/cache/ads-2096440595.jar --oat-fd=40 --oat-location=/data/data/com.google.android.gms/cache/ads-2096440595.dex --runtime-arg -Xms64m --runtime-arg -Xmx512m
I/MultiDex( 3549): VM with version 2.1.0 has multidex support
I/MultiDex( 3549): install
I/MultiDex( 3549): VM has multidex support, MultiDex support library is disabled.
I/ProviderInstaller( 3549): Insert disabled by gate 'gms:security:enable_conscrypt_in_gms_application'
D/NetworkMonitorNetworkAgentInfo [WIFI () - null](  858): isCaptivePortal: ret=204 headers={null=[HTTP/1.1 204 No Content], Content-Length=[0], Content-Type=[text/html; charset=UTF-8], Date=[Tue, 23 Dec 2014 06:15:14 GMT], Server=[GFE/2.0], X-Android-Received-Millis=[1419315314306], X-Android-Response-Source=[NETWORK 204], X-Android-Sent-Millis=[1419315314241]}
D/NetworkMonitorNetworkAgentInfo [WIFI () - null](  858): Validated
D/ConnectivityService(  858): Validated NetworkAgentInfo [WIFI () - 100]
D/ConnectivityService(  858): rematching NetworkAgentInfo [WIFI () - 100]
D/ConnectivityService(  858): Network NetworkAgentInfo [WIFI () - 100] was already satisfying request 1. No change.
D/ConnectivityService(  858): notifyType AVAILABLE for NetworkAgentInfo [WIFI () - 100]
D/ConnectivityService(  858): sendStickyBroadcast: action=android.net.conn.INET_CONDITION_ACTION
D/ConnectivityManager.CallbackHandler( 2787): CM callback handler got msg 524290
I/dex2oat ( 3573): dex2oat took 37.015ms (threads: 4)
I/MicrophoneInputStream( 3215): mic_starting gfk@103ca468
I/AudioFlinger(  248): AudioFlinger's thread 0xb434c000 ready to run
I/MicrophoneInputStream( 3215): mic_started gfk@103ca468
I/MicrophoneInputStream( 3215): mic_close gfk@103ca468
I/HotwordRecognitionRnr( 3215): Starting hotword detection.
I/HotwordRecognitionRnr( 3215): Hotword detection finished
I/HotwordRecognitionRnr( 3215): Stopping hotword detection.
I/Places  ( 3455): ay.<init>:165: Creating ReverseGeocodingPlaceInferenceModule
I/Places  ( 3455): ay.<init>:165: Creating WifiDecisionTreePlaceInferenceModule
D/Nat464Xlat(  858): requiresClat: netType=1, connected=true, hasIPv4Address=true
D/ConnectivityService(  858): notifyType IP_CHANGED for NetworkAgentInfo [WIFI () - 100]
D/ConnectivityManager.CallbackHandler( 2787): CM callback handler got msg 524295
E/SQLiteLog( 3549): (284) automatic index on assetrefs(dataitems_id)
I/art     (  858): Explicit concurrent mark sweep GC freed 17009(1021KB) AllocSpace objects, 7(2MB) LOS objects, 33% free, 25MB/38MB, paused 1.114ms total 64.040ms
W/ResourcesManager( 3094): Asset path '/system/framework/com.google.android.media.effects.jar' does not exist or contains no resources.
D/BluetoothManagerService(  858): Message: 20
D/BluetoothManagerService(  858): Added callback: android.bluetooth.IBluetoothManagerCallback$Stub$Proxy@2ce3b532:true
I/Icing   ( 3181): updateResources: need to parse e{com.google.android.apps.messaging}
I/GCoreUlr( 3455): Starting service, intent=Intent { act=com.google.android.location.reporting.ACTION_UPDATE_WORLD cmp=com.google.android.gms/com.google.android.location.reporting.service.DispatchingService (has extras) }, extras=Bundle[{receiverAction=android.location.PROVIDERS_CHANGED}]
V/BackupManagerService(  858): Scheduling immediate backup pass
I/ActivityManager(  858): Start proc com.android.settings for broadcast com.android.settings/.widget.SettingsAppWidgetProvider: pid=3616 uid=1000 gids={41000, 9997, 1028, 1015, 1023, 3002, 3001, 3003} abi=armeabi-v7a
V/BackupManagerService(  858): Running a backup pass
V/BackupManagerService(  858): clearing pending backups
V/GeofencerHelper( 3455): Initializing geofence's system cache.
V/PerformBackupTask(  858): Beginning backup of 14 targets
I/PerformBackupTask(  858): Initializing (wiping) backup state and transport storage
D/BackupManagerService(  858): Now staging backup of com.android.providers.settings
D/BackupManagerService(  858): Now staging backup of android
D/BackupManagerService(  858): Now staging backup of com.android.nfc
W/GCoreFlp( 3455): No location to return for getLastLocation()
D/BackupManagerService(  858): Now staging backup of com.android.providers.userdictionary
D/BackupManagerService(  858): Now staging backup of com.android.dialer
D/BackupManagerService(  858): Now staging backup of com.android.sharedstoragebackup
D/BackupManagerService(  858): Now staging backup of com.android.vending
D/BackupManagerService(  858): Now staging backup of com.google.android.googlequicksearchbox
D/BackupManagerService(  858): Now staging backup of com.google.android.marvin.talkback
D/BackupManagerService(  858): Now staging backup of com.google.android.calendar
D/BackupManagerService(  858): Now staging backup of com.google.android.gm
D/BackupManagerService(  858): Now staging backup of com.google.android.talk
D/BackupManagerService(  858): Now staging backup of com.google.android.inputmethod.latin
D/BackupManagerService(  858): Now staging backup of com.google.android.apps.genie.geniewidget
D/GeofenceStateCache( 3455): Recovered 0 geofences.
I/GeofencerStateMachine( 3455): Network location disabled.
W/GeofencerStateMachine( 3455): Ignoring removeGeofence because network location is disabled.
W/GeofencerStateMachine( 3455): Ignoring removeGeofence because network location is disabled.
I/GCoreUlr( 3455): DispatchingService.onCreate()
W/HandlerScheduledExecuto( 3215): Task does not implement UiTask. Consider using NamedUiRunnable for fjp@1ee50347
D/PerformBackupTask(  858): invokeAgentForBackup on @pm@
I/PMBA    (  858): Previous metadata null mismatch vs eng.william.20141222.005137 - rewriting
D/WifiService(  858): New client listening to asynchronous messages
I/BackupRestoreController(  858): Getting widget state for user: 0
I/Icing   ( 3181): updateResources: need to parse e{com.google.android.gms}
D/BluetoothManagerService(  858): Message: 20
D/BluetoothManagerService(  858): Added callback: android.bluetooth.IBluetoothManagerCallback$Stub$Proxy@2a86245c:true
D/BluetoothAdapter( 3616): 929599450: getState() :  mService = null. Returning STATE_OFF
D/BluetoothManagerService(  858): Message: 30
D/BluetoothManagerService(  858): Message: 30
D/LocalBluetoothProfileManager( 3616): Adding local MAP profile
W/HandlerScheduledExecuto( 3215): Task does not implement UiTask. Consider using NamedUiRunnable for fjp@1ee50347
D/BluetoothMap( 3616): Create BluetoothMap proxy object
D/BluetoothManagerService(  858): Message: 30
I/GmsBackupTransport( 3455): Next backup will happen in 86399987 millis.
D/BluetoothManagerService(  858): Message: 30
D/LocalBluetoothProfileManager( 3616): LocalBluetoothProfileManager construction complete
D/BluetoothAdapter( 3616): 929599450: getState() :  mService = null. Returning STATE_OFF
D/BluetoothAdapter( 3616): 929599450: getState() :  mService = null. Returning STATE_OFF
I/BackupManagerService(  858): Backup pass finished.
E/copresGcore( 3455): Couldn't load settings: /data/data/com.google.android.gms/files/copresence_settings: open failed: ENOENT (No such file or directory)
I/GCoreUlr( 3455): WorldUpdater received intent Intent { act=com.google.android.location.reporting.ACTION_UPDATE_WORLD cmp=com.google.android.gms/com.google.android.location.reporting.service.DispatchingService (has extras) } with receiverAction android.location.PROVIDERS_CHANGED
I/Icing   ( 3181): updateResources: need to parse e{com.google.android.music}
I/iu.Environment( 3181): update battery state; isPlugged? false
I/Icing   ( 3181): updateResources: need to parse e{com.android.chrome}
D/NetworkLogImpl( 3181): Loaded NetworkSpeedPredictor
I/iu.Environment( 3181): update connectivity state; isNetworkMetered? false, isRoaming? false, isBackgroundDataAllowed? true*
I/iu.Environment( 3181): update battery state; isPlugged? false
I/art     ( 3455): Explicit concurrent mark sweep GC freed 26285(2MB) AllocSpace objects, 19(304KB) LOS objects, 40% free, 18MB/31MB, paused 1.097ms total 111.737ms
E/SQLiteLog( 3248): (283) recovered 59 frames from WAL file /data/data/com.google.android.gms/databases/playlog.db-wal
D/GCoreFlp( 3455): Unknown pending intent to remove.
I/GCoreUlr( 3455): Starting service, intent=Intent { act=com.google.android.location.reporting.ACTION_UPDATE_WORLD cmp=com.google.android.gms/com.google.android.location.reporting.service.DispatchingService (has extras) }, extras=Bundle[{receiverAction=android.intent.action.ACTION_POWER_DISCONNECTED}]
I/ActivityManager(  858): Start proc com.android.chrome for broadcast com.android.chrome/com.google.android.apps.chrome.precache.PrecacheServiceLauncher: pid=3663 uid=10031 gids={50031, 9997, 3003, 1028, 1015, 1023} abi=armeabi-v7a
I/Icing   ( 3181): Internal init done: storage state 0
W/Icing   ( 3181): Received bad json for section weights override -- ignoring.
W/Icing   ( 3181): Received bad json for corpus scoring config -- ignoring.
W/Icing   ( 3181): Received bad json for corpus context scoring override -- ignoring.
I/art     ( 3663): Starting profiler using output file: /data/dalvik-cache/profiles/com.android.chrome and options: enabled=1, period_s=10, duration_s=20, interval_us=500, backoff_coefficient=2, start_immediately=0, top_k_threshold=90, top_k_change_threshold=10, profile_type=0, max_stack_depth=3
I/GCoreUlr( 3455): Received powerMode change from NLP: com.google.android.location.activity.LOW_POWER_MODE_DISABLED
I/GCoreUlr( 3455): Starting service, intent=Intent { act=com.google.android.location.reporting.ACTION_UPDATE_ACTIVE_STATE cmp=com.google.android.gms/com.google.android.location.reporting.service.DispatchingService }, extras=null
W/Icing   ( 3181): GSAI from package com.google.android.googlequicksearchbox is stale.
W/Icing   ( 3181): GSAI from package com.google.android.googlequicksearchbox is stale.
W/Icing   ( 3181): GSAI from package com.google.android.googlequicksearchbox is stale.
W/Icing   ( 3181): GSAI from package com.google.android.googlequicksearchbox is stale.
W/Icing   ( 3181): GSAI from package com.google.android.googlequicksearchbox is stale.
W/Settings( 3455): Setting airplane_mode_on has moved from android.provider.Settings.System to android.provider.Settings.Global, returning read-only value.
W/HandlerScheduledExecuto( 3215): Task does not implement UiTask. Consider using NamedUiRunnable for Consumers.consumeAsync
I/Icing   ( 3181): Post-init done
I/art     ( 3248): Explicit concurrent mark sweep GC freed 14048(1074KB) AllocSpace objects, 0(0B) LOS objects, 39% free, 17MB/29MB, paused 925us total 45.747ms
I/ActivityManager(  858): Start proc com.google.android.apps.plus for broadcast com.google.android.apps.plus/com.google.android.libraries.social.autobackup.AutoBackupEnvironment$BatteryReceiver: pid=3702 uid=10053 gids={50053, 9997, 3003, 3002, 1028, 1015, 1023} abi=armeabi-v7a
I/GCoreUlr( 3455): No GCM registration ID
I/art     ( 3702): Starting profiler using output file: /data/dalvik-cache/profiles/com.google.android.apps.plus and options: enabled=1, period_s=10, duration_s=20, interval_us=500, backoff_coefficient=2, start_immediately=0, top_k_threshold=90, top_k_change_threshold=10, profile_type=0, max_stack_depth=3
W/ResourcesManager( 3702): Asset path '/system/framework/com.google.android.maps.jar' does not exist or contains no resources.
I/GCoreUlr( 3455): Ensuring that reporting is active for [account#-1#]
I/GCoreUlr( 3455): Starting service, intent=Intent { act=com.google.android.location.reporting.ACTION_LOCATION_STATUS cmp=com.google.android.gms/com.google.android.location.reporting.service.DispatchingService (has extras) }, extras=Bundle[{status=LocationStatus[cell status: STATUS_LOCATION_DISABLED_IN_SETTINGS, wifi status: STATUS_LOCATION_DISABLED_IN_SETTINGS, elapsed realtime ns: 312918078216]}]
I/GCoreUlr( 3455): GMS FLP location and AR updates requested: {"sampleReason":"default","description":"default","timestampMs":1419315315166,"samplePeriodMs":60000,"sampleSource":"internal"}
I/GCoreUlr( 3455): WorldUpdater received intent Intent { act=com.google.android.location.reporting.ACTION_UPDATE_WORLD cmp=com.google.android.gms/com.google.android.location.reporting.service.DispatchingService (has extras) } with receiverAction android.intent.action.ACTION_POWER_DISCONNECTED
I/GCoreUlr( 3455): No GCM registration ID
I/GCoreUlr( 3455): Ensuring that reporting is active for [account#-1#]
I/GCoreUlr( 3455): Starting service, intent=Intent { act=com.google.android.location.reporting.ACTION_LOCATION_STATUS cmp=com.google.android.gms/com.google.android.location.reporting.service.DispatchingService (has extras) }, extras=Bundle[{status=LocationStatus[cell status: STATUS_LOCATION_DISABLED_IN_SETTINGS, wifi status: STATUS_LOCATION_DISABLED_IN_SETTINGS, elapsed realtime ns: 312918078216]}]
I/art     (  858): Explicit concurrent mark sweep GC freed 19259(1525KB) AllocSpace objects, 13(748KB) LOS objects, 33% free, 25MB/38MB, paused 804us total 46.506ms
I/GCoreUlr( 3455): Ensuring that reporting is active for [account#-1#]
I/GCoreUlr( 3455): Starting service, intent=Intent { act=com.google.android.location.reporting.ACTION_LOCATION_STATUS cmp=com.google.android.gms/com.google.android.location.reporting.service.DispatchingService (has extras) }, extras=Bundle[{status=LocationStatus[cell status: STATUS_LOCATION_DISABLED_IN_SETTINGS, wifi status: STATUS_LOCATION_DISABLED_IN_SETTINGS, elapsed realtime ns: 312918078216]}]
D/BluetoothAdapter( 3616): 929599450: getState() :  mService = null. Returning STATE_OFF
I/ActivityManager(  858): Start proc com.google.android.keep for broadcast com.google.android.keep/.notification.AlertReceiver: pid=3736 uid=10056 gids={50056, 9997, 3003, 1028, 1015, 1023} abi=armeabi-v7a
I/art     ( 3736): Starting profiler using output file: /data/dalvik-cache/profiles/com.google.android.keep and options: enabled=1, period_s=10, duration_s=20, interval_us=500, backoff_coefficient=2, start_immediately=0, top_k_threshold=90, top_k_change_threshold=10, profile_type=0, max_stack_depth=3
I/GLSActivity( 3248): [ad] getting account id
I/GoogleHttpClient( 3248): Falling back to old SSLCertificateSocketFactory
I/GLSUser ( 3248): [ ChannelManager ] Attempting to channel bind connection HttpClient.
I/GLSUser ( 3248): [ ChannelManager ] Skip channel binding on pre-KLP devices.
I/GLSUser ( 3248): [p] Fetched account id for patenaomi99@gmail.com : 110443851055186325733
W/HandlerScheduledExecuto( 3215): Task does not implement UiTask. Consider using NamedUiRunnable for Consumers.consumeAsync
W/HandlerScheduledExecuto( 3215): Task does not implement UiTask. Consider using NamedUiRunnable for Consumers.consumeAsync
W/HandlerScheduledExecuto( 3215): Task does not implement UiTask. Consider using NamedUiRunnable for Consumers.consumeAsync
W/HandlerScheduledExecuto( 3215): Task does not implement UiTask. Consider using NamedUiRunnable for Consumers.consumeAsync
I/art     ( 3248): Explicit concurrent mark sweep GC freed 8625(543KB) AllocSpace objects, 0(0B) LOS objects, 39% free, 17MB/29MB, paused 555us total 14.082ms
W/SQLiteConnectionPool( 3248): A SQLiteConnection object for database '/data/data/com.google.android.gsf/databases/gservices.db' was leaked!  Please fix your application to end transactions in progress properly and to close the database when it is no longer needed.
D/BluetoothAdapter( 3616): 929599450: getState() :  mService = null. Returning STATE_OFF
D/BluetoothAdapter( 3616): 929599450: getState() :  mService = null. Returning STATE_OFF
E/WifiStateMachine(  858): WifiStateMachine CMD_START_SCAN source -2 txSuccessRate=0.00 rxSuccessRate=0.00 targetRoamBSSID=08:60:6e:cb:d8:98 RSSI=-50
I/wpa_supplicant( 2738): wlan0: CTRL-EVENT-SCAN-STARTED 
I/ActivityManager(  858): Start proc com.google.android.apps.walletnfcrel for broadcast com.google.android.apps.walletnfcrel/com.google.android.apps.wallet.nfc.NfcAdapterStateReceiver: pid=3776 uid=10024 gids={50024, 9997, 3003, 1028, 1023, 1015} abi=armeabi-v7a
I/art     ( 3776): Starting profiler using output file: /data/dalvik-cache/profiles/com.google.android.apps.walletnfcrel and options: enabled=1, period_s=10, duration_s=20, interval_us=500, backoff_coefficient=2, start_immediately=0, top_k_threshold=90, top_k_change_threshold=10, profile_type=0, max_stack_depth=3
D/GCM     ( 3248): COMPAT: Multi user ser=0 current=0
D/LocationInitializer( 3181): Restart initialization of location
I/GoogleHttpClient( 3248): Falling back to old SSLCertificateSocketFactory
I/GCM     ( 3248): GCM config loaded
D/GCM     ( 3248): GcmService start Intent { act=com.google.android.gms.INITIALIZE flg=0x10 pkg=com.google.android.gms cmp=com.google.android.gms/.gcm.GcmService } com.google.android.gms.INITIALIZE
D/AuthorizationBluetoothService( 3248): Received GmsCore event: Intent { act=com.google.android.gms.INITIALIZE flg=0x10 pkg=com.google.android.gms cmp=com.google.android.gms/.auth.be.proximity.authorization.bt.AuthorizationBluetoothService$AutoStarter }.
D/c       ( 3248): Getting all permits...
D/a       ( 3248): Opening database...
D/a       ( 3248): Opening database auth.proximity.permit_store...
D/a       ( 3248): Closing database...
D/GCM     ( 3248): GcmService start Intent { act=com.google.android.gms.INITIALIZE flg=0x10 pkg=com.google.android.gms cmp=com.google.android.gms/.gcm.GcmService } com.google.android.gms.INITIALIZE
D/AuthorizationBluetoothService( 3248): Received GmsCore event: Intent { act=com.google.android.gms.INITIALIZE flg=0x10 pkg=com.google.android.gms cmp=com.google.android.gms/.auth.be.proximity.authorization.bt.AuthorizationBluetoothService$AutoStarter }.
D/LocationInitializer( 3181): Restart initialization of location
D/c       ( 3248): Getting all permits...
D/a       ( 3248): Opening database...
D/a       ( 3248): Opening database auth.proximity.permit_store...
D/a       ( 3248): Closing database...
D/GCM     ( 3248): GcmService start Intent { act=com.google.android.gms.INITIALIZE flg=0x10 pkg=com.google.android.gms cmp=com.google.android.gms/.gcm.GcmService } com.google.android.gms.INITIALIZE
D/AuthorizationBluetoothService( 3248): Received GmsCore event: Intent { act=com.google.android.gms.INITIALIZE flg=0x10 pkg=com.google.android.gms cmp=com.google.android.gms/.auth.be.proximity.authorization.bt.AuthorizationBluetoothService$AutoStarter }.
D/LocationInitializer( 3181): Restart initialization of location
D/c       ( 3248): Getting all permits...
D/a       ( 3248): Opening database...
D/a       ( 3248): Opening database auth.proximity.permit_store...
D/a       ( 3248): Closing database...
D/GCM     ( 3248): GcmService start Intent { act=com.google.android.gms.INITIALIZE flg=0x10 pkg=com.google.android.gms cmp=com.google.android.gms/.gcm.GcmService } com.google.android.gms.INITIALIZE
D/AuthorizationBluetoothService( 3248): Received GmsCore event: Intent { act=com.google.android.gms.INITIALIZE flg=0x10 pkg=com.google.android.gms cmp=com.google.android.gms/.auth.be.proximity.authorization.bt.AuthorizationBluetoothService$AutoStarter }.
D/LocationInitializer( 3181): Restart initialization of location
D/c       ( 3248): Getting all permits...
D/a       ( 3248): Opening database...
D/a       ( 3248): Opening database auth.proximity.permit_store...
D/a       ( 3248): Closing database...
I/RecoverySystem(  858): Deleted: /cache/recovery/log
I/RecoverySystem(  858): Deleted: /cache/recovery/intent
I/BootReceiver(  858): Copying /proc/last_kmsg to DropBox (SYSTEM_LAST_KMSG)
E/SharedPreferencesImpl(  858): Couldn't create directory for SharedPreferences file shared_prefs/log_files.xml
I/BootReceiver(  858): Copying audit failures to DropBox
E/SharedPreferencesImpl(  858): Couldn't create directory for SharedPreferences file shared_prefs/log_files.xml
I/BootReceiver(  858): Copied 421 worth of audits to DropBox
I/BootReceiver(  858): Checking for fsck errors
I/BootReceiver(  858): Copying /data/tombstones/tombstone_00 to DropBox (SYSTEM_TOMBSTONE)
E/SharedPreferencesImpl(  858): Couldn't create directory for SharedPreferences file shared_prefs/log_files.xml
I/ActivityManager(  858): Start proc com.android.keychain for service com.android.keychain/.KeyChainService: pid=3826 uid=1000 gids={41000, 9997, 1028, 1015, 1023, 3002, 3001, 3003} abi=armeabi-v7a
I/Fitness ( 3455): create fitness syncAdapterService
I/Fitness ( 3455): bind fitness syncAdapterService
I/ActivityManager(  858): Start proc com.android.deskclock for broadcast com.android.deskclock/.AlarmInitReceiver: pid=3842 uid=10029 gids={50029, 9997, 1028, 1023, 3003} abi=armeabi-v7a
I/art     ( 3842): Starting profiler using output file: /data/dalvik-cache/profiles/com.android.deskclock and options: enabled=1, period_s=10, duration_s=20, interval_us=500, backoff_coefficient=2, start_immediately=0, top_k_threshold=90, top_k_change_threshold=10, profile_type=0, max_stack_depth=3
W/DriveInitializer( 3181): Background init thread started
V/AlarmClock( 3842): AlarmInitReceiver android.intent.action.BOOT_COMPLETED
W/DriveInitializer( 3181): Background init thread ended
V/AlarmClock( 3842): AlarmInitReceiver - Reset timers and clear stopwatch data
V/AlarmClock( 3842): Setting silent state to instance 1
V/AlarmClock( 3842): *** notifyChange() id: 1 url content://com.android.deskclock/instances/1
V/AlarmClock( 3842): Clearing notifications for alarm instance: 1
V/AlarmClock( 3842): Scheduling state change 1 to instance 1 at Tue 5:30 AM (1419341400000)
V/AlarmClock( 3842): AlarmInitReceiver finished
I/ActivityManager(  858): Start proc com.android.dialer for broadcast com.android.dialer/.calllog.CallLogReceiver: pid=3883 uid=10005 gids={50005, 9997, 3003, 1028, 1015, 1023} abi=armeabi-v7a
I/art     ( 3883): Starting profiler using output file: /data/dalvik-cache/profiles/com.android.dialer and options: enabled=1, period_s=10, duration_s=20, interval_us=500, backoff_coefficient=2, start_immediately=0, top_k_threshold=90, top_k_change_threshold=10, profile_type=0, max_stack_depth=3
W/ActivityThread( 3248): ClassLoader.loadClass: The class loader returned by Thread.getContextClassLoader() may fail for processes that host multiple applications. You should explicitly specify a context class loader. For example: Thread.setContextClassLoader(getClass().getClassLoader());
I/art     (  858): Explicit concurrent mark sweep GC freed 21661(1690KB) AllocSpace objects, 38(3MB) LOS objects, 33% free, 25MB/38MB, paused 812us total 78.385ms
D/ConnectivityService(  858): Got NetworkFactory Messenger for Telephony
D/TelephonyProvider( 3050): dbh.onOpen: ok, queried table=siminfo
D/TelephonyProvider( 3050): dbh.onOpen: ok, queried table=carriers
I/ActivityManager(  858): Start proc com.android.smspush for service com.android.smspush/.WapPushManager: pid=3915 uid=10041 gids={50041, 9997} abi=armeabi-v7a
D/ConnectivityService(  858): sendStickyBroadcast: action=android.net.conn.CONNECTIVITY_CHANGE
D/Tethering(  858): MasterInitialState.processMessage what=3
D/DcSwitchState( 3050): [DcSwitchState-0] DcSwitchState constructor E
D/DcSwitchState( 3050): [DcSwitchState-0] DcSwitchState constructor X
D/DctController( 3050): [DctController] DctController(phones): Connect success: 0
I/art     ( 3915): Starting profiler using output file: /data/dalvik-cache/profiles/com.android.smspush and options: enabled=1, period_s=10, duration_s=20, interval_us=500, backoff_coefficient=2, start_immediately=0, top_k_threshold=90, top_k_change_threshold=10, profile_type=0, max_stack_depth=3
E/GpsLocationProvider(  858): No APN found to select.
W/ResourcesManager( 3050): Asset path '/system/framework/com.google.android.media.effects.jar' does not exist or contains no resources.
D/GpsLocationProvider(  858): received SIM realted action: android.intent.action.SIM_STATE_CHANGED
D/GpsLocationProvider(  858): SIM MCC/MNC is still not available
D/BluetoothManagerService(  858): Message: 20
D/BluetoothManagerService(  858): Added callback: android.bluetooth.IBluetoothManagerCallback$Stub$Proxy@229cf591:true
D/BluetoothManagerService(  858): Message: 30
D/GCM     ( 3248): Connected
I/GCM     ( 3248): GCM message com.google.android.gsf.gtalkservice 
D/ConnectivityService(  858): Got NetworkFactory Messenger for WIFI
D/WIFI    (  858): got request NetworkRequest [ id=1, legacyType=-1, [ Capabilities: INTERNET&NOT_RESTRICTED&TRUSTED&NOT_VPN] ] with score 60
I/ViPER4Android( 3070): System booted.
D/GCM     ( 3248): Message class com.google.e.a.a.q
E/ViPER4Android_Utils( 3070): [Fatal] Can't load libV4AJniUtils.so
I/ViPER4Android( 3070): Jni library status = false
I/GCM     ( 3248): GCM message GSYNC_TICKLE 0:1419315285785573%e7a71353d5f5102e
I/CheckinService( 3181): Disabling old GoogleServicesFramework version
I/CheckinService( 3181): active receiver: disabled
I/ViPER4Android( 3070): Start viper4android audio service.
I/art     (  279): Explicit concurrent mark sweep GC freed 706(30KB) AllocSpace objects, 0(0B) LOS objects, 39% free, 15MB/25MB, paused 161us total 8.363ms
I/ActivityManager(  858): Start proc com.android.providers.calendar for broadcast com.android.providers.calendar/.CalendarReceiver: pid=3958 uid=10001 gids={50001, 9997, 3003, 1028, 1015, 1023} abi=armeabi-v7a
I/art     (  279): Explicit concurrent mark sweep GC freed 5(160B) AllocSpace objects, 0(0B) LOS objects, 39% free, 15MB/25MB, paused 156us total 8.188ms
I/ViPER4Android( 3070): Query ViPER4Android engine ...
I/art     (  279): Explicit concurrent mark sweep GC freed 5(160B) AllocSpace objects, 0(0B) LOS objects, 39% free, 15MB/25MB, paused 166us total 7.778ms
I/ViPER4Android( 3070): Found 13 effects
I/ViPER4Android( 3070): [1], Loudness Enhancer, The Android Open Source Project
I/ViPER4Android( 3070): [2], Noise Suppression, Qualcomm Fluence for Hammerhead
I/ViPER4Android( 3070): [3], Acoustic Echo Canceler, Qualcomm Fluence for Hammerhead
I/ViPER4Android( 3070): [4], Visualizer, The Android Open Source Project
I/ViPER4Android( 3070): [5], Insert Preset Reverb, NXP Software Ltd.
I/ViPER4Android( 3070): [6], Auxiliary Preset Reverb, NXP Software Ltd.
I/ViPER4Android( 3070): [7], Insert Environmental Reverb, NXP Software Ltd.
I/ViPER4Android( 3070): [8], Auxiliary Environmental Reverb, NXP Software Ltd.
I/ViPER4Android( 3070): [9], Equalizer, NXP Software Ltd.
I/ViPER4Android( 3070): [10], Virtualizer, NXP Software Ltd.
I/ViPER4Android( 3070): [11], Dynamic Bass Boost, NXP Software Ltd.
I/ViPER4Android( 3070): [12], Multichannel Downmix To Stereo, The Android Open Source Project
I/ViPER4Android( 3070): [13], Volume, NXP Software Ltd.
I/ViPER4Android( 3070): ViPER4Android engine not found
I/ViPER4Android( 3070): ViPER4Android engine not found, create empty service
I/ViPER4Android( 3070): Service::onStartCommand [Begin check driver]
E/ViPER4Android( 3070): Service::onStartCommand [V4A Engine not found]
W/ResourcesManager( 3958): Asset path '/system/framework/android.test.runner.jar' does not exist or contains no resources.
D/TelephonyNetworkFactory( 3050): got request NetworkRequest [ id=1, legacyType=-1, [ Capabilities: INTERNET&NOT_RESTRICTED&TRUSTED&NOT_VPN] ] with score 60
D/DctController( 3050): [DctController] EVENT_PHONE1_RADIO_OFF.
D/TelephonyDebugService( 3050): TelephonyDebugService()
D/WifiService(  858): New client listening to asynchronous messages
I/CalendarProvider2( 3958): Created com.android.providers.calendar.CalendarAlarmManager@27856afc(com.android.providers.calendar.CalendarProvider2@354f8585)
D/DctController( 3050): [DctController] DataStateReceiver: phoneId= 0
D/DctController( 3050): [DctController] DataStateReceiver: ignore invalid subId=-1
I/ActivityManager(  858): Start proc com.android.managedprovisioning for broadcast com.android.managedprovisioning/.BootReminder: pid=3998 uid=10008 gids={50008, 9997, 1028, 1023, 3003} abi=armeabi-v7a
D/GpsLocationProvider(  858): received SIM realted action: android.intent.action.SIM_STATE_CHANGED
D/GpsLocationProvider(  858): SIM MCC/MNC is still not available
I/art     ( 3998): Starting profiler using output file: /data/dalvik-cache/profiles/com.android.managedprovisioning and options: enabled=1, period_s=10, duration_s=20, interval_us=500, backoff_coefficient=2, start_immediately=0, top_k_threshold=90, top_k_change_threshold=10, profile_type=0, max_stack_depth=3
D/GpsLocationProvider(  858): received SIM realted action: android.intent.action.ACTION_SUBINFO_RECORD_UPDATED
D/DctController( 3050): [DctController] DataStateReceiver: phoneId= 0
D/DctController( 3050): [DctController] DataStateReceiver: ignore invalid subId=-1
D/GpsLocationProvider(  858): SIM MCC/MNC is still not available
I/MmsService( 3050): mReceiver action: android.intent.action.ACTION_SUBINFO_RECORD_UPDATED
I/Telephony( 3050): : SUBINFO_RECORD_UPDATED : 4.
I/MmsService( 3050): MmsConfigManager.loadInBackground(): mcc/mnc: 0/0
E/MmsService( 3050): MmsConfigManager.load -- empty getActiveSubInfoList
E/PhoneInterfaceManager( 3050): [PhoneIntfMgr] getIccId: ICC ID is null or empty.
D/AlarmManagerService(  858): Setting time of day to sec=1419315317
W/AlarmManagerService(  858): Unable to set rtc to 1419315317: Invalid argument
I/Telephony( 3050): PstnIncomingCallNotifier: Registering: Handler (com.android.internal.telephony.gsm.GSMPhone) {126c0bcb}
W/GCoreFlp( 3455): No location to return for getLastLocation()
I/ActivityManager(  858): Start proc com.android.vending for broadcast com.android.vending/com.google.android.finsky.receivers.BootCompletedReceiver: pid=4027 uid=10017 gids={50017, 9997, 3003, 1028, 1015, 1023} abi=armeabi-v7a
E/SQLiteLog( 2758): (283) recovered 93 frames from WAL file /data/data/com.android.providers.media/databases/internal.db-wal
I/art     ( 4027): Starting profiler using output file: /data/dalvik-cache/profiles/com.android.vending and options: enabled=1, period_s=10, duration_s=20, interval_us=500, backoff_coefficient=2, start_immediately=0, top_k_threshold=90, top_k_change_threshold=10, profile_type=0, max_stack_depth=3
D/Finsky  ( 4027): [1] FinskyApp.onCreate: Initializing network with DFE https://android.clients.google.com/fdfe/
W/MediaScanner( 2758): Error opening directory '/oem/media/', skipping: No such file or directory.
D/Finsky  ( 4027): [1] DailyHygiene.goMakeHygieneIfDirty: No need to run daily hygiene.
I/iu.UploadsManager( 3181): #reloadSettings(); account: -1; IU: disabled; IS: disabled; IS account: -1; photoWiFi: true; videoWiFi: true; roam: false; battery: true; size: FULL; maxMobile: 157286400
I/ActivityManager(  858): Start proc com.google.android.gms:car for service com.google.android.gms/.car.CarService: pid=4071 uid=10018 gids={50018, 9997, 2001, 3003, 1007, 3006, 3002, 3001, 1028, 1023, 1015, 1005, 3007} abi=armeabi-v7a
I/iu.UploadsManager( 3181): End new media; added: 0, uploading: 0, time: 66 ms
W/Settings( 4027): Setting download_manager_max_bytes_over_mobile has moved from android.provider.Settings.Secure to android.provider.Settings.Global.
W/Settings( 4027): Setting download_manager_recommended_max_bytes_over_mobile has moved from android.provider.Settings.Secure to android.provider.Settings.Global.
W/ResourcesManager( 4071): Asset path '/system/framework/com.android.media.remotedisplay.jar' does not exist or contains no resources.
W/ResourcesManager( 4071): Asset path '/system/framework/com.android.location.provider.jar' does not exist or contains no resources.
I/MultiDex( 4071): VM with version 2.1.0 has multidex support
I/MultiDex( 4071): install
I/MultiDex( 4071): VM has multidex support, MultiDex support library is disabled.
I/ProviderInstaller( 4071): Insert disabled by gate 'gms:security:enable_conscrypt_in_gms_application'
D/Finsky  ( 4027): [1] 2.run: Loaded library for account: [XgRIExnQm-j_m5Xz9TLhsjoWJ9s]
D/Finsky  ( 4027): [1] 2.run: Finished loading 1 libraries.
D/Volley  ( 4027): [184] DiskBasedCache.clear: Cache cleared.
D/Volley  ( 4027): [188] DiskBasedCache.clear: Cache cleared.
I/ActivityManager(  858): Delay finish: com.google.android.partnersetup/.RlzPingBroadcastReceiver
I/art     (  858): Explicit concurrent mark sweep GC freed 14578(919KB) AllocSpace objects, 10(713KB) LOS objects, 33% free, 25MB/38MB, paused 1.063ms total 51.439ms
I/ActivityManager(  858): Config changes=1 {1.0 310mcc?mnc en_US ldltr sw360dp w360dp h567dp 480dpi nrml port finger -keyb/v/h -nav/h s.6}
D/ActivityManager(  858): Storing locale en-US for decryption UI
D/PermissionCache(  237): checking android.permission.READ_FRAME_BUFFER for uid=1000 => granted (377 us)
D/BluetoothAdapter( 2787): 623286732: getState() :  mService = null. Returning STATE_OFF
D/BluetoothAdapter( 2787): 623286732: getState() :  mService = null. Returning STATE_OFF
I/ActivityManager(  858): Resuming delayed broadcast
D/Finsky  ( 4027): [1] GmsCoreHelper.cleanupNlp: result=false type=4
