I/dex2oat ( 1521): /system/bin/dex2oat --zip-fd=6 --zip-location=/system/app/SunBeam/SunBeam.apk --oat-fd=7 --oat-location=/data/dalvik-cache/arm/system@app@SunBeam@SunBeam.apk@classes.dex --instruction-set=arm --instruction-set-features=lpae,div --runtime-arg -Xms64m --runtime-arg -Xmx512m
I/dex2oat ( 1521): dex2oat took 73.498ms (threads: 4)
I/art     (  858): DexFile_isDexOptNeededInternal profile file /data/dalvik-cache/profiles/com.android.vpndialogs doesn't exist. Will check odex to see if we can find a working version.
I/art     (  858): DexFile_isDexOptNeeded failed to open oat file '/data/dalvik-cache/arm/system@priv-app@VpnDialogs@VpnDialogs.apk@classes.dex' for file location '/system/priv-app/VpnDialogs/VpnDialogs.apk': Failed to open oat filename for reading: No such file or directory
I/art     (  858): DexFile_isDexOptNeeded failed to open oat file '/system/priv-app/VpnDialogs/arm/VpnDialogs.odex' for file location '/system/priv-app/VpnDialogs/VpnDialogs.apk': Failed to open oat filename for reading: No such file or directory
I/PackageManager(  858): Running dexopt on: /system/priv-app/VpnDialogs/VpnDialogs.apk pkg=com.android.vpndialogs isa=arm vmSafeMode=false
E/cutils-trace( 1527): Error opening trace file: No such file or directory (2)
I/dex2oat ( 1527): /system/bin/dex2oat --zip-fd=6 --zip-location=/system/priv-app/VpnDialogs/VpnDialogs.apk --oat-fd=7 --oat-location=/data/dalvik-cache/arm/system@priv-app@VpnDialogs@VpnDialogs.apk@classes.dex --instruction-set=arm --instruction-set-features=lpae,div --runtime-arg -Xms64m --runtime-arg -Xmx512m
I/dex2oat ( 1527): dex2oat took 72.383ms (threads: 4)
I/art     (  858): DexFile_isDexOptNeededInternal profile file /data/dalvik-cache/profiles/com.google.android.marvin.talkback doesn't exist. Will check odex to see if we can find a working version.
I/art     (  858): DexFile_isDexOptNeeded failed to open oat file '/data/dalvik-cache/arm/system@priv-app@talkback@talkback.apk@classes.dex' for file location '/system/priv-app/talkback/talkback.apk': Failed to open oat filename for reading: No such file or directory
I/art     (  858): DexFile_isDexOptNeeded failed to open oat file '/system/priv-app/talkback/arm/talkback.odex' for file location '/system/priv-app/talkback/talkback.apk': Failed to open oat filename for reading: No such file or directory
I/PackageManager(  858): Running dexopt on: /system/priv-app/talkback/talkback.apk pkg=com.google.android.marvin.talkback isa=arm vmSafeMode=false
E/cutils-trace( 1532): Error opening trace file: No such file or directory (2)
I/dex2oat ( 1532): /system/bin/dex2oat --zip-fd=6 --zip-location=/system/priv-app/talkback/talkback.apk --oat-fd=7 --oat-location=/data/dalvik-cache/arm/system@priv-app@talkback@talkback.apk@classes.dex --instruction-set=arm --instruction-set-features=lpae,div --runtime-arg -Xms64m --runtime-arg -Xmx512m
I/dex2oat ( 1532): dex2oat took 2.304s (threads: 4)
I/art     (  858): DexFile_isDexOptNeededInternal profile file /data/dalvik-cache/profiles/com.android.externalstorage doesn't exist. Will check odex to see if we can find a working version.
I/art     (  858): DexFile_isDexOptNeeded failed to open oat file '/data/dalvik-cache/arm/system@priv-app@ExternalStorageProvider@ExternalStorageProvider.apk@classes.dex' for file location '/system/priv-app/ExternalStorageProvider/ExternalStorageProvider.apk': Failed to open oat filename for reading: No such file or directory
I/art     (  858): DexFile_isDexOptNeeded failed to open oat file '/system/priv-app/ExternalStorageProvider/arm/ExternalStorageProvider.odex' for file location '/system/priv-app/ExternalStorageProvider/ExternalStorageProvider.apk': Failed to open oat filename for reading: No such file or directory
I/PackageManager(  858): Running dexopt on: /system/priv-app/ExternalStorageProvider/ExternalStorageProvider.apk pkg=com.android.externalstorage isa=arm vmSafeMode=false
E/cutils-trace( 1557): Error opening trace file: No such file or directory (2)
I/dex2oat ( 1557): /system/bin/dex2oat --zip-fd=6 --zip-location=/system/priv-app/ExternalStorageProvider/ExternalStorageProvider.apk --oat-fd=7 --oat-location=/data/dalvik-cache/arm/system@priv-app@ExternalStorageProvider@ExternalStorageProvider.apk@classes.dex --instruction-set=arm --instruction-set-features=lpae,div --runtime-arg -Xms64m --runtime-arg -Xmx512m
I/dex2oat ( 1557): dex2oat took 54.704ms (threads: 4)
I/art     (  858): DexFile_isDexOptNeededInternal profile file /data/dalvik-cache/profiles/com.google.android.videos doesn't exist. Will check odex to see if we can find a working version.
I/art     (  858): DexFile_isDexOptNeeded failed to open oat file '/data/dalvik-cache/arm/system@app@Videos@Videos.apk@classes.dex' for file location '/system/app/Videos/Videos.apk': Failed to open oat filename for reading: No such file or directory
I/art     (  858): DexFile_isDexOptNeeded failed to open oat file '/system/app/Videos/arm/Videos.odex' for file location '/system/app/Videos/Videos.apk': Failed to open oat filename for reading: No such file or directory
I/PackageManager(  858): Running dexopt on: /system/app/Videos/Videos.apk pkg=com.google.android.videos isa=arm vmSafeMode=false
E/cutils-trace( 1562): Error opening trace file: No such file or directory (2)
I/dex2oat ( 1562): /system/bin/dex2oat --zip-fd=6 --zip-location=/system/app/Videos/Videos.apk --oat-fd=7 --oat-location=/data/dalvik-cache/arm/system@app@Videos@Videos.apk@classes.dex --instruction-set=arm --instruction-set-features=lpae,div --runtime-arg -Xms64m --runtime-arg -Xmx512m
W/dex2oat ( 1562): Before Android 4.1, method int android.support.v7.internal.widget.ListViewCompat.lookForSelectablePosition(int, boolean) would have incorrectly overridden the package-private method in android.widget.ListView
I/dex2oat ( 1562): dex2oat took 5.645s (threads: 4)
I/art     (  858): DexFile_isDexOptNeededInternal profile file /data/dalvik-cache/profiles/com.android.provision doesn't exist. Will check odex to see if we can find a working version.
I/art     (  858): DexFile_isDexOptNeeded failed to open oat file '/data/dalvik-cache/arm/system@app@Provision@Provision.apk@classes.dex' for file location '/system/app/Provision/Provision.apk': Failed to open oat filename for reading: No such file or directory
I/art     (  858): DexFile_isDexOptNeeded failed to open oat file '/system/app/Provision/arm/Provision.odex' for file location '/system/app/Provision/Provision.apk': Failed to open oat filename for reading: No such file or directory
I/PackageManager(  858): Running dexopt on: /system/app/Provision/Provision.apk pkg=com.android.provision isa=arm vmSafeMode=false
E/cutils-trace( 1584): Error opening trace file: No such file or directory (2)
I/dex2oat ( 1584): /system/bin/dex2oat --zip-fd=6 --zip-location=/system/app/Provision/Provision.apk --oat-fd=7 --oat-location=/data/dalvik-cache/arm/system@app@Provision@Provision.apk@classes.dex --instruction-set=arm --instruction-set-features=lpae,div --runtime-arg -Xms64m --runtime-arg -Xmx512m
I/dex2oat ( 1584): dex2oat took 20.311ms (threads: 4)
I/art     (  858): DexFile_isDexOptNeededInternal profile file /data/dalvik-cache/profiles/com.google.android.ears doesn't exist. Will check odex to see if we can find a working version.
I/art     (  858): DexFile_isDexOptNeeded failed to open oat file '/data/dalvik-cache/arm/system@app@GoogleEars@GoogleEars.apk@classes.dex' for file location '/system/app/GoogleEars/GoogleEars.apk': Failed to open oat filename for reading: No such file or directory
I/art     (  858): DexFile_isDexOptNeeded failed to open oat file '/system/app/GoogleEars/arm/GoogleEars.odex' for file location '/system/app/GoogleEars/GoogleEars.apk': Failed to open oat filename for reading: No such file or directory
I/PackageManager(  858): Running dexopt on: /system/app/GoogleEars/GoogleEars.apk pkg=com.google.android.ears isa=arm vmSafeMode=false
E/cutils-trace( 1589): Error opening trace file: No such file or directory (2)
I/dex2oat ( 1589): /system/bin/dex2oat --zip-fd=6 --zip-location=/system/app/GoogleEars/GoogleEars.apk --oat-fd=7 --oat-location=/data/dalvik-cache/arm/system@app@GoogleEars@GoogleEars.apk@classes.dex --instruction-set=arm --instruction-set-features=lpae,div --runtime-arg -Xms64m --runtime-arg -Xmx512m
I/dex2oat ( 1589): dex2oat took 1.255s (threads: 4)
I/art     (  858): DexFile_isDexOptNeededInternal profile file /data/dalvik-cache/profiles/com.google.android.play.games doesn't exist. Will check odex to see if we can find a working version.
I/art     (  858): DexFile_isDexOptNeeded failed to open oat file '/data/dalvik-cache/arm/system@app@PlayGames@PlayGames.apk@classes.dex' for file location '/system/app/PlayGames/PlayGames.apk': Failed to open oat filename for reading: No such file or directory
I/art     (  858): DexFile_isDexOptNeeded failed to open oat file '/system/app/PlayGames/arm/PlayGames.odex' for file location '/system/app/PlayGames/PlayGames.apk': Failed to open oat filename for reading: No such file or directory
I/PackageManager(  858): Running dexopt on: /system/app/PlayGames/PlayGames.apk pkg=com.google.android.play.games isa=arm vmSafeMode=false
E/cutils-trace( 1604): Error opening trace file: No such file or directory (2)
I/dex2oat ( 1604): /system/bin/dex2oat --zip-fd=6 --zip-location=/system/app/PlayGames/PlayGames.apk --oat-fd=7 --oat-location=/data/dalvik-cache/arm/system@app@PlayGames@PlayGames.apk@classes.dex --instruction-set=arm --instruction-set-features=lpae,div --runtime-arg -Xms64m --runtime-arg -Xmx512m
I/dex2oat ( 1604): dex2oat took 3.839s (threads: 4)
I/art     (  858): DexFile_isDexOptNeededInternal profile file /data/dalvik-cache/profiles/com.google.android.apps.genie.geniewidget doesn't exist. Will check odex to see if we can find a working version.
I/art     (  858): DexFile_isDexOptNeeded failed to open oat file '/data/dalvik-cache/arm/system@app@PrebuiltNewsWeather@PrebuiltNewsWeather.apk@classes.dex' for file location '/system/app/PrebuiltNewsWeather/PrebuiltNewsWeather.apk': Failed to open oat filename for reading: No such file or directory
I/art     (  858): DexFile_isDexOptNeeded failed to open oat file '/system/app/PrebuiltNewsWeather/arm/PrebuiltNewsWeather.odex' for file location '/system/app/PrebuiltNewsWeather/PrebuiltNewsWeather.apk': Failed to open oat filename for reading: No such file or directory
I/PackageManager(  858): Running dexopt on: /system/app/PrebuiltNewsWeather/PrebuiltNewsWeather.apk pkg=com.google.android.apps.genie.geniewidget isa=arm vmSafeMode=false
E/cutils-trace( 1622): Error opening trace file: No such file or directory (2)
I/dex2oat ( 1622): /system/bin/dex2oat --zip-fd=6 --zip-location=/system/app/PrebuiltNewsWeather/PrebuiltNewsWeather.apk --oat-fd=7 --oat-location=/data/dalvik-cache/arm/system@app@PrebuiltNewsWeather@PrebuiltNewsWeather.apk@classes.dex --instruction-set=arm --instruction-set-features=lpae,div --runtime-arg -Xms64m --runtime-arg -Xmx512m
I/dex2oat ( 1622): dex2oat took 3.145s (threads: 4)
I/art     (  858): DexFile_isDexOptNeededInternal profile file /data/dalvik-cache/profiles/com.google.android.apps.walletnfcrel doesn't exist. Will check odex to see if we can find a working version.
I/art     (  858): DexFile_isDexOptNeeded failed to open oat file '/data/dalvik-cache/arm/system@priv-app@Wallet@Wallet.apk@classes.dex' for file location '/system/priv-app/Wallet/Wallet.apk': Failed to open oat filename for reading: No such file or directory
I/art     (  858): DexFile_isDexOptNeeded failed to open oat file '/system/priv-app/Wallet/arm/Wallet.odex' for file location '/system/priv-app/Wallet/Wallet.apk': Failed to open oat filename for reading: No such file or directory
I/PackageManager(  858): Running dexopt on: /system/priv-app/Wallet/Wallet.apk pkg=com.google.android.apps.walletnfcrel isa=arm vmSafeMode=false
E/cutils-trace( 1640): Error opening trace file: No such file or directory (2)
I/dex2oat ( 1640): /system/bin/dex2oat --zip-fd=6 --zip-location=/system/priv-app/Wallet/Wallet.apk --oat-fd=7 --oat-location=/data/dalvik-cache/arm/system@priv-app@Wallet@Wallet.apk@classes.dex --instruction-set=arm --instruction-set-features=lpae,div --runtime-arg -Xms64m --runtime-arg -Xmx512m
W/dex2oat ( 1640): Before Android 4.1, method void org.apache.log4j.spi.NOPLogger.closeNestedAppenders() would have incorrectly overridden the package-private method in org.apache.log4j.Category
I/dex2oat ( 1640): dex2oat took 7.018s (threads: 4)
I/art     (  858): DexFile_isDexOptNeededInternal profile file /data/dalvik-cache/profiles/com.google.android.apps.messaging doesn't exist. Will check odex to see if we can find a working version.
I/art     (  858): DexFile_isDexOptNeeded failed to open oat file '/data/dalvik-cache/arm/system@app@PrebuiltBugle@PrebuiltBugle.apk@classes.dex' for file location '/system/app/PrebuiltBugle/PrebuiltBugle.apk': Failed to open oat filename for reading: No such file or directory
I/art     (  858): DexFile_isDexOptNeeded failed to open oat file '/system/app/PrebuiltBugle/arm/PrebuiltBugle.odex' for file location '/system/app/PrebuiltBugle/PrebuiltBugle.apk': Failed to open oat filename for reading: No such file or directory
I/PackageManager(  858): Running dexopt on: /system/app/PrebuiltBugle/PrebuiltBugle.apk pkg=com.google.android.apps.messaging isa=arm vmSafeMode=false
E/cutils-trace( 1685): Error opening trace file: No such file or directory (2)
I/dex2oat ( 1685): /system/bin/dex2oat --zip-fd=6 --zip-location=/system/app/PrebuiltBugle/PrebuiltBugle.apk --oat-fd=7 --oat-location=/data/dalvik-cache/arm/system@app@PrebuiltBugle@PrebuiltBugle.apk@classes.dex --instruction-set=arm --instruction-set-features=lpae,div --runtime-arg -Xms64m --runtime-arg -Xmx512m
W/dex2oat ( 1685): Before Android 4.1, method int android.support.v7.internal.widget.M.lookForSelectablePosition(int, boolean) would have incorrectly overridden the package-private method in android.widget.ListView
I/dex2oat ( 1685): dex2oat took 4.337s (threads: 4)
I/art     (  858): DexFile_isDexOptNeededInternal profile file /data/dalvik-cache/profiles/com.android.backupconfirm doesn't exist. Will check odex to see if we can find a working version.
I/art     (  858): DexFile_isDexOptNeeded failed to open oat file '/data/dalvik-cache/arm/system@priv-app@BackupRestoreConfirmation@BackupRestoreConfirmation.apk@classes.dex' for file location '/system/priv-app/BackupRestoreConfirmation/BackupRestoreConfirmation.apk': Failed to open oat filename for reading: No such file or directory
I/art     (  858): DexFile_isDexOptNeeded failed to open oat file '/system/priv-app/BackupRestoreConfirmation/arm/BackupRestoreConfirmation.odex' for file location '/system/priv-app/BackupRestoreConfirmation/BackupRestoreConfirmation.apk': Failed to open oat filename for reading: No such file or directory
I/PackageManager(  858): Running dexopt on: /system/priv-app/BackupRestoreConfirmation/BackupRestoreConfirmation.apk pkg=com.android.backupconfirm isa=arm vmSafeMode=false
E/cutils-trace( 1711): Error opening trace file: No such file or directory (2)
I/dex2oat ( 1711): /system/bin/dex2oat --zip-fd=6 --zip-location=/system/priv-app/BackupRestoreConfirmation/BackupRestoreConfirmation.apk --oat-fd=7 --oat-location=/data/dalvik-cache/arm/system@priv-app@BackupRestoreConfirmation@BackupRestoreConfirmation.apk@classes.dex --instruction-set=arm --instruction-set-features=lpae,div --runtime-arg -Xms64m --runtime-arg -Xmx512m
I/dex2oat ( 1711): dex2oat took 29.262ms (threads: 4)
I/art     (  858): DexFile_isDexOptNeededInternal profile file /data/dalvik-cache/profiles/com.google.android.gm doesn't exist. Will check odex to see if we can find a working version.
I/art     (  858): DexFile_isDexOptNeeded failed to open oat file '/data/dalvik-cache/arm/system@app@PrebuiltGmail@PrebuiltGmail.apk@classes.dex' for file location '/system/app/PrebuiltGmail/PrebuiltGmail.apk': Failed to open oat filename for reading: No such file or directory
I/art     (  858): DexFile_isDexOptNeeded failed to open oat file '/system/app/PrebuiltGmail/arm/PrebuiltGmail.odex' for file location '/system/app/PrebuiltGmail/PrebuiltGmail.apk': Failed to open oat filename for reading: No such file or directory
I/PackageManager(  858): Running dexopt on: /system/app/PrebuiltGmail/PrebuiltGmail.apk pkg=com.google.android.gm isa=arm vmSafeMode=false
E/cutils-trace( 1719): Error opening trace file: No such file or directory (2)
I/dex2oat ( 1719): /system/bin/dex2oat --zip-fd=6 --zip-location=/system/app/PrebuiltGmail/PrebuiltGmail.apk --oat-fd=7 --oat-location=/data/dalvik-cache/arm/system@app@PrebuiltGmail@PrebuiltGmail.apk@classes.dex --instruction-set=arm --instruction-set-features=lpae,div --runtime-arg -Xms64m --runtime-arg -Xmx512m
I/dex2oat ( 1719): dex2oat took 5.215s (threads: 4)
I/art     (  858): DexFile_isDexOptNeededInternal profile file /data/dalvik-cache/profiles/com.android.sharedstoragebackup doesn't exist. Will check odex to see if we can find a working version.
I/art     (  858): DexFile_isDexOptNeeded failed to open oat file '/data/dalvik-cache/arm/system@priv-app@SharedStorageBackup@SharedStorageBackup.apk@classes.dex' for file location '/system/priv-app/SharedStorageBackup/SharedStorageBackup.apk': Failed to open oat filename for reading: No such file or directory
I/art     (  858): DexFile_isDexOptNeeded failed to open oat file '/system/priv-app/SharedStorageBackup/arm/SharedStorageBackup.odex' for file location '/system/priv-app/SharedStorageBackup/SharedStorageBackup.apk': Failed to open oat filename for reading: No such file or directory
I/PackageManager(  858): Running dexopt on: /system/priv-app/SharedStorageBackup/SharedStorageBackup.apk pkg=com.android.sharedstoragebackup isa=arm vmSafeMode=false
E/cutils-trace( 1746): Error opening trace file: No such file or directory (2)
I/dex2oat ( 1746): /system/bin/dex2oat --zip-fd=6 --zip-location=/system/priv-app/SharedStorageBackup/SharedStorageBackup.apk --oat-fd=7 --oat-location=/data/dalvik-cache/arm/system@priv-app@SharedStorageBackup@SharedStorageBackup.apk@classes.dex --instruction-set=arm --instruction-set-features=lpae,div --runtime-arg -Xms64m --runtime-arg -Xmx512m
I/dex2oat ( 1746): dex2oat took 76.747ms (threads: 4)
I/art     (  858): DexFile_isDexOptNeededInternal profile file /data/dalvik-cache/profiles/com.google.android.keep doesn't exist. Will check odex to see if we can find a working version.
I/art     (  858): DexFile_isDexOptNeeded failed to open oat file '/data/dalvik-cache/arm/system@app@PrebuiltKeep@PrebuiltKeep.apk@classes.dex' for file location '/system/app/PrebuiltKeep/PrebuiltKeep.apk': Failed to open oat filename for reading: No such file or directory
I/art     (  858): DexFile_isDexOptNeeded failed to open oat file '/system/app/PrebuiltKeep/arm/PrebuiltKeep.odex' for file location '/system/app/PrebuiltKeep/PrebuiltKeep.apk': Failed to open oat filename for reading: No such file or directory
I/PackageManager(  858): Running dexopt on: /system/app/PrebuiltKeep/PrebuiltKeep.apk pkg=com.google.android.keep isa=arm vmSafeMode=false
E/cutils-trace( 1754): Error opening trace file: No such file or directory (2)
I/dex2oat ( 1754): /system/bin/dex2oat --zip-fd=6 --zip-location=/system/app/PrebuiltKeep/PrebuiltKeep.apk --oat-fd=7 --oat-location=/data/dalvik-cache/arm/system@app@PrebuiltKeep@PrebuiltKeep.apk@classes.dex --instruction-set=arm --instruction-set-features=lpae,div --runtime-arg -Xms64m --runtime-arg -Xmx512m
I/dex2oat ( 1754): dex2oat took 4.391s (threads: 4)
I/art     (  858): DexFile_isDexOptNeededInternal profile file /data/dalvik-cache/profiles/com.android.nfc doesn't exist. Will check odex to see if we can find a working version.
I/art     (  858): DexFile_isDexOptNeeded failed to open oat file '/data/dalvik-cache/arm/system@app@NfcNci@NfcNci.apk@classes.dex' for file location '/system/app/NfcNci/NfcNci.apk': Failed to open oat filename for reading: No such file or directory
I/art     (  858): DexFile_isDexOptNeeded failed to open oat file '/system/app/NfcNci/arm/NfcNci.odex' for file location '/system/app/NfcNci/NfcNci.apk': Failed to open oat filename for reading: No such file or directory
I/PackageManager(  858): Running dexopt on: /system/app/NfcNci/NfcNci.apk pkg=com.android.nfc isa=arm vmSafeMode=false
E/cutils-trace( 1781): Error opening trace file: No such file or directory (2)
I/dex2oat ( 1781): /system/bin/dex2oat --zip-fd=6 --zip-location=/system/app/NfcNci/NfcNci.apk --oat-fd=7 --oat-location=/data/dalvik-cache/arm/system@app@NfcNci@NfcNci.apk@classes.dex --instruction-set=arm --instruction-set-features=lpae,div --runtime-arg -Xms64m --runtime-arg -Xmx512m
I/dex2oat ( 1781): dex2oat took 243.855ms (threads: 4)
I/art     (  858): DexFile_isDexOptNeededInternal profile file /data/dalvik-cache/profiles/com.android.certinstaller doesn't exist. Will check odex to see if we can find a working version.
I/art     (  858): DexFile_isDexOptNeeded failed to open oat file '/data/dalvik-cache/arm/system@app@CertInstaller@CertInstaller.apk@classes.dex' for file location '/system/app/CertInstaller/CertInstaller.apk': Failed to open oat filename for reading: No such file or directory
I/art     (  858): DexFile_isDexOptNeeded failed to open oat file '/system/app/CertInstaller/arm/CertInstaller.odex' for file location '/system/app/CertInstaller/CertInstaller.apk': Failed to open oat filename for reading: No such file or directory
I/PackageManager(  858): Running dexopt on: /system/app/CertInstaller/CertInstaller.apk pkg=com.android.certinstaller isa=arm vmSafeMode=false
E/cutils-trace( 1789): Error opening trace file: No such file or directory (2)
I/dex2oat ( 1789): /system/bin/dex2oat --zip-fd=6 --zip-location=/system/app/CertInstaller/CertInstaller.apk --oat-fd=7 --oat-location=/data/dalvik-cache/arm/system@app@CertInstaller@CertInstaller.apk@classes.dex --instruction-set=arm --instruction-set-features=lpae,div --runtime-arg -Xms64m --runtime-arg -Xmx512m
I/dex2oat ( 1789): dex2oat took 40.448ms (threads: 4)
I/art     (  858): DexFile_isDexOptNeededInternal profile file /data/dalvik-cache/profiles/com.android.providers.userdictionary doesn't exist. Will check odex to see if we can find a working version.
I/art     (  858): DexFile_isDexOptNeeded failed to open oat file '/data/dalvik-cache/arm/system@app@UserDictionaryProvider@UserDictionaryProvider.apk@classes.dex' for file location '/system/app/UserDictionaryProvider/UserDictionaryProvider.apk': Failed to open oat filename for reading: No such file or directory
I/art     (  858): DexFile_isDexOptNeeded failed to open oat file '/system/app/UserDictionaryProvider/arm/UserDictionaryProvider.odex' for file location '/system/app/UserDictionaryProvider/UserDictionaryProvider.apk': Failed to open oat filename for reading: No such file or directory
I/PackageManager(  858): Running dexopt on: /system/app/UserDictionaryProvider/UserDictionaryProvider.apk pkg=com.android.providers.userdictionary isa=arm vmSafeMode=false
E/cutils-trace( 1794): Error opening trace file: No such file or directory (2)
I/dex2oat ( 1794): /system/bin/dex2oat --zip-fd=6 --zip-location=/system/app/UserDictionaryProvider/UserDictionaryProvider.apk --oat-fd=7 --oat-location=/data/dalvik-cache/arm/system@app@UserDictionaryProvider@UserDictionaryProvider.apk@classes.dex --instruction-set=arm --instruction-set-features=lpae,div --runtime-arg -Xms64m --runtime-arg -Xmx512m
I/dex2oat ( 1794): dex2oat took 25.604ms (threads: 4)
I/art     (  858): DexFile_isDexOptNeededInternal profile file /data/dalvik-cache/profiles/com.google.android.music doesn't exist. Will check odex to see if we can find a working version.
I/art     (  858): DexFile_isDexOptNeeded failed to open oat file '/data/dalvik-cache/arm/system@app@Music2@Music2.apk@classes.dex' for file location '/system/app/Music2/Music2.apk': Failed to open oat filename for reading: No such file or directory
I/art     (  858): DexFile_isDexOptNeeded failed to open oat file '/system/app/Music2/arm/Music2.odex' for file location '/system/app/Music2/Music2.apk': Failed to open oat filename for reading: No such file or directory
I/PackageManager(  858): Running dexopt on: /system/app/Music2/Music2.apk pkg=com.google.android.music isa=arm vmSafeMode=false
E/cutils-trace( 1799): Error opening trace file: No such file or directory (2)
I/dex2oat ( 1799): /system/bin/dex2oat --zip-fd=6 --zip-location=/system/app/Music2/Music2.apk --oat-fd=7 --oat-location=/data/dalvik-cache/arm/system@app@Music2@Music2.apk@classes.dex --instruction-set=arm --instruction-set-features=lpae,div --runtime-arg -Xms64m --runtime-arg -Xmx512m
I/dex2oat ( 1799): dex2oat took 8.562s (threads: 4)
I/art     (  858): DexFile_isDexOptNeededInternal profile file /data/dalvik-cache/profiles/com.android.webview doesn't exist. Will check odex to see if we can find a working version.
I/art     (  858): DexFile_isDexOptNeeded failed to open oat file '/data/dalvik-cache/arm/system@app@webview@webview.apk@classes.dex' for file location '/system/app/webview/webview.apk': Failed to open oat filename for reading: No such file or directory
I/art     (  858): DexFile_isDexOptNeeded failed to open oat file '/system/app/webview/arm/webview.odex' for file location '/system/app/webview/webview.apk': Failed to open oat filename for reading: No such file or directory
I/PackageManager(  858): Running dexopt on: /system/app/webview/webview.apk pkg=com.android.webview isa=arm vmSafeMode=false
E/cutils-trace( 1822): Error opening trace file: No such file or directory (2)
I/dex2oat ( 1822): /system/bin/dex2oat --zip-fd=6 --zip-location=/system/app/webview/webview.apk --oat-fd=7 --oat-location=/data/dalvik-cache/arm/system@app@webview@webview.apk@classes.dex --instruction-set=arm --instruction-set-features=lpae,div --runtime-arg -Xms64m --runtime-arg -Xmx512m
I/dex2oat ( 1822): dex2oat took 843.422ms (threads: 4)
I/art     (  858): DexFile_isDexOptNeededInternal profile file /data/dalvik-cache/profiles/com.qualcomm.qcrilmsgtunnel doesn't exist. Will check odex to see if we can find a working version.
I/art     (  858): DexFile_isDexOptNeeded failed to open oat file '/data/dalvik-cache/arm/system@app@qcrilmsgtunnel@qcrilmsgtunnel.apk@classes.dex' for file location '/system/app/qcrilmsgtunnel/qcrilmsgtunnel.apk': Failed to open oat filename for reading: No such file or directory
I/art     (  858): DexFile_isDexOptNeeded failed to open oat file '/system/app/qcrilmsgtunnel/arm/qcrilmsgtunnel.odex' for file location '/system/app/qcrilmsgtunnel/qcrilmsgtunnel.apk': Failed to open oat filename for reading: No such file or directory
I/PackageManager(  858): Running dexopt on: /system/app/qcrilmsgtunnel/qcrilmsgtunnel.apk pkg=com.qualcomm.qcrilmsgtunnel isa=arm vmSafeMode=false
E/cutils-trace( 1832): Error opening trace file: No such file or directory (2)
I/dex2oat ( 1832): /system/bin/dex2oat --zip-fd=6 --zip-location=/system/app/qcrilmsgtunnel/qcrilmsgtunnel.apk --oat-fd=7 --oat-location=/data/dalvik-cache/arm/system@app@qcrilmsgtunnel@qcrilmsgtunnel.apk@classes.dex --instruction-set=arm --instruction-set-features=lpae,div --runtime-arg -Xms64m --runtime-arg -Xmx512m
I/dex2oat ( 1832): dex2oat took 48.579ms (threads: 4)
I/art     (  858): DexFile_isDexOptNeededInternal profile file /data/dalvik-cache/profiles/eu.chainfire.supersu doesn't exist. Will check odex to see if we can find a working version.
I/art     (  858): DexFile_isDexOptNeeded failed to open oat file '/data/dalvik-cache/arm/system@app@SuperSU@SuperSU.apk@classes.dex' for file location '/system/app/SuperSU/SuperSU.apk': Failed to open oat filename for reading: No such file or directory
I/art     (  858): DexFile_isDexOptNeeded failed to open oat file '/system/app/SuperSU/arm/SuperSU.odex' for file location '/system/app/SuperSU/SuperSU.apk': Failed to open oat filename for reading: No such file or directory
I/PackageManager(  858): Running dexopt on: /system/app/SuperSU/SuperSU.apk pkg=eu.chainfire.supersu isa=arm vmSafeMode=false
E/cutils-trace( 1839): Error opening trace file: No such file or directory (2)
I/dex2oat ( 1839): /system/bin/dex2oat --zip-fd=6 --zip-location=/system/app/SuperSU/SuperSU.apk --oat-fd=7 --oat-location=/data/dalvik-cache/arm/system@app@SuperSU@SuperSU.apk@classes.dex --instruction-set=arm --instruction-set-features=lpae,div --runtime-arg -Xms64m --runtime-arg -Xmx512m
I/dex2oat ( 1839): dex2oat took 1.097s (threads: 4)
I/art     (  858): DexFile_isDexOptNeededInternal profile file /data/dalvik-cache/profiles/com.android.documentsui doesn't exist. Will check odex to see if we can find a working version.
I/art     (  858): DexFile_isDexOptNeeded failed to open oat file '/data/dalvik-cache/arm/system@app@DocumentsUI@DocumentsUI.apk@classes.dex' for file location '/system/app/DocumentsUI/DocumentsUI.apk': Failed to open oat filename for reading: No such file or directory
I/art     (  858): DexFile_isDexOptNeeded failed to open oat file '/system/app/DocumentsUI/arm/DocumentsUI.odex' for file location '/system/app/DocumentsUI/DocumentsUI.apk': Failed to open oat filename for reading: No such file or directory
I/PackageManager(  858): Running dexopt on: /system/app/DocumentsUI/DocumentsUI.apk pkg=com.android.documentsui isa=arm vmSafeMode=false
E/cutils-trace( 1846): Error opening trace file: No such file or directory (2)
I/dex2oat ( 1846): /system/bin/dex2oat --zip-fd=6 --zip-location=/system/app/DocumentsUI/DocumentsUI.apk --oat-fd=7 --oat-location=/data/dalvik-cache/arm/system@app@DocumentsUI@DocumentsUI.apk@classes.dex --instruction-set=arm --instruction-set-features=lpae,div --runtime-arg -Xms64m --runtime-arg -Xmx512m
I/dex2oat ( 1846): dex2oat took 971.374ms (threads: 4)
I/art     (  858): DexFile_isDexOptNeededInternal profile file /data/dalvik-cache/profiles/com.android.pacprocessor doesn't exist. Will check odex to see if we can find a working version.
I/art     (  858): DexFile_isDexOptNeeded failed to open oat file '/data/dalvik-cache/arm/system@app@PacProcessor@PacProcessor.apk@classes.dex' for file location '/system/app/PacProcessor/PacProcessor.apk': Failed to open oat filename for reading: No such file or directory
I/art     (  858): DexFile_isDexOptNeeded failed to open oat file '/system/app/PacProcessor/arm/PacProcessor.odex' for file location '/system/app/PacProcessor/PacProcessor.apk': Failed to open oat filename for reading: No such file or directory
I/PackageManager(  858): Running dexopt on: /system/app/PacProcessor/PacProcessor.apk pkg=com.android.pacprocessor isa=arm vmSafeMode=false
E/cutils-trace( 1861): Error opening trace file: No such file or directory (2)
I/dex2oat ( 1861): /system/bin/dex2oat --zip-fd=6 --zip-location=/system/app/PacProcessor/PacProcessor.apk --oat-fd=7 --oat-location=/data/dalvik-cache/arm/system@app@PacProcessor@PacProcessor.apk@classes.dex --instruction-set=arm --instruction-set-features=lpae,div --runtime-arg -Xms64m --runtime-arg -Xmx512m
I/dex2oat ( 1861): dex2oat took 16.846ms (threads: 4)
I/art     (  858): DexFile_isDexOptNeededInternal profile file /data/dalvik-cache/profiles/com.vipercn.viper4android_v2 doesn't exist. Will check odex to see if we can find a working version.
I/art     (  858): DexFile_isDexOptNeeded failed to open oat file '/data/dalvik-cache/arm/system@priv-app@ViPER4Android_FX_A4.x@ViPER4Android_FX_A4.x.apk@classes.dex' for file location '/system/priv-app/ViPER4Android_FX_A4.x/ViPER4Android_FX_A4.x.apk': Failed to open oat filename for reading: No such file or directory
I/art     (  858): DexFile_isDexOptNeeded failed to open oat file '/system/priv-app/ViPER4Android_FX_A4.x/arm/ViPER4Android_FX_A4.x.odex' for file location '/system/priv-app/ViPER4Android_FX_A4.x/ViPER4Android_FX_A4.x.apk': Failed to open oat filename for reading: No such file or directory
I/PackageManager(  858): Running dexopt on: /system/priv-app/ViPER4Android_FX_A4.x/ViPER4Android_FX_A4.x.apk pkg=com.vipercn.viper4android_v2 isa=arm vmSafeMode=false
E/cutils-trace( 1866): Error opening trace file: No such file or directory (2)
I/dex2oat ( 1866): /system/bin/dex2oat --zip-fd=6 --zip-location=/system/priv-app/ViPER4Android_FX_A4.x/ViPER4Android_FX_A4.x.apk --oat-fd=7 --oat-location=/data/dalvik-cache/arm/system@priv-app@ViPER4Android_FX_A4.x@ViPER4Android_FX_A4.x.apk@classes.dex --instruction-set=arm --instruction-set-features=lpae,div --runtime-arg -Xms64m --runtime-arg -Xmx512m
I/dex2oat ( 1866): dex2oat took 557.073ms (threads: 4)
I/art     (  858): DexFile_isDexOptNeededInternal profile file /data/dalvik-cache/profiles/com.google.android.tts doesn't exist. Will check odex to see if we can find a working version.
I/art     (  858): DexFile_isDexOptNeeded failed to open oat file '/data/dalvik-cache/arm/system@app@GoogleTTS@GoogleTTS.apk@classes.dex' for file location '/system/app/GoogleTTS/GoogleTTS.apk': Failed to open oat filename for reading: No such file or directory
I/art     (  858): DexFile_isDexOptNeeded failed to open oat file '/system/app/GoogleTTS/arm/GoogleTTS.odex' for file location '/system/app/GoogleTTS/GoogleTTS.apk': Failed to open oat filename for reading: No such file or directory
I/PackageManager(  858): Running dexopt on: /system/app/GoogleTTS/GoogleTTS.apk pkg=com.google.android.tts isa=arm vmSafeMode=false
E/cutils-trace( 1872): Error opening trace file: No such file or directory (2)
I/dex2oat ( 1872): /system/bin/dex2oat --zip-fd=6 --zip-location=/system/app/GoogleTTS/GoogleTTS.apk --oat-fd=7 --oat-location=/data/dalvik-cache/arm/system@app@GoogleTTS@GoogleTTS.apk@classes.dex --instruction-set=arm --instruction-set-features=lpae,div --runtime-arg -Xms64m --runtime-arg -Xmx512m
I/dex2oat ( 1872): dex2oat took 3.397s (threads: 4)
I/art     (  858): DexFile_isDexOptNeededInternal profile file /data/dalvik-cache/profiles/com.android.vending doesn't exist. Will check odex to see if we can find a working version.
I/art     (  858): DexFile_isDexOptNeeded failed to open oat file '/data/dalvik-cache/arm/system@priv-app@Phonesky@Phonesky.apk@classes.dex' for file location '/system/priv-app/Phonesky/Phonesky.apk': Failed to open oat filename for reading: No such file or directory
I/art     (  858): DexFile_isDexOptNeeded failed to open oat file '/system/priv-app/Phonesky/arm/Phonesky.odex' for file location '/system/priv-app/Phonesky/Phonesky.apk': Failed to open oat filename for reading: No such file or directory
I/PackageManager(  858): Running dexopt on: /system/priv-app/Phonesky/Phonesky.apk pkg=com.android.vending isa=arm vmSafeMode=false
E/cutils-trace( 1891): Error opening trace file: No such file or directory (2)
I/dex2oat ( 1891): /system/bin/dex2oat --zip-fd=6 --zip-location=/system/priv-app/Phonesky/Phonesky.apk --oat-fd=7 --oat-location=/data/dalvik-cache/arm/system@priv-app@Phonesky@Phonesky.apk@classes.dex --instruction-set=arm --instruction-set-features=lpae,div --runtime-arg -Xms64m --runtime-arg -Xmx512m
I/dex2oat ( 1891): dex2oat took 7.045s (threads: 4)
I/art     (  858): DexFile_isDexOptNeededInternal profile file /data/dalvik-cache/profiles/com.android.packageinstaller doesn't exist. Will check odex to see if we can find a working version.
I/art     (  858): DexFile_isDexOptNeeded failed to open oat file '/data/dalvik-cache/arm/system@app@PackageInstaller@PackageInstaller.apk@classes.dex' for file location '/system/app/PackageInstaller/PackageInstaller.apk': Failed to open oat filename for reading: No such file or directory
I/art     (  858): DexFile_isDexOptNeeded failed to open oat file '/system/app/PackageInstaller/arm/PackageInstaller.odex' for file location '/system/app/PackageInstaller/PackageInstaller.apk': Failed to open oat filename for reading: No such file or directory
I/PackageManager(  858): Running dexopt on: /system/app/PackageInstaller/PackageInstaller.apk pkg=com.android.packageinstaller isa=arm vmSafeMode=false
E/cutils-trace( 1926): Error opening trace file: No such file or directory (2)
I/dex2oat ( 1926): /system/bin/dex2oat --zip-fd=6 --zip-location=/system/app/PackageInstaller/PackageInstaller.apk --oat-fd=7 --oat-location=/data/dalvik-cache/arm/system@app@PackageInstaller@PackageInstaller.apk@classes.dex --instruction-set=arm --instruction-set-features=lpae,div --runtime-arg -Xms64m --runtime-arg -Xmx512m
I/dex2oat ( 1926): dex2oat took 499.556ms (threads: 4)
I/art     (  858): DexFile_isDexOptNeededInternal profile file /data/dalvik-cache/profiles/com.android.bluetooth doesn't exist. Will check odex to see if we can find a working version.
I/art     (  858): DexFile_isDexOptNeeded failed to open oat file '/data/dalvik-cache/arm/system@app@Bluetooth@Bluetooth.apk@classes.dex' for file location '/system/app/Bluetooth/Bluetooth.apk': Failed to open oat filename for reading: No such file or directory
I/art     (  858): DexFile_isDexOptNeeded failed to open oat file '/system/app/Bluetooth/arm/Bluetooth.odex' for file location '/system/app/Bluetooth/Bluetooth.apk': Failed to open oat filename for reading: No such file or directory
I/PackageManager(  858): Running dexopt on: /system/app/Bluetooth/Bluetooth.apk pkg=com.android.bluetooth isa=arm vmSafeMode=false
E/cutils-trace( 1932): Error opening trace file: No such file or directory (2)
I/dex2oat ( 1932): /system/bin/dex2oat --zip-fd=6 --zip-location=/system/app/Bluetooth/Bluetooth.apk --oat-fd=7 --oat-location=/data/dalvik-cache/arm/system@app@Bluetooth@Bluetooth.apk@classes.dex --instruction-set=arm --instruction-set-features=lpae,div --runtime-arg -Xms64m --runtime-arg -Xmx512m
I/dex2oat ( 1932): dex2oat took 829.315ms (threads: 4)
I/art     (  858): DexFile_isDexOptNeededInternal profile file /data/dalvik-cache/profiles/com.android.providers.downloads doesn't exist. Will check odex to see if we can find a working version.
I/art     (  858): DexFile_isDexOptNeeded failed to open oat file '/data/dalvik-cache/arm/system@priv-app@DownloadProvider@DownloadProvider.apk@classes.dex' for file location '/system/priv-app/DownloadProvider/DownloadProvider.apk': Failed to open oat filename for reading: No such file or directory
I/art     (  858): DexFile_isDexOptNeeded failed to open oat file '/system/priv-app/DownloadProvider/arm/DownloadProvider.odex' for file location '/system/priv-app/DownloadProvider/DownloadProvider.apk': Failed to open oat filename for reading: No such file or directory
I/PackageManager(  858): Running dexopt on: /system/priv-app/DownloadProvider/DownloadProvider.apk pkg=com.android.providers.downloads isa=arm vmSafeMode=false
E/cutils-trace( 1944): Error opening trace file: No such file or directory (2)
I/dex2oat ( 1944): /system/bin/dex2oat --zip-fd=6 --zip-location=/system/priv-app/DownloadProvider/DownloadProvider.apk --oat-fd=7 --oat-location=/data/dalvik-cache/arm/system@priv-app@DownloadProvider@DownloadProvider.apk@classes.dex --instruction-set=arm --instruction-set-features=lpae,div --runtime-arg -Xms64m --runtime-arg -Xmx512m
I/dex2oat ( 1944): dex2oat took 515.010ms (threads: 4)
I/art     (  858): DexFile_isDexOptNeededInternal profile file /data/dalvik-cache/profiles/com.android.cellbroadcastreceiver doesn't exist. Will check odex to see if we can find a working version.
I/art     (  858): DexFile_isDexOptNeeded failed to open oat file '/data/dalvik-cache/arm/system@priv-app@CellBroadcastReceiver@CellBroadcastReceiver.apk@classes.dex' for file location '/system/priv-app/CellBroadcastReceiver/CellBroadcastReceiver.apk': Failed to open oat filename for reading: No such file or directory
I/art     (  858): DexFile_isDexOptNeeded failed to open oat file '/system/priv-app/CellBroadcastReceiver/arm/CellBroadcastReceiver.odex' for file location '/system/priv-app/CellBroadcastReceiver/CellBroadcastReceiver.apk': Failed to open oat filename for reading: No such file or directory
I/PackageManager(  858): Running dexopt on: /system/priv-app/CellBroadcastReceiver/CellBroadcastReceiver.apk pkg=com.android.cellbroadcastreceiver isa=arm vmSafeMode=false
E/cutils-trace( 1952): Error opening trace file: No such file or directory (2)
I/dex2oat ( 1952): /system/bin/dex2oat --zip-fd=6 --zip-location=/system/priv-app/CellBroadcastReceiver/CellBroadcastReceiver.apk --oat-fd=7 --oat-location=/data/dalvik-cache/arm/system@priv-app@CellBroadcastReceiver@CellBroadcastReceiver.apk@classes.dex --instruction-set=arm --instruction-set-features=lpae,div --runtime-arg -Xms64m --runtime-arg -Xmx512m
I/dex2oat ( 1952): dex2oat took 108.257ms (threads: 4)
I/art     (  858): DexFile_isDexOptNeededInternal profile file /data/dalvik-cache/profiles/com.android.deskclock doesn't exist. Will check odex to see if we can find a working version.
I/art     (  858): DexFile_isDexOptNeeded failed to open oat file '/data/dalvik-cache/arm/system@app@DeskClock@DeskClock.apk@classes.dex' for file location '/system/app/DeskClock/DeskClock.apk': Failed to open oat filename for reading: No such file or directory
I/art     (  858): DexFile_isDexOptNeeded failed to open oat file '/system/app/DeskClock/arm/DeskClock.odex' for file location '/system/app/DeskClock/DeskClock.apk': Failed to open oat filename for reading: No such file or directory
I/PackageManager(  858): Running dexopt on: /system/app/DeskClock/DeskClock.apk pkg=com.android.deskclock isa=arm vmSafeMode=false
E/cutils-trace( 1957): Error opening trace file: No such file or directory (2)
I/dex2oat ( 1957): /system/bin/dex2oat --zip-fd=6 --zip-location=/system/app/DeskClock/DeskClock.apk --oat-fd=7 --oat-location=/data/dalvik-cache/arm/system@app@DeskClock@DeskClock.apk@classes.dex --instruction-set=arm --instruction-set-features=lpae,div --runtime-arg -Xms64m --runtime-arg -Xmx512m
I/dex2oat ( 1957): dex2oat took 861.217ms (threads: 4)
I/art     (  858): DexFile_isDexOptNeededInternal profile file /data/dalvik-cache/profiles/com.google.android.onetimeinitializer doesn't exist. Will check odex to see if we can find a working version.
I/art     (  858): DexFile_isDexOptNeeded failed to open oat file '/data/dalvik-cache/arm/system@priv-app@GoogleOneTimeInitializer@GoogleOneTimeInitializer.apk@classes.dex' for file location '/system/priv-app/GoogleOneTimeInitializer/GoogleOneTimeInitializer.apk': Failed to open oat filename for reading: No such file or directory
I/art     (  858): DexFile_isDexOptNeeded failed to open oat file '/system/priv-app/GoogleOneTimeInitializer/arm/GoogleOneTimeInitializer.odex' for file location '/system/priv-app/GoogleOneTimeInitializer/GoogleOneTimeInitializer.apk': Failed to open oat filename for reading: No such file or directory
I/PackageManager(  858): Running dexopt on: /system/priv-app/GoogleOneTimeInitializer/GoogleOneTimeInitializer.apk pkg=com.google.android.onetimeinitializer isa=arm vmSafeMode=false
E/cutils-trace( 1968): Error opening trace file: No such file or directory (2)
I/dex2oat ( 1968): /system/bin/dex2oat --zip-fd=6 --zip-location=/system/priv-app/GoogleOneTimeInitializer/GoogleOneTimeInitializer.apk --oat-fd=7 --oat-location=/data/dalvik-cache/arm/system@priv-app@GoogleOneTimeInitializer@GoogleOneTimeInitializer.apk@classes.dex --instruction-set=arm --instruction-set-features=lpae,div --runtime-arg -Xms64m --runtime-arg -Xmx512m
I/dex2oat ( 1968): dex2oat took 403.719ms (threads: 4)
I/art     (  858): DexFile_isDexOptNeededInternal profile file /data/dalvik-cache/profiles/com.google.android.setupwizard doesn't exist. Will check odex to see if we can find a working version.
I/art     (  858): DexFile_isDexOptNeeded failed to open oat file '/data/dalvik-cache/arm/system@priv-app@SetupWizard@SetupWizard.apk@classes.dex' for file location '/system/priv-app/SetupWizard/SetupWizard.apk': Failed to open oat filename for reading: No such file or directory
I/art     (  858): DexFile_isDexOptNeeded failed to open oat file '/system/priv-app/SetupWizard/arm/SetupWizard.odex' for file location '/system/priv-app/SetupWizard/SetupWizard.apk': Failed to open oat filename for reading: No such file or directory
I/PackageManager(  858): Running dexopt on: /system/priv-app/SetupWizard/SetupWizard.apk pkg=com.google.android.setupwizard isa=arm vmSafeMode=false
E/cutils-trace( 1977): Error opening trace file: No such file or directory (2)
I/dex2oat ( 1977): /system/bin/dex2oat --zip-fd=6 --zip-location=/system/priv-app/SetupWizard/SetupWizard.apk --oat-fd=7 --oat-location=/data/dalvik-cache/arm/system@priv-app@SetupWizard@SetupWizard.apk@classes.dex --instruction-set=arm --instruction-set-features=lpae,div --runtime-arg -Xms64m --runtime-arg -Xmx512m
I/dex2oat ( 1977): dex2oat took 2.093s (threads: 4)
I/art     (  858): DexFile_isDexOptNeededInternal profile file /data/dalvik-cache/profiles/com.google.android.apps.books doesn't exist. Will check odex to see if we can find a working version.
I/art     (  858): DexFile_isDexOptNeeded failed to open oat file '/data/dalvik-cache/arm/system@app@Books@Books.apk@classes.dex' for file location '/system/app/Books/Books.apk': Failed to open oat filename for reading: No such file or directory
I/art     (  858): DexFile_isDexOptNeeded failed to open oat file '/system/app/Books/arm/Books.odex' for file location '/system/app/Books/Books.apk': Failed to open oat filename for reading: No such file or directory
I/PackageManager(  858): Running dexopt on: /system/app/Books/Books.apk pkg=com.google.android.apps.books isa=arm vmSafeMode=false
E/cutils-trace( 1999): Error opening trace file: No such file or directory (2)
I/dex2oat ( 1999): /system/bin/dex2oat --zip-fd=6 --zip-location=/system/app/Books/Books.apk --oat-fd=7 --oat-location=/data/dalvik-cache/arm/system@app@Books@Books.apk@classes.dex --instruction-set=arm --instruction-set-features=lpae,div --runtime-arg -Xms64m --runtime-arg -Xmx512m
I/dex2oat ( 1999): dex2oat took 7.291s (threads: 4)
I/art     (  858): DexFile_isDexOptNeededInternal profile file /data/dalvik-cache/profiles/com.google.android.apps.docs.editors.docs doesn't exist. Will check odex to see if we can find a working version.
I/art     (  858): DexFile_isDexOptNeeded failed to open oat file '/data/dalvik-cache/arm/system@app@EditorsDocs@EditorsDocs.apk@classes.dex' for file location '/system/app/EditorsDocs/EditorsDocs.apk': Failed to open oat filename for reading: No such file or directory
I/art     (  858): DexFile_isDexOptNeeded failed to open oat file '/system/app/EditorsDocs/arm/EditorsDocs.odex' for file location '/system/app/EditorsDocs/EditorsDocs.apk': Failed to open oat filename for reading: No such file or directory
I/PackageManager(  858): Running dexopt on: /system/app/EditorsDocs/EditorsDocs.apk pkg=com.google.android.apps.docs.editors.docs isa=arm vmSafeMode=false
E/cutils-trace( 2025): Error opening trace file: No such file or directory (2)
I/dex2oat ( 2025): /system/bin/dex2oat --zip-fd=6 --zip-location=/system/app/EditorsDocs/EditorsDocs.apk --oat-fd=7 --oat-location=/data/dalvik-cache/arm/system@app@EditorsDocs@EditorsDocs.apk@classes.dex --instruction-set=arm --instruction-set-features=lpae,div --runtime-arg -Xms64m --runtime-arg -Xmx512m
I/dex2oat ( 2025): Method exceeds compiler instruction limit: 25949 in void aqH.<init>(com.google.common.labs.inject.gelly.GellyStaticRuntime$a)
I/dex2oat ( 2025): Method exceeds compiler instruction limit: 27922 in void aqH.initialize()
W/dex2oat ( 2025): Compilation of void aYw.<init>(com.google.common.labs.inject.gelly.GellyStaticRuntime$a) took 125.360ms
I/dex2oat ( 2025): Method exceeds compiler instruction limit: 19329 in void aYw.initialize()
I/dex2oat ( 2025): dex2oat took 13.161s (threads: 4)
I/art     (  858): DexFile_isDexOptNeededInternal profile file /data/dalvik-cache/profiles/com.google.android.gms doesn't exist. Will check odex to see if we can find a working version.
I/art     (  858): DexFile_isDexOptNeeded failed to open oat file '/data/dalvik-cache/arm/system@priv-app@PrebuiltGmsCore@PrebuiltGmsCore.apk@classes.dex' for file location '/system/priv-app/PrebuiltGmsCore/PrebuiltGmsCore.apk': Failed to open oat filename for reading: No such file or directory
I/art     (  858): DexFile_isDexOptNeeded failed to open oat file '/system/priv-app/PrebuiltGmsCore/arm/PrebuiltGmsCore.odex' for file location '/system/priv-app/PrebuiltGmsCore/PrebuiltGmsCore.apk': Failed to open oat filename for reading: No such file or directory
I/PackageManager(  858): Running dexopt on: /system/priv-app/PrebuiltGmsCore/PrebuiltGmsCore.apk pkg=com.google.android.gms isa=arm vmSafeMode=false
E/cutils-trace( 2063): Error opening trace file: No such file or directory (2)
I/dex2oat ( 2063): /system/bin/dex2oat --zip-fd=6 --zip-location=/system/priv-app/PrebuiltGmsCore/PrebuiltGmsCore.apk --oat-fd=7 --oat-location=/data/dalvik-cache/arm/system@priv-app@PrebuiltGmsCore@PrebuiltGmsCore.apk@classes.dex --instruction-set=arm --instruction-set-features=lpae,div --runtime-arg -Xms64m --runtime-arg -Xmx512m
W/dex2oat ( 2063): Compilation of int com.google.android.location.activity.a.a.g.a(float, float, float, float, float, float, float, float, float, float, float, float, float, float, float, float, float, float, float, float, float, float, float, float, float, float, float, float, float, float, float, float, float, float, float) took 102.536ms
W/dex2oat ( 2063): Compilation of int com.google.android.location.activity.a.a.h.a(float, float, float, float, float, float, float, float, float, float, float, float, float, float, float, float, float, float, float, float, float, float, float, float, float, float, float, float, float, float, float, float, float, float, float) took 112.207ms
W/dex2oat ( 2063): Compilation of int com.google.android.location.activity.a.a.e.a(float, float, float, float, float, float, float, float, float, float, float, float, float, float, float, float, float, float, float, float, float, float, float, float, float, float, float, float, float, float, float, float, float, float, float) took 135.139ms
