I/ActivityManager(  858): Start proc com.google.android.onetimeinitializer for broadcast com.google.android.onetimeinitializer/.OneTimeInitializerReceiver: pid=4106 uid=10020 gids={50020, 9997} abi=armeabi-v7a
I/RlzPingService( 3286): Setting next ping for 1419920118534
W/SearchServiceClient( 3094): Attempt to handover from detached client
I/art     ( 4106): Starting profiler using output file: /data/dalvik-cache/profiles/com.google.android.onetimeinitializer and options: enabled=1, period_s=10, duration_s=20, interval_us=500, backoff_coefficient=2, start_immediately=0, top_k_threshold=90, top_k_change_threshold=10, profile_type=0, max_stack_depth=3
W/Launcher( 3094): setApplicationContext called twice! old=com.google.android.velvet.VelvetApplication@37688fda new=com.google.android.velvet.VelvetApplication@37688fda
V/OneTimeInitializerReceiver( 4106): OneTimeInitializerReceiver.onReceive
I/art     ( 3248): Explicit concurrent mark sweep GC freed 28313(3MB) AllocSpace objects, 6(96KB) LOS objects, 39% free, 17MB/29MB, paused 591us total 19.840ms
V/OneTimeService( 4106): OneTimeService.onHandleIntent
I/SystemUpdateService( 3181): receiver: Intent { act=android.intent.action.BOOT_COMPLETED flg=0x8000010 cmp=com.google.android.gms/.update.SystemUpdateService$Receiver (has extras) }
D/SystemUpdateService( 3181): onCreate
I/CalendarProvider2( 3958): Sending notification intent: Intent { act=android.intent.action.PROVIDER_CHANGED dat=content://com.android.calendar }
W/ContentResolver( 3958): Failed to get type for: content://com.android.calendar (Unknown URL content://com.android.calendar)
D/SystemUpdateService( 3181): onStartCommand: intent: Intent { cmp=com.google.android.gms/.update.SystemUpdateService (has extras) }
I/ConfigFetchService( 3181): PackageReceiver: Intent { act=android.intent.action.BOOT_COMPLETED flg=0x8000010 cmp=com.google.android.gms/.config.ConfigFetchService$PackageReceiver (has extras) }
V/Finsky  ( 4027): [1] GearheadStateMonitor.onReady: sIsProjecting:false
I/CAR.SERVICE( 4071): listener not found in list
D/Finsky  ( 4027): [1] RestoreTracker.stopServiceIfDone: Restore complete with 0 success and 0 failed.
I/SystemUpdateService( 3181): cancelUpdate (empty URL)
I/SystemUpdateService( 3181): active receiver: disabled
I/ConfigService( 3248): onCreate
I/ConfigService( 3248): onBind for Intent { act=com.google.android.gms.config.UPDATE pkg=com.google.android.gms } action com.google.android.gms.config.UPDATE
I/ConfigFetchService( 3181): onStartCommand Intent { act=android.intent.action.BOOT_COMPLETED cmp=com.google.android.gms/.config.ConfigFetchService (has extras) }
I/ConfigService( 3248): onBind returning update interface
I/ConfigService( 3248): onBind for Intent { act=com.google.android.gms.config.START pkg=com.google.android.gms } action com.google.android.gms.config.START
I/ConfigService( 3248): onBind returning config service
W/ResourcesManager( 3094): Asset path '/system/framework/com.google.android.maps.jar' does not exist or contains no resources.
W/ResourcesManager( 3094): Asset path '/system/framework/com.google.android.media.effects.jar' does not exist or contains no resources.
I/art     ( 3181): Explicit concurrent mark sweep GC freed 43869(3MB) AllocSpace objects, 44(704KB) LOS objects, 40% free, 18MB/30MB, paused 627us total 31.145ms
I/ConfigFetchService( 3181): launchTask
I/ConfigFetchService( 3181): service connected
I/ConfigClient( 3181): service connected
I/ConfigFetchService( 3181): connected = true
I/ConfigFetchService( 3181): self-hosted config:fetch_interval = 43200
D/SystemUpdateService( 3181): onDestroy
D/DctController( 3050): [DctController] DataStateReceiver: phoneId= 0
D/DctController( 3050): [DctController] DataStateReceiver: ignore invalid subId=-1
I/GEL     ( 3094): handleIntent(Intent { act=android.intent.action.MAIN cat=[android.intent.category.HOME] flg=0x10000000 cmp=com.google.android.googlequicksearchbox/com.google.android.launcher.GEL })
V/GLSUser ( 3248): [LoginAccountsChangedWakefulBroadcastReceiver] recieved broadcast intent with action: android.intent.action.BOOT_COMPLETED
V/ConfigFetchTask( 3181): ConfigFetchTask getDeviceDataVersionInfo(): ABFEt1VKvQWxrHNAZpKPz2cHJwSQncHoDOT6QsvCI6ZF0udzTLI7fdD4NnOGgaMefENCZTz939IpL_5oDtqMBViXsRTQe7JyML7EwMbv2owMk8ybtPZOEkz5Yk_XJfRv4Z8_4Vo_WAsuk1UHb9gEPtnC-kV_eWMJPieCV59b5KybufmzbjypgLyKmbhgD2UR_XOOmE-W--TEOpgHpJ4cD9yl2qeMfu2JY_VU7qxyjR7pXOH2U27OiAVGhEV0idQ9tnL8gOYr4E7aHO77B4LRcFSU20fILr71ozI3bNaKyXNegUfCyq2tPe8
I/GAV2    ( 3215): Thread[GAThread,5,main]: No campaign data found.
D/GCM     ( 3181): COMPAT: Multi user ser=0 current=0
D/GCM     ( 3248): GcmService start Intent { act=android.intent.action.BOOT_COMPLETED flg=0x8000010 cmp=com.google.android.gms/.gcm.GcmService (has extras) } android.intent.action.BOOT_COMPLETED
I/GCoreUlr( 3181): Starting service, intent=Intent { act=com.google.android.location.reporting.ACTION_UPDATE_WORLD cmp=com.google.android.gms/com.google.android.location.reporting.service.DispatchingService (has extras) }, extras=Bundle[{receiverAction=android.intent.action.BOOT_COMPLETED}]
V/AuthZen ( 3181): Handling intent: android.intent.action.BOOT_COMPLETED
D/PersistentNotificationBroadcastReceiver( 3248): Received intent: Intent { act=android.intent.action.BOOT_COMPLETED flg=0x8000010 cmp=com.google.android.gms/.common.notification.PersistentNotificationBroadcastReceiver (has extras) }
I/GCoreUlr( 3455): WorldUpdater received intent Intent { act=com.google.android.location.reporting.ACTION_UPDATE_WORLD cmp=com.google.android.gms/com.google.android.location.reporting.service.DispatchingService (has extras) } with receiverAction android.intent.action.BOOT_COMPLETED
V/AuthZen ( 3181): [DefaultAuthzenGcmReceiverDelegateService] Handling delegate intent.
I/AuthZen ( 3181): Fetching signing key...
W/GAV2    ( 3215): Thread[Background Non-Blocking-0,5,main]: dispatch call queued.  Need to call GAServiceManager.getInstance().initialize().
I/GoogleHttpClient( 3181): Falling back to old SSLCertificateSocketFactory
I/AuthZen ( 3181): Signing key fetched successfuly!
I/WindowManager(  858): Screen frozen for +487ms due to AppWindowToken{15099d19 token=Token{21899460 ActivityRecord{3c535063 u0 com.google.android.googlequicksearchbox/com.google.android.launcher.GEL t105}}}
W/ActivityThread( 3181): ClassLoader.loadClass: The class loader returned by Thread.getContextClassLoader() may fail for processes that host multiple applications. You should explicitly specify a context class loader. For example: Thread.setContextClassLoader(getClass().getClassLoader());
W/GmsApplication( 3181): Using Auth Proxy for data requests.
I/GoogleHttpClient( 3181): Falling back to old SSLCertificateSocketFactory
I/GLSUser ( 3181): [ ChannelManager ] Attempting to channel bind connection HttpClient.
W/LocationOracleImpl( 3215): Best location was null
W/LocationOracleImpl( 3215): Best location was null
I/GLSUser ( 3181): [ ChannelManager ] Skip channel binding on pre-KLP devices.
W/OpenGLRenderer( 3094): Incorrectly called buildLayer on View: CrossfadingWebImageView, destroying layer...
W/OpenGLRenderer( 3094): Incorrectly called buildLayer on View: NowProgressBar, destroying layer...
D/g       ( 3181): Sync bypassed. Last proactive sync was 265227674ms ago.
I/GoogleHttpClient( 3248): GMS http client unavailable, use old client
I/ActivityManager(  858): Start proc com.qualcomm.qcrilmsgtunnel for broadcast com.qualcomm.qcrilmsgtunnel/.QcrilMsgTunnelAutoboot: pid=4194 uid=1001 gids={41001, 9997, 3002, 3001, 3003, 1028, 1015, 1023} abi=armeabi-v7a
I/GCoreUlr( 3455): No GCM registration ID
I/InitializerTaskManager( 3776): submitting [class com.google.android.apps.wallet.init.LoadGlobalResourcesTask, class com.google.android.apps.wallet.pin.FetchCloudPinStateTask, class com.google.android.apps.wallet.pin.ExpirePinTask, class com.google.android.apps.wallet.init.ClearNotificationsTask, class com.google.android.apps.wallet.hce.setup.SetupHceOnBootTask, class com.google.android.apps.wallet.init.MarkBootTasksCompletedTask, class com.google.android.apps.wallet.init.MarkChangedUserTasksCompletedTask, class com.google.android.apps.wallet.eventbus.InitializeEventPublishersTask, class com.google.android.apps.wallet.init.CombinedSyncTask, class com.google.android.apps.wallet.init.CombinedBackgroundInitializerTask]
I/InitializerTaskManager( 3776): class com.google.android.apps.wallet.init.LoadGlobalResourcesTask: start
D/QcrilMsgTunnelAutoboot( 4194): ComponentInfo{com.qualcomm.qcrilmsgtunnel/com.qualcomm.qcrilmsgtunnel.QcrilMsgTunnelService} started successfully
D/QcrilMsgTunnelService( 4194): onCreate method
D/QcrilMsgTunnelIfaceManager( 4194): : Instantiated
V/QcrilMsgTunnelSocket( 4194): Starting QcRil Sender & Receiver threads
I/QcrilMsgTunnelSocket( 4194): Connected to 'qmux_radio/rild_oem0' socket
D/QcrilMsgTunnelIfaceManager( 4194):  Registered for UNSOL OEM HOOK Responses to deliver external apps
I/GCoreUlr( 3455): Ensuring that reporting is active for [account#-1#]
I/ActivityManager(  858): Start proc com.google.android.calendar for broadcast com.google.android.calendar/com.android.calendar.alerts.AlertReceiver: pid=4218 uid=10043 gids={50043, 9997, 3003, 1028, 1015, 1023} abi=armeabi-v7a
I/GCoreUlr( 3455): Starting service, intent=Intent { act=com.google.android.location.reporting.ACTION_LOCATION_STATUS cmp=com.google.android.gms/com.google.android.location.reporting.service.DispatchingService (has extras) }, extras=Bundle[{status=LocationStatus[cell status: STATUS_LOCATION_DISABLED_IN_SETTINGS, wifi status: STATUS_LOCATION_DISABLED_IN_SETTINGS, elapsed realtime ns: 312918078216]}]
I/art     (  858): Explicit concurrent mark sweep GC freed 12214(839KB) AllocSpace objects, 12(735KB) LOS objects, 33% free, 25MB/38MB, paused 970us total 51.633ms
E/SQLiteLog( 4218): (283) recovered 54 frames from WAL file /data/data/com.google.android.calendar/databases/timelydata.db-wal
I/sdcard  (  355): type=1400 audit(0.0:8): avc: denied { getattr } for path="/data/media/0/pre_uber_kernel_zImage" dev="mmcblk0p28" ino=1344375 scontext=u:r:sdcardd:s0 tcontext=u:object_r:unlabeled:s0 tclass=file permissive=1
I/sdcard  (  354): type=1400 audit(0.0:9): avc: denied { getattr } for path=2F646174612F6D656469612F302F545752502F4241434B5550532F303733306664383132353238356134352F323031342D31322D32302D2D31322D34392D3238204C525832324720746573742D6B657973 dev="mmcblk0p28" ino=1425434 scontext=u:r:sdcardd:s0 tcontext=u:object_r:unlabeled:s0 tclass=dir permissive=1
I/ActivityManager(  858): Start proc com.google.android.talk for broadcast com.google.android.talk/com.google.android.apps.hangouts.service.BootReceiver: pid=4245 uid=10055 gids={50055, 9997, 3003, 1028, 1015, 1023, 3002} abi=armeabi-v7a
I/sdcard  (  355): type=1400 audit(0.0:10): avc: denied { read } for name=323031342D31322D32302D2D31322D34392D3238204C525832324720746573742D6B657973 dev="mmcblk0p28" ino=1425434 scontext=u:r:sdcardd:s0 tcontext=u:object_r:unlabeled:s0 tclass=dir permissive=1
I/sdcard  (  355): type=1400 audit(0.0:11): avc: denied { open } for name=323031342D31322D32302D2D31322D34392D3238204C525832324720746573742D6B657973 dev="mmcblk0p28" ino=1425434 scontext=u:r:sdcardd:s0 tcontext=u:object_r:unlabeled:s0 tclass=dir permissive=1
I/art     ( 4245): Starting profiler using output file: /data/dalvik-cache/profiles/com.google.android.talk and options: enabled=1, period_s=10, duration_s=20, interval_us=500, backoff_coefficient=2, start_immediately=0, top_k_threshold=90, top_k_change_threshold=10, profile_type=0, max_stack_depth=3
W/ResourcesManager( 4245): Asset path '/system/framework/com.google.android.media.effects.jar' does not exist or contains no resources.
I/AnalyticsLogBase( 4218): PlayLogger.onLoggerConnected
I/Babel   ( 4245): MmsConfig: mnc/mcc: 310/0
I/Babel   ( 4245): MmsConfig.loadMmsSettings
I/Babel   ( 4245): MmsConfig.loadDeviceMmsSettings from API: mUserAgent=Nexus5, mUaProfUrl=http://gsm.lge.com/html/gsm/Nexus5-M3.xml
I/Babel   ( 4245): MmsConfig.loadFromDatabase
E/Babel   ( 4245): canonicalizeMccMnc: invalid mccmnc 
I/Babel   ( 4245): MmsConfig.loadFromResources
E/Babel   ( 4245): canonicalizeMccMnc: invalid mccmnc nullnull
I/Babel   ( 4245): MmsConfig.loadMmsSettings: mUserAgent=Nexus5, mUaProfUrl=http://gsm.lge.com/html/gsm/Nexus5-M3.xml
W/Settings( 4245): Setting airplane_mode_on has moved from android.provider.Settings.System to android.provider.Settings.Global, returning read-only value.
I/Babel_StickerModule( 4245): App launched.
V/Babel   ( 4245): babel boot account: patenaomi99@gmail.com
V/Babel   ( 4245): babel boot account: SMS
I/SystemBroadcastReceiver( 2927): Boot has been completed
I/LauncherIconVisibilityManager( 2927): Activity has already been disabled: ComponentInfo{com.google.android.inputmethod.latin/com.android.inputmethod.latin.setup.SetupActivity}
I/ActivityManager(  858): Start proc com.google.android.apps.messaging for broadcast com.google.android.apps.messaging/.receiver.BootReceiver: pid=4284 uid=10059 gids={50059, 9997, 3003, 1028, 1015, 1023} abi=armeabi-v7a
I/art     ( 4284): Starting profiler using output file: /data/dalvik-cache/profiles/com.google.android.apps.messaging and options: enabled=1, period_s=10, duration_s=20, interval_us=500, backoff_coefficient=2, start_immediately=0, top_k_threshold=90, top_k_change_threshold=10, profile_type=0, max_stack_depth=3
W/VideoCapabilities( 4245): Unrecognized profile 2130706433 for video/avc
I/GLSUser ( 3248): [GLSUser]  extracting token using key:Auth
W/GLSUser ( 3248): [GLSUser] [GLSUser]  Permission for com.google.android.apps.walletnfcrel to access oauth2:https://www.googleapis.com/auth/sierra will be managed locally.
I/VideoCapabilities( 4245): Unsupported profile 4 for video/mp4v-es
I/NotificationStore( 3248): file does not exist: /data/data/com.google.android.gms/files/notification_data.dat
E/PhoneInterfaceManager( 3050): [PhoneIntfMgr] getIccId: ICC ID is null or empty.
I/Bugle   ( 4284): MmsConfig: mnc/mcc: 310/0
W/ResourcesManager( 4284): Asset path '/system/framework/com.google.android.media.effects.jar' does not exist or contains no resources.
I/ActivityManager(  858): Start proc com.google.android.youtube for broadcast com.google.android.youtube/com.google.android.libraries.youtube.upload.service.UploadService$BootReceiver: pid=4312 uid=10068 gids={50068, 9997, 3003, 1028, 1015, 1023} abi=armeabi-v7a
I/Bugle   ( 4284): ApnsOta: OTA version -1
I/Bugle   ( 4284): MmsConfig.loadMmsSettings
I/Bugle   ( 4284): MmsConfig.loadDeviceMmsSettings from API: mUserAgent=Nexus5, mUaProfUrl=http://gsm.lge.com/html/gsm/Nexus5-M3.xml
I/Bugle   ( 4284): MmsConfig.loadFromDatabase
I/Bugle   ( 4284): MmsConfig.loadFromResources
I/BugleUsageStatistics( 4284): PlayLogger.onLoggerConnected
E/Bugle   ( 4284): canonicalizeMccMnc: invalid mccmnc nullnull
I/Bugle   ( 4284): MmsConfig key: enabledMMS value: true type: bool
I/Bugle   ( 4284): MmsConfig key: maxMessageSize value: 307200 type: int
I/Bugle   ( 4284): MmsConfig key: maxImageHeight value: 480 type: int
I/Bugle   ( 4284): MmsConfig key: maxImageWidth value: 640 type: int
I/Bugle   ( 4284): MmsConfig key: recipientLimit value: -1 type: int
I/Bugle   ( 4284): MmsConfig key: enableMultipartSMS value: true type: bool
I/Bugle   ( 4284): MmsConfig key: smsToMmsTextThreshold value: -1 type: int
I/Bugle   ( 4284): MmsConfig key: maxMessageTextSize value: -1 type: int
I/art     ( 4284): Note: end time exceeds epoch: 
I/art     ( 4312): Starting profiler using output file: /data/dalvik-cache/profiles/com.google.android.youtube and options: enabled=1, period_s=10, duration_s=20, interval_us=500, backoff_coefficient=2, start_immediately=0, top_k_threshold=90, top_k_change_threshold=10, profile_type=0, max_stack_depth=3
D/MmsService( 3050): getCarrierConfigValues
I/MmsService( 3050): getMmsConfigBySubId -- for sub: -1000 mmsConfig: null
I/Bugle   ( 4284): MmsConfig.loadMmsSettings: mUserAgent=Nexus5, mUaProfUrl=http://gsm.lge.com/html/gsm/Nexus5-M3.xml
I/BugleDataModel( 4284): Fixup: Send failed - 0 Download failed - 0
I/BugleDataModel( 4284): SyncMessagesAction: Starting batch for messages from 1419314528359 to 1419315319907 (message update limit = 80, message scan limit = 4000)
W/ResourcesManager( 4312): Asset path '/system/framework/com.android.media.remotedisplay.jar' does not exist or contains no resources.
W/ResourcesManager( 4312): Asset path '/system/framework/com.android.location.provider.jar' does not exist or contains no resources.
I/ActivityManager(  858): Killing 3402:com.google.android.gms.ui/u0a18 (adj 15): empty #17
V/JNIHelp ( 4312): Registering com/google/android/gms/org/conscrypt/NativeCrypto's 235 native methods...
I/BugleDataModel( 4284): SyncMessagesAction: All messages now in sync
I/ActivityManager(  858): Killing 3663:com.android.chrome/u0a31 (adj 15): empty #17
I/ProviderInstaller( 4312): Installed default security provider GmsCore_OpenSSL
I/InitializerTaskManager( 3776): class com.google.android.apps.wallet.init.LoadGlobalResourcesTask: done, elapsed: 1147 ms
I/InitializerTaskManager( 3776): class com.google.android.apps.wallet.pin.FetchCloudPinStateTask: start
E/PhoneInterfaceManager( 3050): [PhoneIntfMgr] getIccId: ICC ID is null or empty.
I/art     ( 3248): Explicit concurrent mark sweep GC freed 24198(1606KB) AllocSpace objects, 6(96KB) LOS objects, 40% free, 18MB/30MB, paused 739us total 23.335ms
I/InitializerTaskManager( 3776): class com.google.android.apps.wallet.pin.FetchCloudPinStateTask: done, elapsed: 115 ms
I/InitializerTaskManager( 3776): class com.google.android.apps.wallet.pin.ExpirePinTask: start
I/InitializerTaskManager( 3776): class com.google.android.apps.wallet.pin.ExpirePinTask: done, elapsed: 4 ms
I/InitializerTaskManager( 3776): class com.google.android.apps.wallet.init.ClearNotificationsTask: start
I/InitializerTaskManager( 3776): class com.google.android.apps.wallet.init.ClearNotificationsTask: done, elapsed: 3 ms
I/InitializerTaskManager( 3776): class com.google.android.apps.wallet.hce.setup.SetupHceOnBootTask: start
I/InitializerTaskManager( 3776): class com.google.android.apps.wallet.hce.setup.SetupHceOnBootTask: done, elapsed: 2 ms
I/InitializerTaskManager( 3776): class com.google.android.apps.wallet.init.MarkBootTasksCompletedTask: start
I/InitializerTaskManager( 3776): class com.google.android.apps.wallet.init.MarkBootTasksCompletedTask: done, elapsed: 1 ms
I/InitializerTaskManager( 3776): class com.google.android.apps.wallet.init.MarkChangedUserTasksCompletedTask: start
I/InitializerTaskManager( 3776): class com.google.android.apps.wallet.init.MarkChangedUserTasksCompletedTask: done, elapsed: 0 ms
I/InitializerTaskManager( 3776): class com.google.android.apps.wallet.eventbus.InitializeEventPublishersTask: start
E/YouTube MDX( 4312): Bogus value in shared preferences for key MdxServerSelection value , returning default value.
I/InitializerTaskManager( 3776): class com.google.android.apps.wallet.eventbus.InitializeEventPublishersTask: done, elapsed: 83 ms
I/InitializerTaskManager( 3776): class com.google.android.apps.wallet.init.CombinedSyncTask: start
I/InitializerTaskManager( 3776): class com.google.android.apps.wallet.init.CombinedSyncTask: done, elapsed: 8 ms
I/InitializerTaskManager( 3776): class com.google.android.apps.wallet.init.CombinedBackgroundInitializerTask: start
I/WobsManager( 3776): begin syncing all WOB caches from crossbar.
E/PhoneInterfaceManager( 3050): [PhoneIntfMgr] getIccId: ICC ID is null or empty.
I/InitializerTaskManager( 3776): class com.google.android.apps.wallet.init.CombinedBackgroundInitializerTask: done, elapsed: 7 ms
W/Settings( 3776): Setting airplane_mode_on has moved from android.provider.Settings.System to android.provider.Settings.Global, returning read-only value.
I/NfcPaymentSetupService( 3776): onHandleIntent. action: com.google.android.apps.wallet.hce.setup.ACTION_SETUP_HCE_ON_BOOT
I/ActivityManager(  858): Killing 3616:com.android.settings/1000 (adj 15): empty #17
D/WifiService(  858): Client connection lost with reason: 4
E/PhoneInterfaceManager( 3050): [PhoneIntfMgr] getIccId: ICC ID is null or empty.
E/PhoneInterfaceManager( 3050): [PhoneIntfMgr] getIccId: ICC ID is null or empty.
I/PeopleDatabaseHelper( 3181): cleanUpNonGplusAccounts done.
I/GAV2    ( 3702): Thread[GAThread,5,main]: No campaign data found.
I/art     (  858): Explicit concurrent mark sweep GC freed 9406(535KB) AllocSpace objects, 5(101KB) LOS objects, 33% free, 26MB/39MB, paused 1.064ms total 52.082ms
I/UserProfilePhotoPublisher( 3776): Photo loaded
D/GCM     ( 3248): GcmService start Intent { act=com.google.android.gms.INITIALIZE flg=0x10 pkg=com.google.android.gms cmp=com.google.android.gms/.gcm.GcmService } com.google.android.gms.INITIALIZE
D/AuthorizationBluetoothService( 3248): Received GmsCore event: Intent { act=com.google.android.gms.INITIALIZE flg=0x10 pkg=com.google.android.gms cmp=com.google.android.gms/.auth.be.proximity.authorization.bt.AuthorizationBluetoothService$AutoStarter }.
D/c       ( 3248): Getting all permits...
D/a       ( 3248): Opening database...
D/LocationInitializer( 3181): Restart initialization of location
D/a       ( 3248): Opening database auth.proximity.permit_store...
D/a       ( 3248): Closing database...
E/WifiStateMachine(  858): WifiStateMachine CMD_START_SCAN source -2 txSuccessRate=44.50 rxSuccessRate=41.25 targetRoamBSSID=08:60:6e:cb:d8:98 RSSI=-49
I/AssetJarManager( 3215): Local jar is older than the asset. Overriding local file.
E/PhoneInterfaceManager( 3050): [PhoneIntfMgr] getIccId: ICC ID is null or empty.
I/Velour.JarSignatureChecker( 3215): Verifying JAR /data/data/com.google.android.googlequicksearchbox/app_jar_tmp/nowwidget-270164788.jar...
I/Velour.JarSignatureChecker( 3215): Verified JAR /data/data/com.google.android.googlequicksearchbox/app_jar_tmp/nowwidget-270164788.jar
I/ActivityManager(  858): Start proc com.google.android.music:main for broadcast com.google.android.music/.homewidgets.IFLWidgetProvider: pid=4432 uid=10061 gids={50061, 9997, 3003, 1028, 1015, 1023} abi=armeabi-v7a
E/cutils-trace( 4431): Error opening trace file: No such file or directory (2)
I/dex2oat ( 4431): /system/bin/dex2oat --runtime-arg -classpath --runtime-arg  --instruction-set=arm --instruction-set-features=div --runtime-arg -Xrelocate --boot-image=/system/framework/boot.art --dex-file=/data/data/com.google.android.googlequicksearchbox/cache/extradex_jars/nowwidget-4.jar --oat-fd=39 --oat-location=/data/data/com.google.android.googlequicksearchbox/cache/extradex_jars/nowwidget-4.dex --runtime-arg -Xms64m --runtime-arg -Xmx512m
I/ActivityManager(  858): Killing 3826:com.android.keychain/1000 (adj 15): empty #17
I/dex2oat ( 4431): dex2oat took 64.163ms (threads: 4)
E/PhoneInterfaceManager( 3050): [PhoneIntfMgr] getIccId: ICC ID is null or empty.
I/MusicStore( 4432): Database version: 104
W/ResourcesManager( 4432): Asset path '/system/framework/com.android.media.remotedisplay.jar' does not exist or contains no resources.
W/ResourcesManager( 4432): Asset path '/system/framework/com.android.location.provider.jar' does not exist or contains no resources.
I/art     (  858): Explicit concurrent mark sweep GC freed 4172(242KB) AllocSpace objects, 5(152KB) LOS objects, 33% free, 26MB/39MB, paused 958us total 44.423ms
V/JNIHelp ( 4432): Registering com/google/android/gms/org/conscrypt/NativeCrypto's 235 native methods...
I/ProviderInstaller( 4432): Installed default security provider GmsCore_OpenSSL
D/AndroidMusic( 4432): GMSCore installation verified
I/ConfigStore( 4432): Config Database version: 1
D/MusicStore( 4432): Disabled WAL
D/ConfigStore( 4432): Database opened
D/MusicPreferences( 4432): Set pref key LogFilesEnabled=false
I/WobsManager( 3776): Successfully synced all WOB caches from crossbar.
I/MediaRouter( 4432): Found default route: MediaRouter.RouteInfo{ uniqueId=android/.support.v7.media.SystemMediaRouteProvider:DEFAULT_ROUTE, name=Phone, description=null, enabled=true, connecting=false, playbackType=0, playbackStream=3, volumeHandling=1, volume=7, volumeMax=15, presentationDisplayId=-1, extras=null, providerPackageName=android }
I/NetworkMonitor( 4432): type=WIFI subType= reason=null isConnected=true
D/GCM     ( 3248): GcmService start Intent { act=android.net.conn.CONNECTIVITY_CHANGE flg=0x4000010 cmp=com.google.android.gms/.gcm.GcmService (has extras) } android.net.conn.CONNECTIVITY_CHANGE
I/NetworkMonitor( 4432): type=WIFI subType= reason=null isConnected=true
D/MusicPreferences( 4432): Re-setting music sync state for account patenaomi99@gmail.com
I/iu.Environment( 3181): update connectivity state; isNetworkMetered? false, isRoaming? false, isBackgroundDataAllowed? true
I/ActivityManager(  858): Killing 3883:com.android.dialer/u0a5 (adj 15): empty #17
I/ActivityManager(  858): Start proc com.android.chrome for broadcast com.android.chrome/com.google.android.apps.chrome.precache.PrecacheServiceLauncher: pid=4471 uid=10031 gids={50031, 9997, 3003, 1028, 1015, 1023} abi=armeabi-v7a
D/MusicPreferences( 4432): Set pref key upgradeSyncDone=true
I/art     (  279): Explicit concurrent mark sweep GC freed 709(30KB) AllocSpace objects, 0(0B) LOS objects, 39% free, 15MB/25MB, paused 419us total 20.402ms
I/art     ( 4471): Starting profiler using output file: /data/dalvik-cache/profiles/com.android.chrome and options: enabled=1, period_s=10, duration_s=20, interval_us=500, backoff_coefficient=2, start_immediately=0, top_k_threshold=90, top_k_change_threshold=10, profile_type=0, max_stack_depth=3
I/art     (  279): Explicit concurrent mark sweep GC freed 5(160B) AllocSpace objects, 0(0B) LOS objects, 39% free, 15MB/25MB, paused 390us total 20.362ms
I/art     (  279): Explicit concurrent mark sweep GC freed 5(160B) AllocSpace objects, 0(0B) LOS objects, 39% free, 15MB/25MB, paused 384us total 19.505ms
I/ActivityManager(  858): Killing 3998:com.android.managedprovisioning/u0a8 (adj 15): empty #17
I/SubscribedFeeds( 3248): Received message
I/ActivityManager(  858): Start proc com.android.cellbroadcastreceiver for broadcast com.android.cellbroadcastreceiver/.CellBroadcastReceiver: pid=4497 uid=10002 gids={50002, 9997} abi=armeabi-v7a
I/art     ( 4497): Starting profiler using output file: /data/dalvik-cache/profiles/com.android.cellbroadcastreceiver and options: enabled=1, period_s=10, duration_s=20, interval_us=500, backoff_coefficient=2, start_immediately=0, top_k_threshold=90, top_k_change_threshold=10, profile_type=0, max_stack_depth=3
D/CellBroadcastReceiver( 4497): onReceive Intent { act=android.intent.action.SERVICE_STATE flg=0x10 cmp=com.android.cellbroadcastreceiver/.CellBroadcastReceiver (has extras) }
D/CellBroadcastReceiver( 4497): Intent ACTION_SERVICE_STATE_CHANGED
D/CellBroadcastReceiver( 4497): Service state changed! 3 Full: 3 3 home null null null  Unknown Unknown CSS not supported -1 -1 RoamInd=-1 DefRoamInd=-1 EmergOnly=false Current state=-1
D/GCM     ( 3248): GcmService start Intent { act=com.google.android.checkin.CHECKIN_COMPLETE flg=0x10 cmp=com.google.android.gms/.gcm.GcmService (has extras) } com.google.android.checkin.CHECKIN_COMPLETE
I/tee     ( 4519): type=1400 audit(0.0:12): avc: denied { append } for name="uber.log" dev="mmcblk0p28" ino=671748 scontext=u:r:init:s0 tcontext=u:object_r:shell_data_file:s0 tclass=file permissive=1
D/CellBroadcastReceiver( 4497): onReceive Intent { act=android.intent.action.SERVICE_STATE flg=0x10 cmp=com.android.cellbroadcastreceiver/.CellBroadcastReceiver (has extras) }
D/CellBroadcastReceiver( 4497): Intent ACTION_SERVICE_STATE_CHANGED
D/CellBroadcastReceiver( 4497): Service state changed! 1 Full: 1 1 home null null null  Unknown Unknown CSS not supported -1 -1 RoamInd=-1 DefRoamInd=-1 EmergOnly=false Current state=-1
D/SIP     ( 3050): [SipSharedPreferences] isReceivingCallsEnabled, option not set; use default value, exception: android.provider.Settings$SettingNotFoundException: sip_receive_calls
V/AlarmClock( 3842): AlarmInitReceiver android.intent.action.TIME_SET
V/AlarmClock( 3842): Setting silent state to instance 1
I/rmmod   ( 4530): type=1400 audit(0.0:13): avc: denied { sys_module } for capability=16 scontext=u:r:init:s0 tcontext=u:r:init:s0 tclass=capability permissive=1
V/AlarmClock( 3842): *** notifyChange() id: 1 url content://com.android.deskclock/instances/1
V/AlarmClock( 3842): Clearing notifications for alarm instance: 1
V/AlarmClock( 3842): Scheduling state change 1 to instance 1 at Tue 5:30 AM (1419341400000)
V/AlarmClock( 3842): AlarmInitReceiver finished
I/CheckinService( 3181): active receiver: disabled
I/ActivityManager(  858): Start proc com.qualcomm.timeservice for broadcast com.qualcomm.timeservice/.TimeServiceBroadcastReceiver: pid=4535 uid=10040 gids={50040, 9997} abi=armeabi-v7a
I/ConfigFetchService( 3181): fetch service done; releasing wakelock
I/ConfigFetchService( 3181): stopping self
I/ConfigService( 3248): onDestroy
I/art     ( 4535): Starting profiler using output file: /data/dalvik-cache/profiles/com.qualcomm.timeservice and options: enabled=1, period_s=10, duration_s=20, interval_us=500, backoff_coefficient=2, start_immediately=0, top_k_threshold=90, top_k_change_threshold=10, profile_type=0, max_stack_depth=3
D/TimeService( 4535): Receivedandroid.intent.action.TIME_SET intent. Current Time is 1419315321793
D/        ( 4535): TimeServiceNative: User Time to be set is 1419315321793
D/QC-time-services( 4535): Lib:time_genoff_operation: pargs->base = 2
D/QC-time-services( 4535): Lib:time_genoff_operation: pargs->operation = 0
D/QC-time-services( 4535): Lib:time_genoff_operation: pargs->ts_val = 1419315321793
D/QC-time-services(  308): Daemon: Connection accepted:time_genoff
D/QC-time-services( 4535): Lib:time_genoff_operation: Send to server  passed!!
D/QC-time-services(  308): Daemon:Received base = 2, unit = 1, operation = 0,value = 1419315321793
D/QC-time-services(  308): Daemon:genoff_opr: Base = 2, val = 1419315321793, operation = 0
D/QC-time-services(  308): Daemon:rtc_get: Time read from RTC -- MM/DD/YY HH:MM:SS8/15/70 1:57:4
D/QC-time-services(  308): Daemon:Value read from RTC seconds = 22215424000
D/QC-time-services(  308): Daemon:new time 1419315321793 
D/QC-time-services(  308): Daemon: delta 1397099897793 genoff 1397099897793 
D/QC-time-services(  308): Daemon:genoff_persistent_update: Writing genoff = 1397099897793 to memory
D/QC-time-services(  308): Daemon:Opening File: /data/system/time/ats_2
D/QC-time-services(  308): Daemon:time_persistent_memory_opr:Genoff write operation 
D/QC-time-services(  308): Updating the TOD offset
D/QC-time-services(  308): Daemon:genoff_persistent_update: Writing genoff = 1397099897793 to memory
D/QC-time-services(  308): Daemon:Opening File: /data/system/time/ats_1
D/QC-time-services(  308): Daemon:time_persistent_memory_opr:Genoff write operation 
D/QC-time-services(  308): Daemon:Update to modem bit set
D/QC-time-services(  308): Daemon:genoff_send_modem: Sending data to MODEM !
D/QC-time-services(  308): Daemon: Base = 2, Value being sent to MODEM = 1103350521793
E/QC-time-services( 4535): Receive Passed == base = 2, unit = 1, operation = 0, result = 0
I/ActivityManager(  858): Killing 3130:com.android.printspooler/u0a38 (adj 15): empty #17
D/QC-time-services(  308): Daemon: Time-services: Waiting to acceptconnection
D/QC-time-services(  308): Daemon:tod_update_ind_cb: Got Update from modem msg_id 40
W/art     ( 3702): Attempt to remove local handle scope entry from IRT, ignoring
D/GCM     ( 3248): GcmService start Intent { act=com.google.android.gms.INITIALIZE flg=0x10 pkg=com.google.android.gms cmp=com.google.android.gms/.gcm.GcmService } com.google.android.gms.INITIALIZE
D/AuthorizationBluetoothService( 3248): Received GmsCore event: Intent { act=com.google.android.gms.INITIALIZE flg=0x10 pkg=com.google.android.gms cmp=com.google.android.gms/.auth.be.proximity.authorization.bt.AuthorizationBluetoothService$AutoStarter }.
D/LocationInitializer( 3181): Restart initialization of location
D/c       ( 3248): Getting all permits...
D/a       ( 3248): Opening database...
D/a       ( 3248): Opening database auth.proximity.permit_store...
D/a       ( 3248): Closing database...
D/CellBroadcastReceiver( 4497): onReceive Intent { act=android.intent.action.SERVICE_STATE flg=0x10 cmp=com.android.cellbroadcastreceiver/.CellBroadcastReceiver (has extras) }
D/CellBroadcastReceiver( 4497): Intent ACTION_SERVICE_STATE_CHANGED
D/CellBroadcastReceiver( 4497): Service state changed! 1 Full: 1 1 home null null null  Unknown Unknown CSS not supported -1 -1 RoamInd=-1 DefRoamInd=-1 EmergOnly=true Current state=-1
D/GCM     ( 3248): GcmService start Intent { act=com.google.android.checkin.CHECKIN_COMPLETE flg=0x10 cmp=com.google.android.gms/.gcm.GcmService (has extras) } com.google.android.checkin.CHECKIN_COMPLETE
E/SQLiteLog( 4245): (284) automatic index on conversation_participants_view(conversation_id)
E/SQLiteLog( 4245): (284) automatic index on conversation_participants_view(conversation_id)
E/SQLiteLog( 4245): (284) automatic index on conversation_participants_view(conversation_id)
E/SQLiteLog( 4245): (284) automatic index on conversation_participants_view(conversation_id)
E/SQLiteLog( 4245): (284) automatic index on conversation_participants_view(conversation_id)
W/MediaScanner( 2758): Error opening directory '/storage/usbdisk/', skipping: Permission denied.
D/MusicStore( 4432): Disabled WAL
E/SQLiteLog( 3958): (284) automatic index on view_events(_id)
D/MusicStore( 4432): Database opened
I/MediaStoreImporter( 4432): Update: incremental Added music: 0 Updated music: 0 Deleted music: 0 Created playlists: 0 Updated playlists: 0 Deleted playlists: 0 Inserted playlist items: 0 Deleted playlist items: 0 Removed orphaned playlist items: 0
I/ActivityManager(  858): Killing 4071:com.google.android.gms:car/u0a18 (adj 15): empty #17
W/ActivityManager(  858): Scheduling restart of crashed service com.google.android.gms/.car.CarService in 1000ms
I/GAV2    ( 4218): Thread[GAThread,5,main]: No campaign data found.
I/PowerManagerService(  858): Nap time (uid 1000)...
I/PowerManagerService(  858): Going to sleep due to screen timeout (uid 1000)...
I/PowerManagerService(  858): Sleeping (uid 1000)...
I/Adreno-EGL(  858): <qeglDrvAPI_eglInitialize:410>: QUALCOMM Build: 10/24/14, 167c270, I68fa98814b
D/PhoneStatusBar( 2787): disable: < expand ICONS alerts SYSTEM_INFO back HOME RECENT clock SEARCH >
D/audio_hw_primary(  248): adev_set_parameters: enter: screen_state=on
E/audio_a2dp_hw(  248): adev_set_parameters: ERROR: set param called even when stream out is null
E/native  (  858): do suspend false
D/NfcService( 3019): Discovery configuration equal, not updating.
D/audio_hw_primary(  248): adev_set_parameters: enter: screen_state=off
E/audio_a2dp_hw(  248): adev_set_parameters: ERROR: set param called even when stream out is null
E/native  (  858): do suspend true
I/art     (  858): Explicit concurrent mark sweep GC freed 23561(1483KB) AllocSpace objects, 14(425KB) LOS objects, 33% free, 26MB/39MB, paused 928us total 66.367ms
I/DisplayManagerService(  858): Display device changed: DisplayDeviceInfo{"Built-in Screen": 1080 x 1920, 60.0 fps, supportedRefreshRates [60.0], density 480, 442.451 x 443.345 dpi, appVsyncOff 7500000, presDeadline 12666667, touch INTERNAL, rotation 0, type BUILT_IN, state OFF, FLAG_DEFAULT_DISPLAY, FLAG_ROTATES_WITH_CONTENT, FLAG_SECURE, FLAG_SUPPORTS_PROTECTED_BUFFERS}
V/ActivityManager(  858): Display changed displayId=0
D/SurfaceFlinger(  237): Set power mode=0, type=0 flinger=0xb6962000
D/qdhwcomposer(  237): hwc_blank: Blanking display: 0
D/qdhwcomposer(  237): hwc_blank: Done blanking display: 0
D/SurfaceControl(  858): Excessive delay in setPowerMode(): 288ms
E/PowerHAL(  858): sync_thread: failed to send: No such file or directory
W/ResourcesManager( 4432): Asset path '/system/framework/com.android.media.remotedisplay.jar' does not exist or contains no resources.
W/ResourcesManager( 4432): Asset path '/system/framework/com.android.location.provider.jar' does not exist or contains no resources.
I/GHttpClientFactory( 4432): Using the GMSCore's GoogleHttpClient
D/WearableClient( 4432): WearableClientImpl.onPostInitHandler: done
D/WearableClient( 4432): WearableClientImpl.onPostInitHandler: done
D/WearableClient( 4432): WearableClientImpl.onPostInitHandler: done
D/WearableClient( 4432): WearableClientImpl.onPostInitHandler: done
E/GmsUtils( 4432): Failed to connect to Google API client: ConnectionResult{statusCode=API_UNAVAILABLE, resolution=null}
E/GmsUtils( 4432): Failed to connect to Google API client: ConnectionResult{statusCode=API_UNAVAILABLE, resolution=null}
I/MusicLeanback( 4432): Conditions not met for autocaching.
I/MusicLeanback( 4432): Stop autocaching.
E/ActivityThread( 4432): Service com.google.android.music.download.TrackDownloadQueueService has leaked ServiceConnection com.google.android.gms.http.GoogleURLConnectionFactory$1@3168c567 that was originally bound here
E/ActivityThread( 4432): android.app.ServiceConnectionLeaked: Service com.google.android.music.download.TrackDownloadQueueService has leaked ServiceConnection com.google.android.gms.http.GoogleURLConnectionFactory$1@3168c567 that was originally bound here
E/ActivityThread( 4432): 	at android.app.LoadedApk$ServiceDispatcher.<init>(LoadedApk.java:1072)
E/ActivityThread( 4432): 	at android.app.LoadedApk.getServiceDispatcher(LoadedApk.java:966)
E/ActivityThread( 4432): 	at android.app.ContextImpl.bindServiceCommon(ContextImpl.java:1775)
E/ActivityThread( 4432): 	at android.app.ContextImpl.bindService(ContextImpl.java:1758)
E/ActivityThread( 4432): 	at android.content.ContextWrapper.bindService(ContextWrapper.java:538)
E/ActivityThread( 4432): 	at com.google.android.gms.http.GoogleURLConnectionFactory.<init>(Unknown Source)
E/ActivityThread( 4432): 	at com.google.android.gms.http.GoogleHttpClient.<init>(Unknown Source)
E/ActivityThread( 4432): 	at com.google.android.gms.http.GoogleHttpClient.<init>(Unknown Source)
E/ActivityThread( 4432): 	at com.google.android.gms.http.GoogleHttpClient.<init>(Unknown Source)
E/ActivityThread( 4432): 	at com.google.android.music.GoogleHttpClientFactory.createGoogleHttpClient(GoogleHttpClientFactory.java:81)
E/ActivityThread( 4432): 	at com.google.android.music.cloudclient.MusicRequest.createHttpClient(MusicRequest.java:110)
E/ActivityThread( 4432): 	at com.google.android.music.cloudclient.MusicRequest.getSharedHttpClient(MusicRequest.java:100)
E/ActivityThread( 4432): 	at com.google.android.music.download.BaseDownloadQueueManager.<init>(BaseDownloadQueueManager.java:110)
E/ActivityThread( 4432): 	at com.google.android.music.download.TrackDownloadQueueManager.<init>(TrackDownloadQueueManager.java:10)
E/ActivityThread( 4432): 	at com.google.android.music.download.TrackDownloadQueueService.onCreate(TrackDownloadQueueService.java:25)
E/ActivityThread( 4432): 	at android.app.ActivityThread.handleCreateService(ActivityThread.java:2731)
E/ActivityThread( 4432): 	at android.app.ActivityThread.access$1800(ActivityThread.java:144)
E/ActivityThread( 4432): 	at android.app.ActivityThread$H.handleMessage(ActivityThread.java:1361)
E/ActivityThread( 4432): 	at android.os.Handler.dispatchMessage(Handler.java:102)
E/ActivityThread( 4432): 	at android.os.Looper.loop(Looper.java:135)
E/ActivityThread( 4432): 	at android.app.ActivityThread.main(ActivityThread.java:5221)
E/ActivityThread( 4432): 	at java.lang.reflect.Method.invoke(Native Method)
E/ActivityThread( 4432): 	at java.lang.reflect.Method.invoke(Method.java:372)
E/ActivityThread( 4432): 	at com.android.internal.os.ZygoteInit$MethodAndArgsCaller.run(ZygoteInit.java:898)
E/ActivityThread( 4432): 	at com.android.internal.os.ZygoteInit.main(ZygoteInit.java:693)
I/tee     ( 4703): type=1400 audit(0.0:14): avc: denied { append } for name="uber.log" dev="mmcblk0p28" ino=671748 scontext=u:r:init:s0 tcontext=u:object_r:shell_data_file:s0 tclass=file permissive=1
I/PowerManagerService(  858): Waking up from sleep (uid 1000)...
E/PowerHAL(  858): sync_thread: failed to send: No such file or directory
I/DisplayPowerController(  858): Blocking screen on until initial contents have been drawn.
D/audio_hw_primary(  248): adev_set_parameters: enter: screen_state=on
E/audio_a2dp_hw(  248): adev_set_parameters: ERROR: set param called even when stream out is null
D/SurfaceFlinger(  237): Set power mode=2, type=0 flinger=0xb6962000
D/qdhwcomposer(  237): hwc_blank: Unblanking display: 0
I/DisplayManagerService(  858): Display device changed: DisplayDeviceInfo{"Built-in Screen": 1080 x 1920, 60.0 fps, supportedRefreshRates [60.0], density 480, 442.451 x 443.345 dpi, appVsyncOff 7500000, presDeadline 12666667, touch INTERNAL, rotation 0, type BUILT_IN, state ON, FLAG_DEFAULT_DISPLAY, FLAG_ROTATES_WITH_CONTENT, FLAG_SECURE, FLAG_SUPPORTS_PROTECTED_BUFFERS}
V/ActivityManager(  858): Display changed displayId=0
E/native  (  858): do suspend false
D/BrcmNfcJni( 3019): RoutingManager::nfaEeCallback: NFA_EE_SET_TECH_CFG_EVT; status=0x0
D/BrcmNfcJni( 3019): RoutingManager::nfaEeCallback: NFA_EE_SET_PROTO_CFG_EVT; status=0x0
D/BrcmNfcJni( 3019): RoutingManager::commitRouting
D/BrcmNfcJni( 3019): RoutingManager::nfaEeCallback: NFA_EE_UPDATED_EVT
D/qdhwcomposer(  237): hwc_blank: Done unblanking display: 0
W/art     (  858): Long monitor contention event with owner method=void com.android.server.wm.WindowAnimator$1.run() from WindowAnimator.java:119 waiters=0 for 144ms
D/SurfaceControl(  858): Excessive delay in setPowerMode(): 244ms
I/DisplayPowerController(  858): Unblocked screen on after 286 ms
E/libEGL  (  858): call to OpenGL ES API with no current context (logged once per thread)
W/ResourcesManager( 2787): Asset path '/system/framework/com.google.android.maps.jar' does not exist or contains no resources.
W/KeyguardTouchDelegate( 2787): isShowingAndNotOccluded(): NO SERVICE!
E/MediaPlayer( 2787): Should have subtitle controller already set
I/MediaFocusControl(  858):  AudioFocus  requestAudioFocus() from android.media.AudioManager@3456a8a4
D/audio_hw_primary(  248): out_set_parameters: enter: usecase(1: low-latency-playback) kvpairs: routing=2
E/MediaPlayer( 2787): Should have subtitle controller already set
D/audio_hw_primary(  248): select_devices: out_snd_device(2: speaker) in_snd_device(0: none)
D/msm8974_platform(  248): platform_send_audio_calibration: sending audio calibration for snd_device(2) acdb_id(15)
D/audio_hw_primary(  248): enable_snd_device: snd_device(2: speaker)
D/audio_hw_primary(  248): enable_audio_route: apply and update mixer path: low-latency-playback
E/WifiStateMachine(  858): WifiStateMachine CMD_START_SCAN source -2 txSuccessRate=0.00 rxSuccessRate=0.00 targetRoamBSSID=08:60:6e:cb:d8:98 RSSI=-50
E/WifiStateMachine(  858): WifiStateMachine starting scan for "ASUS"WPA_PSK with 2437
I/wpa_supplicant( 2738): wlan0: CTRL-EVENT-SCAN-STARTED 
V/KeyguardTouchDelegate( 2787): Connected to keyguard
D/PhoneStatusBar( 2787): disable: < expand ICONS alerts SYSTEM_INFO back HOME RECENT clock SEARCH >
I/iu.UploadsManager( 3181): End new media; added: 0, uploading: 0, time: 59 ms
D/audio_hw_primary(  248): out_set_parameters: enter: usecase(1: low-latency-playback) kvpairs: routing=2
D/PhoneStatusBar( 2787): disable: < expand icons* alerts system_info* back HOME RECENT clock SEARCH >
I/ActivityManager(  858): Config changes=500 {1.0 310mcc?mnc en_US ldltr sw360dp w360dp h575dp 480dpi nrml long port finger -keyb/v/h -nav/h s.7}
V/ActivityManager(  858): Display changed displayId=0
W/SearchServiceClient( 3094): Attempt to handover from detached client
W/ResourceType(  858): No package identifier when getting value for resource number 0x00000000
W/PackageManager(  858): Failure retrieving resources for com.google.android.gms: Resource ID #0x0
V/UserPresentBroadcastReceiver( 3455): Received Intent { act=android.intent.action.USER_PRESENT flg=0x24000010 cmp=com.google.android.gms/.auth.trustagent.UserPresentBroadcastReceiver }.
I/Coffee - GoogleTrustAgent( 3455): GoogleTrustAgent created.
I/art     ( 3094): Explicit concurrent mark sweep GC freed 24304(1092KB) AllocSpace objects, 13(5MB) LOS objects, 31% free, 34MB/50MB, paused 1.876ms total 210.773ms
I/art     ( 3455): Explicit concurrent mark sweep GC freed 23799(2MB) AllocSpace objects, 1(16KB) LOS objects, 40% free, 19MB/32MB, paused 762us total 107.559ms
I/Coffee - TrustletManager( 3455): Starting trustlet Bluetooth
I/art     ( 3094): Explicit concurrent mark sweep GC freed 14903(1067KB) AllocSpace objects, 47(8MB) LOS objects, 38% free, 25MB/41MB, paused 642us total 26.775ms
I/art     ( 3094): Explicit concurrent mark sweep GC freed 7(280B) AllocSpace objects, 0(0B) LOS objects, 38% free, 25MB/41MB, paused 615us total 23.075ms
I/Coffee - TrustletManager( 3455): Starting trustlet NFC
W/Coffee - Trustlet( 3455): Trustlet NFC attempted to change its canProvideTrust state to  the current state (ignored).
I/Coffee - TrustletManager( 3455): Starting trustlet Place
I/Coffee - TrustletManager( 3455): Starting trustlet Face Unlock
W/Coffee - Trustlet( 3455): Trustlet Face Unlock attempted to change its canProvideTrust state to  the current state (ignored).
D/Coffee - NearbyAlertTracker( 3455): GoogleApiClient connected
I/Coffee - PlaceTrustlet( 3455): Initial addPlaceToTrustedPlaces: ChIJzxkrMTDX3IARs6LsANIp8gs
I/Coffee - GoogleTrustAgent( 3455): Can provide trust state change: true
W/Launcher( 3094): setApplicationContext called twice! old=com.google.android.velvet.VelvetApplication@37688fda new=com.google.android.velvet.VelvetApplication@37688fda
W/GCoreFlp( 3455): No location to return for getLastLocation()
D/Coffee - NearbyAlertTracker( 3455): requestNearbyAlerts()
D/PhoneStatusBar( 2787): disable: < expand icons alerts system_info back home* recent* clock search* >
I/WindowManager(  858): Screen frozen for +574ms due to Window{3bd80d8d u0 NavigationBar}
W/ResourcesManager( 3094): Asset path '/system/framework/com.google.android.maps.jar' does not exist or contains no resources.
W/ResourcesManager( 3094): Asset path '/system/framework/com.google.android.media.effects.jar' does not exist or contains no resources.
I/GEL     ( 3094): handleIntent(Intent { act=android.intent.action.MAIN cat=[android.intent.category.HOME] flg=0x10000000 cmp=com.google.android.googlequicksearchbox/com.google.android.launcher.GEL })
I/Choreographer( 3094): Skipped 51 frames!  The application may be doing too much work on its main thread.
W/LocationOracleImpl( 3215): Best location was null
W/LocationOracleImpl( 3215): Best location was null
W/OpenGLRenderer( 3094): Incorrectly called buildLayer on View: CrossfadingWebImageView, destroying layer...
W/OpenGLRenderer( 3094): Incorrectly called buildLayer on View: NowProgressBar, destroying layer...
W/LocationOracleImpl( 3215): Best location was null
I/HotwordRecognitionRnr( 3215): Starting hotword detection.
I/MicrophoneInputStream( 3215): mic_starting gfk@344de32a
I/AudioFlinger(  248): AudioFlinger's thread 0xb432c000 ready to run
I/MicrophoneInputStream( 3215): mic_started gfk@344de32a
D/audio_hw_primary(  248): select_devices: out_snd_device(0: none) in_snd_device(55: voice-rec-mic)
D/msm8974_platform(  248): platform_send_audio_calibration: sending audio calibration for snd_device(55) acdb_id(62)
D/        (  248): Failed to fetch the lookup information of the device 0000003E 
E/ACDB-LOADER(  248): Error: ACDB AudProc vol returned = -19
D/audio_hw_primary(  248): enable_snd_device: snd_device(55: voice-rec-mic)
I/art     ( 3215): Background partial concurrent mark sweep GC freed 23841(2MB) AllocSpace objects, 16(380KB) LOS objects, 39% free, 22MB/38MB, paused 6.724ms total 50.298ms
D/audio_hw_primary(  248): enable_audio_route: apply and update mixer path: audio-record
W/GCoreFlp( 3455): No location to return for getLastLocation()
I/art     ( 3248): Explicit concurrent mark sweep GC freed 21872(1915KB) AllocSpace objects, 0(0B) LOS objects, 40% free, 18MB/30MB, paused 842us total 57.879ms
I/HotwordWorker( 3215): onReady
D/BrcmNfcJni( 3019): RoutingManager::nfaEeCallback: NFA_EE_SET_TECH_CFG_EVT; status=0x0
D/BrcmNfcJni( 3019): RoutingManager::nfaEeCallback: NFA_EE_SET_PROTO_CFG_EVT; status=0x0
D/BrcmNfcJni( 3019): RoutingManager::commitRouting
D/BrcmNfcJni( 3019): RoutingManager::nfaEeCallback: NFA_EE_UPDATED_EVT
I/ActivityManager(  858): Killing 4027:com.android.vending/u0a17 (adj 15): empty #17
I/MediaFocusControl(  858):  AudioFocus  abandonAudioFocus() from android.media.AudioManager@3456a8a4
D/BluetoothAdapter( 2787): 623286732: getState() :  mService = null. Returning STATE_OFF
D/BluetoothAdapter( 2787): 623286732: getState() :  mService = null. Returning STATE_OFF
D/BluetoothAdapter( 2787): 623286732: getState() :  mService = null. Returning STATE_OFF
D/BluetoothAdapter( 2787): 623286732: getState() :  mService = null. Returning STATE_OFF
D/PhoneStatusBar( 2787): disable: < expand ICONS* alerts SYSTEM_INFO* back home recent clock search >
I/MicrophoneInputStream( 3215): mic_close gfk@344de32a
D/audio_hw_primary(  248): disable_audio_route: reset and update mixer path: audio-record
D/audio_hw_primary(  248): disable_snd_device: snd_device(55: voice-rec-mic)
I/HotwordRecognitionRnr( 3215): Stopping hotword detection.
I/HotwordRecognitionRnr( 3215): Hotword detection finished
I/art     (  858): Explicit concurrent mark sweep GC freed 27237(1587KB) AllocSpace objects, 4(84KB) LOS objects, 33% free, 29MB/44MB, paused 980us total 50.722ms
W/ProcessCpuTracker(  858): Skipping unknown process pid 4787
W/InputMethodManagerService(  858): Window already focused, ignoring focus gain of: com.android.internal.view.IInputMethodClient$Stub$Proxy@1d47ae88 attribute=null, token = android.os.BinderProxy@33edd027
W/LocationOracleImpl( 3215): Best location was null
I/MicrophoneInputStream( 3215): mic_starting gfk@3f3d6ada
I/HotwordRecognitionRnr( 3215): Starting hotword detection.
I/AudioFlinger(  248): AudioFlinger's thread 0xb432c000 ready to run
