I/MicrophoneInputStream( 3215): mic_started gfk@3f3d6ada
W/GCoreFlp( 3455): No location to return for getLastLocation()
D/audio_hw_primary(  248): select_devices: out_snd_device(0: none) in_snd_device(55: voice-rec-mic)
D/msm8974_platform(  248): platform_send_audio_calibration: sending audio calibration for snd_device(55) acdb_id(62)
D/        (  248): Failed to fetch the lookup information of the device 0000003E 
E/ACDB-LOADER(  248): Error: ACDB AudProc vol returned = -19
D/audio_hw_primary(  248): enable_snd_device: snd_device(55: voice-rec-mic)
D/audio_hw_primary(  248): enable_audio_route: apply and update mixer path: audio-record
I/HotwordWorker( 3215): onReady
I/art     ( 3181): Explicit concurrent mark sweep GC freed 39719(2MB) AllocSpace objects, 22(352KB) LOS objects, 40% free, 19MB/31MB, paused 3.407ms total 165.972ms
D/PhoneStatusBar( 2787): disable: < expand icons* alerts system_info* back home recent clock search >
D/audio_hw_primary(  248): disable_audio_route: reset and update mixer path: low-latency-playback
D/audio_hw_primary(  248): disable_snd_device: snd_device(2: speaker)
I/MicrophoneInputStream( 3215): mic_close gfk@3f3d6ada
D/audio_hw_primary(  248): disable_audio_route: reset and update mixer path: audio-record
D/audio_hw_primary(  248): disable_snd_device: snd_device(55: voice-rec-mic)
I/HotwordRecognitionRnr( 3215): Hotword detection finished
I/HotwordRecognitionRnr( 3215): Stopping hotword detection.
I/ActivityManager(  858): Waited long enough for: ServiceRecord{6282905 u0 com.qualcomm.qcrilmsgtunnel/.QcrilMsgTunnelService}
I/ActivityManager(  858): Waited long enough for: ServiceRecord{2beb52fe u0 com.google.android.calendar/com.android.calendar.alerts.InitAlarmsService}
D/BluetoothAdapter( 2787): 623286732: getState() :  mService = null. Returning STATE_OFF
D/BluetoothAdapter( 2787): 623286732: getState() :  mService = null. Returning STATE_OFF
D/BluetoothAdapter( 2787): 623286732: getState() :  mService = null. Returning STATE_OFF
D/BluetoothAdapter( 2787): 623286732: getState() :  mService = null. Returning STATE_OFF
D/PhoneStatusBar( 2787): disable: < expand ICONS* alerts SYSTEM_INFO* back home recent clock search >
I/ActivityManager(  858): START u0 {act=android.settings.SETTINGS flg=0x14000000 cmp=com.android.settings/.Settings} from uid 10013 on display 0
W/InputMethodManagerService(  858): Window already focused, ignoring focus gain of: com.android.internal.view.IInputMethodClient$Stub$Proxy@887c9b8 attribute=null, token = android.os.BinderProxy@33edd027
I/ActivityManager(  858): Start proc com.android.settings for activity com.android.settings/.Settings: pid=4850 uid=1000 gids={41000, 9997, 1028, 1015, 1023, 3002, 3001, 3003} abi=armeabi-v7a
I/IndexDatabaseHelper( 4850): Using schema version: 115
I/IndexDatabaseHelper( 4850): Index is fine
D/Index   ( 4850): Locale 'en_US' is already indexed
D/OpenGLRenderer( 4850): Render dirty regions requested: true
D/Atlas   ( 4850): Validating map...
D/PhoneStatusBar( 2787): disable: < expand icons* alerts system_info* back home recent clock search >
D/DashboardSummary( 4850): rebuildUI took: 102 ms
I/CheckinService( 3181): Done disabling old GoogleServicesFramework version
I/Adreno-EGL( 4850): <qeglDrvAPI_eglInitialize:410>: QUALCOMM Build: 10/24/14, 167c270, I68fa98814b
I/OpenGLRenderer( 4850): Initialized EGL, version 1.4
D/GpsLocationProvider(  858): NTP server returned: 1419315317739 (Mon Dec 22 22:15:17 PST 2014) reference: 316389 certainty: 48 system time offset: -19901
D/OpenGLRenderer( 4850): Enabling debug mode 0
I/ActivityManager(  858): Displayed com.android.settings/.Settings: +732ms
W/GCoreFlp( 3455): No location to return for getLastLocation()
I/ActivityManager(  858): START u0 {act=android.intent.action.MAIN cmp=com.android.settings/.SubSettings (has extras)} from uid 1000 on display 0
V/ActivityManager(  858): Display changed displayId=0
D/SubSettings( 4850): Launching fragment com.android.settings.DisplaySettings
D/AndroidRuntime( 4850): Shutting down VM
--------- beginning of crash
E/AndroidRuntime( 4850): FATAL EXCEPTION: main
E/AndroidRuntime( 4850): Process: com.android.settings, PID: 4850
E/AndroidRuntime( 4850): java.lang.RuntimeException: Unable to start activity ComponentInfo{com.android.settings/com.android.settings.SubSettings}: java.lang.NullPointerException: Attempt to invoke virtual method 'boolean android.preference.PreferenceScreen.removePreference(android.preference.Preference)' on a null object reference
E/AndroidRuntime( 4850): 	at android.app.ActivityThread.performLaunchActivity(ActivityThread.java:2298)
E/AndroidRuntime( 4850): 	at android.app.ActivityThread.handleLaunchActivity(ActivityThread.java:2360)
E/AndroidRuntime( 4850): 	at android.app.ActivityThread.access$800(ActivityThread.java:144)
E/AndroidRuntime( 4850): 	at android.app.ActivityThread$H.handleMessage(ActivityThread.java:1278)
E/AndroidRuntime( 4850): 	at android.os.Handler.dispatchMessage(Handler.java:102)
E/AndroidRuntime( 4850): 	at android.os.Looper.loop(Looper.java:135)
E/AndroidRuntime( 4850): 	at android.app.ActivityThread.main(ActivityThread.java:5221)
E/AndroidRuntime( 4850): 	at java.lang.reflect.Method.invoke(Native Method)
E/AndroidRuntime( 4850): 	at java.lang.reflect.Method.invoke(Method.java:372)
E/AndroidRuntime( 4850): 	at com.android.internal.os.ZygoteInit$MethodAndArgsCaller.run(ZygoteInit.java:898)
E/AndroidRuntime( 4850): 	at com.android.internal.os.ZygoteInit.main(ZygoteInit.java:693)
E/AndroidRuntime( 4850): Caused by: java.lang.NullPointerException: Attempt to invoke virtual method 'boolean android.preference.PreferenceScreen.removePreference(android.preference.Preference)' on a null object reference
E/AndroidRuntime( 4850): 	at com.android.settings.DisplaySettings.onCreate(DisplaySettings.java:215)
E/AndroidRuntime( 4850): 	at android.app.Fragment.performCreate(Fragment.java:2031)
E/AndroidRuntime( 4850): 	at android.app.FragmentManagerImpl.moveToState(FragmentManager.java:863)
E/AndroidRuntime( 4850): 	at android.app.FragmentManagerImpl.moveToState(FragmentManager.java:1067)
E/AndroidRuntime( 4850): 	at android.app.BackStackRecord.run(BackStackRecord.java:833)
E/AndroidRuntime( 4850): 	at android.app.FragmentManagerImpl.execPendingActions(FragmentManager.java:1452)
E/AndroidRuntime( 4850): 	at android.app.FragmentManagerImpl.executePendingTransactions(FragmentManager.java:483)
E/AndroidRuntime( 4850): 	at com.android.settings.SettingsActivity.switchToFragment(SettingsActivity.java:952)
E/AndroidRuntime( 4850): 	at com.android.settings.SettingsActivity.onCreate(SettingsActivity.java:578)
E/AndroidRuntime( 4850): 	at android.app.Activity.performCreate(Activity.java:5933)
E/AndroidRuntime( 4850): 	at android.app.Instrumentation.callActivityOnCreate(Instrumentation.java:1105)
E/AndroidRuntime( 4850): 	at android.app.ActivityThread.performLaunchActivity(ActivityThread.java:2251)
E/AndroidRuntime( 4850): 	... 10 more
W/ActivityManager(  858):   Force finishing activity com.android.settings/.SubSettings
W/ActivityManager(  858):   Force finishing activity com.android.settings/.Settings
D/Atlas   (  858): Validating map...
I/OpenGLRenderer(  858): Initialized EGL, version 1.4
W/ActivityManager(  858): Activity pause timeout for ActivityRecord{1e4ad0ad u0 com.android.settings/.SubSettings t106 f}
I/ActivityManager(  858): Killing 4106:com.google.android.onetimeinitializer/u0a20 (adj 15): empty #17
W/LocationOracleImpl( 3215): Best location was null
W/LocationOracleImpl( 3215): Best location was null
I/Process ( 4850): Sending signal. PID: 4850 SIG: 9
I/WindowState(  858): WIN DEATH: Window{336a8418 u0 com.android.settings/com.android.settings.Settings}
D/OpenGLRenderer(  858): endAllStagingAnimators on 0x9ffdc300 (RippleDrawable) with handle 0x9db659e0
W/InputMethodManagerService(  858): Got RemoteException sending setActive(false) notification to pid 4850 uid 1000
I/ActivityManager(  858): Process com.android.settings (pid 4850) has died
I/ActivityManager(  858): START u0 {act=com.android.systemui.recents.SHOW_RECENTS flg=0x10804000 cmp=com.android.systemui/.recents.RecentsActivity (has extras)} from uid 10013 on display 0
W/ResourceType( 2787): No package identifier when getting value for resource number 0x00000000
W/PackageManager( 2787): Failure retrieving resources for com.android.settings: Resource ID #0x0
D/OpenGLRenderer( 2787): setting property ambientRatio to 1.5
D/OpenGLRenderer( 2787): ambientRatio = 1.50
I/ActivityManager(  858): Displayed com.android.systemui/.recents.RecentsActivity: +225ms
I/ActivityManager(  858): START u0 {act=android.settings.SETTINGS flg=0x14100000 cmp=com.android.settings/.Settings} from uid 10013 on display 0
I/ActivityManager(  858): Start proc com.android.settings for activity com.android.settings/.Settings: pid=4944 uid=1000 gids={41000, 9997, 1028, 1015, 1023, 3002, 3001, 3003} abi=armeabi-v7a
I/IndexDatabaseHelper( 4944): Using schema version: 115
I/IndexDatabaseHelper( 4944): Index is fine
D/Index   ( 4944): Locale 'en_US' is already indexed
D/OpenGLRenderer( 4944): Render dirty regions requested: true
D/Atlas   ( 4944): Validating map...
D/DashboardSummary( 4944): rebuildUI took: 86 ms
I/Adreno-EGL( 4944): <qeglDrvAPI_eglInitialize:410>: QUALCOMM Build: 10/24/14, 167c270, I68fa98814b
I/OpenGLRenderer( 4944): Initialized EGL, version 1.4
D/OpenGLRenderer( 4944): Enabling debug mode 0
I/ActivityManager(  858): Displayed com.android.settings/.Settings: +587ms (total +3s927ms)
I/ActivityManager(  858): START u0 {act=android.intent.action.MAIN cmp=com.android.settings/.SubSettings (has extras)} from uid 1000 on display 0
D/SubSettings( 4944): Launching fragment com.android.settings.DisplaySettings
D/AndroidRuntime( 4944): Shutting down VM
E/AndroidRuntime( 4944): FATAL EXCEPTION: main
E/AndroidRuntime( 4944): Process: com.android.settings, PID: 4944
E/AndroidRuntime( 4944): java.lang.RuntimeException: Unable to start activity ComponentInfo{com.android.settings/com.android.settings.SubSettings}: java.lang.NullPointerException: Attempt to invoke virtual method 'boolean android.preference.PreferenceScreen.removePreference(android.preference.Preference)' on a null object reference
E/AndroidRuntime( 4944): 	at android.app.ActivityThread.performLaunchActivity(ActivityThread.java:2298)
E/AndroidRuntime( 4944): 	at android.app.ActivityThread.handleLaunchActivity(ActivityThread.java:2360)
E/AndroidRuntime( 4944): 	at android.app.ActivityThread.access$800(ActivityThread.java:144)
E/AndroidRuntime( 4944): 	at android.app.ActivityThread$H.handleMessage(ActivityThread.java:1278)
E/AndroidRuntime( 4944): 	at android.os.Handler.dispatchMessage(Handler.java:102)
E/AndroidRuntime( 4944): 	at android.os.Looper.loop(Looper.java:135)
E/AndroidRuntime( 4944): 	at android.app.ActivityThread.main(ActivityThread.java:5221)
E/AndroidRuntime( 4944): 	at java.lang.reflect.Method.invoke(Native Method)
E/AndroidRuntime( 4944): 	at java.lang.reflect.Method.invoke(Method.java:372)
E/AndroidRuntime( 4944): 	at com.android.internal.os.ZygoteInit$MethodAndArgsCaller.run(ZygoteInit.java:898)
E/AndroidRuntime( 4944): 	at com.android.internal.os.ZygoteInit.main(ZygoteInit.java:693)
E/AndroidRuntime( 4944): Caused by: java.lang.NullPointerException: Attempt to invoke virtual method 'boolean android.preference.PreferenceScreen.removePreference(android.preference.Preference)' on a null object reference
E/AndroidRuntime( 4944): 	at com.android.settings.DisplaySettings.onCreate(DisplaySettings.java:215)
E/AndroidRuntime( 4944): 	at android.app.Fragment.performCreate(Fragment.java:2031)
E/AndroidRuntime( 4944): 	at android.app.FragmentManagerImpl.moveToState(FragmentManager.java:863)
E/AndroidRuntime( 4944): 	at android.app.FragmentManagerImpl.moveToState(FragmentManager.java:1067)
E/AndroidRuntime( 4944): 	at android.app.BackStackRecord.run(BackStackRecord.java:833)
E/AndroidRuntime( 4944): 	at android.app.FragmentManagerImpl.execPendingActions(FragmentManager.java:1452)
E/AndroidRuntime( 4944): 	at android.app.FragmentManagerImpl.executePendingTransactions(FragmentManager.java:483)
E/AndroidRuntime( 4944): 	at com.android.settings.SettingsActivity.switchToFragment(SettingsActivity.java:952)
E/AndroidRuntime( 4944): 	at com.android.settings.SettingsActivity.onCreate(SettingsActivity.java:578)
E/AndroidRuntime( 4944): 	at android.app.Activity.performCreate(Activity.java:5933)
E/AndroidRuntime( 4944): 	at android.app.Instrumentation.callActivityOnCreate(Instrumentation.java:1105)
E/AndroidRuntime( 4944): 	at android.app.ActivityThread.performLaunchActivity(ActivityThread.java:2251)
E/AndroidRuntime( 4944): 	... 10 more
W/ActivityManager(  858):   Force finishing activity com.android.settings/.SubSettings
W/ActivityManager(  858):   Force finishing activity com.android.settings/.Settings
I/OpenGLRenderer(  858): Initialized EGL, version 1.4
W/ActivityManager(  858): Activity pause timeout for ActivityRecord{13606876 u0 com.android.settings/.SubSettings t106 f}
W/LocationOracleImpl( 3215): Best location was null
W/LocationOracleImpl( 3215): Best location was null
I/Process ( 4944): Sending signal. PID: 4944 SIG: 9
I/WindowState(  858): WIN DEATH: Window{685839e u0 com.android.settings/com.android.settings.Settings}
I/ActivityManager(  858): Process com.android.settings (pid 4944) has died
I/ActivityManager(  858): START u0 {act=com.android.systemui.recents.SHOW_RECENTS flg=0x10804000 cmp=com.android.systemui/.recents.RecentsActivity (has extras)} from uid 10013 on display 0
W/ResourceType( 2787): No package identifier when getting value for resource number 0x00000000
W/PackageManager( 2787): Failure retrieving resources for com.android.settings: Resource ID #0x0
I/ActivityManager(  858): START u0 {act=android.settings.SETTINGS flg=0x14100000 cmp=com.android.settings/.Settings} from uid 10013 on display 0
I/ActivityManager(  858): Start proc com.android.settings for activity com.android.settings/.Settings: pid=5046 uid=1000 gids={41000, 9997, 1028, 1015, 1023, 3002, 3001, 3003} abi=armeabi-v7a
I/IndexDatabaseHelper( 5046): Using schema version: 115
I/IndexDatabaseHelper( 5046): Index is fine
D/Index   ( 5046): Locale 'en_US' is already indexed
D/OpenGLRenderer( 5046): Render dirty regions requested: true
D/Atlas   ( 5046): Validating map...
I/GCM     ( 3248): GCM message GSYNC_TICKLE 0:1419315347852425%e7a71353d5f5102e
I/SubscribedFeeds( 3248): Received message
D/DashboardSummary( 5046): rebuildUI took: 118 ms
I/Adreno-EGL( 5046): <qeglDrvAPI_eglInitialize:410>: QUALCOMM Build: 10/24/14, 167c270, I68fa98814b
I/OpenGLRenderer( 5046): Initialized EGL, version 1.4
D/OpenGLRenderer( 5046): Enabling debug mode 0
I/ActivityManager(  858): Start proc com.android.vending for service com.android.vending/com.google.android.finsky.services.DailyHygiene: pid=5072 uid=10017 gids={50017, 9997, 3003, 1028, 1015, 1023} abi=armeabi-v7a
E/WifiStateMachine(  858): WifiStateMachine CMD_START_SCAN source -2 txSuccessRate=4.70 rxSuccessRate=6.97 targetRoamBSSID=08:60:6e:cb:d8:98 RSSI=-45
I/wpa_supplicant( 2738): wlan0: CTRL-EVENT-SCAN-STARTED 
I/art     ( 5072): Starting profiler using output file: /data/dalvik-cache/profiles/com.android.vending and options: enabled=1, period_s=10, duration_s=20, interval_us=500, backoff_coefficient=2, start_immediately=0, top_k_threshold=90, top_k_change_threshold=10, profile_type=0, max_stack_depth=3
D/Finsky  ( 5072): [1] FinskyApp.onCreate: Initializing network with DFE https://android.clients.google.com/fdfe/
D/Finsky  ( 5072): [1] DailyHygiene.goMakeHygieneIfDirty: No need to run daily hygiene.
I/art     (  858): Explicit concurrent mark sweep GC freed 57640(2MB) AllocSpace objects, 14(3MB) LOS objects, 33% free, 26MB/40MB, paused 1.110ms total 78.216ms
I/ActivityManager(  858): Start proc com.google.android.gms:car for service com.google.android.gms/.car.CarService: pid=5114 uid=10018 gids={50018, 9997, 2001, 3003, 1007, 3006, 3002, 3001, 1028, 1023, 1015, 1005, 3007} abi=armeabi-v7a
I/ActivityManager(  858): Displayed com.android.settings/.Settings: +787ms (total +4s272ms)
W/Settings( 5072): Setting download_manager_max_bytes_over_mobile has moved from android.provider.Settings.Secure to android.provider.Settings.Global.
W/Settings( 5072): Setting download_manager_recommended_max_bytes_over_mobile has moved from android.provider.Settings.Secure to android.provider.Settings.Global.
D/Finsky  ( 5072): [1] DailyHygiene.onStartCommand: Beginning daily hygiene
W/ResourcesManager( 5114): Asset path '/system/framework/com.android.media.remotedisplay.jar' does not exist or contains no resources.
W/ResourcesManager( 5114): Asset path '/system/framework/com.android.location.provider.jar' does not exist or contains no resources.
I/MultiDex( 5114): VM with version 2.1.0 has multidex support
I/MultiDex( 5114): install
I/MultiDex( 5114): VM has multidex support, MultiDex support library is disabled.
I/ProviderInstaller( 5114): Insert disabled by gate 'gms:security:enable_conscrypt_in_gms_application'
D/GCM     ( 3248): GcmService start Intent { act=com.google.android.gms.INITIALIZE flg=0x10 pkg=com.google.android.gms cmp=com.google.android.gms/.gcm.GcmService } com.google.android.gms.INITIALIZE
D/AuthorizationBluetoothService( 3248): Received GmsCore event: Intent { act=com.google.android.gms.INITIALIZE flg=0x10 pkg=com.google.android.gms cmp=com.google.android.gms/.auth.be.proximity.authorization.bt.AuthorizationBluetoothService$AutoStarter }.
D/c       ( 3248): Getting all permits...
D/a       ( 3248): Opening database...
D/LocationInitializer( 3181): Restart initialization of location
D/a       ( 3248): Opening database auth.proximity.permit_store...
D/a       ( 3248): Closing database...
W/GCoreFlp( 3455): No location to return for getLastLocation()
D/Finsky  ( 5072): [1] 2.run: Loaded library for account: [XgRIExnQm-j_m5Xz9TLhsjoWJ9s]
D/Finsky  ( 5072): [1] 2.run: Finished loading 1 libraries.
V/Finsky  ( 5072): [1] GearheadStateMonitor.onReady: sIsProjecting:false
I/CAR.SERVICE( 5114): listener not found in list
D/Finsky  ( 5072): [1] GmsCoreHelper.cleanupNlp: result=false type=4
D/Finsky  ( 5072): [1] RestoreTracker.stopServiceIfDone: Restore complete with 0 success and 0 failed.
D/Finsky  ( 5072): [1] SelfUpdateScheduler.checkForSelfUpdate: Skipping DFE self-update. Local Version [80310011] >= Server Version [-1]
I/qtaguid ( 5072): Failed write_ctrl(u 36) res=-1 errno=22
I/qtaguid ( 5072): Untagging socket 36 failed errno=-22
W/NetworkManagementSocketTagger( 5072): untagSocket(36) failed with errno -22
E/PhoneInterfaceManager( 3050): [PhoneIntfMgr] getIccId: ICC ID is null or empty.
I/ActivityManager(  858): START u0 {act=android.intent.action.MAIN cmp=com.android.settings/.SubSettings (has extras)} from uid 1000 on display 0
D/SubSettings( 5046): Launching fragment com.android.settings.DevelopmentSettings
D/WifiService(  858): New client listening to asynchronous messages
D/Finsky  ( 5072): [1] CheckPreconditionsAndAutoUpdateScheduler.cancelCheck: Canceling auto-update wifi check.
I/ActivityManager(  858): Displayed com.android.settings/.SubSettings: +310ms
D/OpenGLRenderer( 5046): endAllStagingAnimators on 0xa0eb4600 (RippleDrawable) with handle 0xa01432d0
I/qtaguid ( 5072): Failed write_ctrl(u 36) res=-1 errno=22
I/qtaguid ( 5072): Untagging socket 36 failed errno=-22
W/NetworkManagementSocketTagger( 5072): untagSocket(36) failed with errno -22
D/Finsky  ( 5072): [1] DailyHygiene.logDeviceFeaturesAndContinue: Logging device features
D/Finsky  ( 5072): [1] DailyHygiene.flushEventLogsAndContinue: Flushing event logs for [XgRIExnQm-j_m5Xz9TLhsjoWJ9s]
D/DeviceConnectionService( 3455): client connected with version: 6577000
D/Finsky  ( 5072): [1] VerifyInstalledPackagesReceiver.checkPrerequisites: Skipping verification because verify apps is not enabled
I/ActivityManager(  858): Killing 4284:com.google.android.apps.messaging/u0a59 (adj 15): empty #17
I/ActivityManager(  858): Killing 3160:android.process.acore/u0a3 (adj 15): empty #18
I/PowerManagerService(  858): Going to sleep due to power button (uid 1000)...
I/PowerManagerService(  858): Sleeping (uid 1000)...
D/audio_hw_primary(  248): adev_set_parameters: enter: screen_state=off
E/audio_a2dp_hw(  248): adev_set_parameters: ERROR: set param called even when stream out is null
D/PhoneStatusBar( 2787): disable: < expand ICONS* alerts SYSTEM_INFO* back home recent clock search >
D/BluetoothAdapter( 2787): 623286732: getState() :  mService = null. Returning STATE_OFF
D/BluetoothAdapter( 2787): 623286732: getState() :  mService = null. Returning STATE_OFF
D/BluetoothAdapter( 2787): 623286732: getState() :  mService = null. Returning STATE_OFF
D/BluetoothAdapter( 2787): 623286732: getState() :  mService = null. Returning STATE_OFF
E/native  (  858): do suspend true
D/audio_hw_primary(  248): out_set_parameters: enter: usecase(1: low-latency-playback) kvpairs: routing=2
D/audio_hw_primary(  248): select_devices: out_snd_device(2: speaker) in_snd_device(0: none)
D/msm8974_platform(  248): platform_send_audio_calibration: sending audio calibration for snd_device(2) acdb_id(15)
D/audio_hw_primary(  248): enable_snd_device: snd_device(2: speaker)
D/audio_hw_primary(  248): enable_audio_route: apply and update mixer path: low-latency-playback
D/PhoneStatusBar( 2787): disable: < expand ICONS alerts SYSTEM_INFO back HOME* RECENT* clock SEARCH* >
E/Sensors (  254): sns_acm_mr.c(432):Transport error -45
D/SurfaceFlinger(  237): Set power mode=0, type=0 flinger=0xb6962000
D/qdhwcomposer(  237): hwc_blank: Blanking display: 0
I/DisplayManagerService(  858): Display device changed: DisplayDeviceInfo{"Built-in Screen": 1080 x 1920, 60.0 fps, supportedRefreshRates [60.0], density 480, 442.451 x 443.345 dpi, appVsyncOff 7500000, presDeadline 12666667, touch INTERNAL, rotation 0, type BUILT_IN, state OFF, FLAG_DEFAULT_DISPLAY, FLAG_ROTATES_WITH_CONTENT, FLAG_SECURE, FLAG_SUPPORTS_PROTECTED_BUFFERS}
V/ActivityManager(  858): Display changed displayId=0
I/PowerManagerService(  858): Waking up from sleep (uid 1000)...
I/DisplayPowerController(  858): Blocking screen on until initial contents have been drawn.
D/audio_hw_primary(  248): adev_set_parameters: enter: screen_state=on
E/audio_a2dp_hw(  248): adev_set_parameters: ERROR: set param called even when stream out is null
E/native  (  858): do suspend false
D/BrcmNfcJni( 3019): RoutingManager::nfaEeCallback: NFA_EE_SET_TECH_CFG_EVT; status=0x0
D/BrcmNfcJni( 3019): RoutingManager::nfaEeCallback: NFA_EE_SET_PROTO_CFG_EVT; status=0x0
D/BrcmNfcJni( 3019): RoutingManager::commitRouting
D/BrcmNfcJni( 3019): RoutingManager::nfaEeCallback: NFA_EE_UPDATED_EVT
D/qdhwcomposer(  237): hwc_blank: Done blanking display: 0
D/SurfaceControl(  858): Excessive delay in setPowerMode(): 301ms
E/qti_sensors_hal(  858): processTimeResp: Unknown error in RESP. DSPS ts valid: 1; APPS: 0 APPS boottime: 0
D/SurfaceFlinger(  237): Set power mode=2, type=0 flinger=0xb6962000
D/qdhwcomposer(  237): hwc_blank: Unblanking display: 0
I/DisplayManagerService(  858): Display device changed: DisplayDeviceInfo{"Built-in Screen": 1080 x 1920, 60.0 fps, supportedRefreshRates [60.0], density 480, 442.451 x 443.345 dpi, appVsyncOff 7500000, presDeadline 12666667, touch INTERNAL, rotation 0, type BUILT_IN, state ON, FLAG_DEFAULT_DISPLAY, FLAG_ROTATES_WITH_CONTENT, FLAG_SECURE, FLAG_SUPPORTS_PROTECTED_BUFFERS}
V/ActivityManager(  858): Display changed displayId=0
E/WifiStateMachine(  858): WifiStateMachine CMD_START_SCAN source -2 txSuccessRate=0.00 rxSuccessRate=0.00 targetRoamBSSID=08:60:6e:cb:d8:98 RSSI=-48
E/WifiStateMachine(  858): WifiStateMachine starting scan for "ASUS"WPA_PSK with 2437
I/wpa_supplicant( 2738): wlan0: CTRL-EVENT-SCAN-STARTED 
D/qdhwcomposer(  237): hwc_blank: Done unblanking display: 0
D/SurfaceControl(  858): Excessive delay in setPowerMode(): 257ms
W/art     (  858): Long monitor contention event with owner method=void com.android.server.wm.WindowAnimator$1.run() from WindowAnimator.java:119 waiters=0 for 129ms
I/DisplayPowerController(  858): Unblocked screen on after 467 ms
I/Process ( 5114): Sending signal. PID: 5114 SIG: 9
D/PhoneStatusBar( 2787): disable: < expand ICONS alerts SYSTEM_INFO back HOME RECENT clock SEARCH >
I/ActivityManager(  858): Process com.google.android.gms:car (pid 5114) has died
D/audio_hw_primary(  248): out_set_parameters: enter: usecase(1: low-latency-playback) kvpairs: routing=2
D/PhoneStatusBar( 2787): disable: < expand icons* alerts system_info* back HOME RECENT clock SEARCH >
I/Coffee - PlaceTrustlet( 3455): User Present broadcast receiver action: android.intent.action.USER_PRESENT
I/Coffee - PlaceTrustlet( 3455): Home and work are empty, no need to disable them.
V/UserPresentBroadcastReceiver( 3455): Received Intent { act=android.intent.action.USER_PRESENT flg=0x24000010 cmp=com.google.android.gms/.auth.trustagent.UserPresentBroadcastReceiver }.
D/BrcmNfcJni( 3019): RoutingManager::nfaEeCallback: NFA_EE_SET_TECH_CFG_EVT; status=0x0
D/BrcmNfcJni( 3019): RoutingManager::nfaEeCallback: NFA_EE_SET_PROTO_CFG_EVT; status=0x0
D/BrcmNfcJni( 3019): RoutingManager::commitRouting
D/BrcmNfcJni( 3019): RoutingManager::nfaEeCallback: NFA_EE_UPDATED_EVT
W/InputMethodManagerService(  858): Window already focused, ignoring focus gain of: com.android.internal.view.IInputMethodClient$Stub$Proxy@3c06c889 attribute=android.view.inputmethod.EditorInfo@2f3508e, token = android.os.BinderProxy@1a6aeecd
D/PhoneStatusBar( 2787): disable: < expand icons alerts system_info back home* recent* clock search* >
D/DashboardSummary( 5046): rebuildUI took: 123 ms
I/art     (  858): Explicit concurrent mark sweep GC freed 45843(2MB) AllocSpace objects, 10(287KB) LOS objects, 33% free, 26MB/39MB, paused 1.417ms total 63.946ms
D/audio_hw_primary(  248): disable_audio_route: reset and update mixer path: low-latency-playback
D/audio_hw_primary(  248): disable_snd_device: snd_device(2: speaker)
W/GCoreFlp( 3455): No location to return for getLastLocation()
W/GCoreFlp( 3455): No location to return for getLastLocation()
E/WifiStateMachine(  858): WifiStateMachine CMD_START_SCAN source -2 txSuccessRate=0.66 rxSuccessRate=0.66 targetRoamBSSID=08:60:6e:cb:d8:98 RSSI=-54
I/wpa_supplicant( 2738): wlan0: CTRL-EVENT-SCAN-STARTED 
D/Finsky  ( 5072): [1] 5.onFinished: Installation state replication succeeded.
W/GCoreFlp( 3455): No location to return for getLastLocation()
I/ActivityManager(  858): START u0 {act=android.intent.action.MAIN cmp=com.android.settings/.SubSettings (has extras)} from uid 1000 on display 0
D/SubSettings( 5046): Launching fragment com.android.settings.DisplaySettings
D/AndroidRuntime( 5046): Shutting down VM
E/AndroidRuntime( 5046): FATAL EXCEPTION: main
E/AndroidRuntime( 5046): Process: com.android.settings, PID: 5046
E/AndroidRuntime( 5046): java.lang.RuntimeException: Unable to start activity ComponentInfo{com.android.settings/com.android.settings.SubSettings}: java.lang.NullPointerException: Attempt to invoke virtual method 'boolean android.preference.PreferenceScreen.removePreference(android.preference.Preference)' on a null object reference
E/AndroidRuntime( 5046): 	at android.app.ActivityThread.performLaunchActivity(ActivityThread.java:2298)
E/AndroidRuntime( 5046): 	at android.app.ActivityThread.handleLaunchActivity(ActivityThread.java:2360)
E/AndroidRuntime( 5046): 	at android.app.ActivityThread.access$800(ActivityThread.java:144)
E/AndroidRuntime( 5046): 	at android.app.ActivityThread$H.handleMessage(ActivityThread.java:1278)
E/AndroidRuntime( 5046): 	at android.os.Handler.dispatchMessage(Handler.java:102)
E/AndroidRuntime( 5046): 	at android.os.Looper.loop(Looper.java:135)
E/AndroidRuntime( 5046): 	at android.app.ActivityThread.main(ActivityThread.java:5221)
E/AndroidRuntime( 5046): 	at java.lang.reflect.Method.invoke(Native Method)
E/AndroidRuntime( 5046): 	at java.lang.reflect.Method.invoke(Method.java:372)
E/AndroidRuntime( 5046): 	at com.android.internal.os.ZygoteInit$MethodAndArgsCaller.run(ZygoteInit.java:898)
E/AndroidRuntime( 5046): 	at com.android.internal.os.ZygoteInit.main(ZygoteInit.java:693)
E/AndroidRuntime( 5046): Caused by: java.lang.NullPointerException: Attempt to invoke virtual method 'boolean android.preference.PreferenceScreen.removePreference(android.preference.Preference)' on a null object reference
E/AndroidRuntime( 5046): 	at com.android.settings.DisplaySettings.onCreate(DisplaySettings.java:215)
E/AndroidRuntime( 5046): 	at android.app.Fragment.performCreate(Fragment.java:2031)
E/AndroidRuntime( 5046): 	at android.app.FragmentManagerImpl.moveToState(FragmentManager.java:863)
E/AndroidRuntime( 5046): 	at android.app.FragmentManagerImpl.moveToState(FragmentManager.java:1067)
E/AndroidRuntime( 5046): 	at android.app.BackStackRecord.run(BackStackRecord.java:833)
E/AndroidRuntime( 5046): 	at android.app.FragmentManagerImpl.execPendingActions(FragmentManager.java:1452)
E/AndroidRuntime( 5046): 	at android.app.FragmentManagerImpl.executePendingTransactions(FragmentManager.java:483)
E/AndroidRuntime( 5046): 	at com.android.settings.SettingsActivity.switchToFragment(SettingsActivity.java:952)
E/AndroidRuntime( 5046): 	at com.android.settings.SettingsActivity.onCreate(SettingsActivity.java:578)
E/AndroidRuntime( 5046): 	at android.app.Activity.performCreate(Activity.java:5933)
E/AndroidRuntime( 5046): 	at android.app.Instrumentation.callActivityOnCreate(Instrumentation.java:1105)
E/AndroidRuntime( 5046): 	at android.app.ActivityThread.performLaunchActivity(ActivityThread.java:2251)
E/AndroidRuntime( 5046): 	... 10 more
W/ActivityManager(  858):   Force finishing activity com.android.settings/.SubSettings
W/ActivityManager(  858):   Force finishing activity com.android.settings/.Settings
I/OpenGLRenderer(  858): Initialized EGL, version 1.4
W/ActivityManager(  858): Activity pause timeout for ActivityRecord{ebb3afa u0 com.android.settings/.SubSettings t106 f}
W/LocationOracleImpl( 3215): Best location was null
W/LocationOracleImpl( 3215): Best location was null
W/OpenGLRenderer( 3094): Incorrectly called buildLayer on View: adg, destroying layer...
I/Process ( 5046): Sending signal. PID: 5046 SIG: 9
I/WindowState(  858): WIN DEATH: Window{3d5677f8 u0 com.android.settings/com.android.settings.Settings}
D/WifiService(  858): Client connection lost with reason: 4
D/OpenGLRenderer(  858): endAllStagingAnimators on 0x96bd1680 (RippleDrawable) with handle 0x9db65520
I/ActivityManager(  858): Process com.android.settings (pid 5046) has died
W/InputMethodManagerService(  858): Got RemoteException sending setActive(false) notification to pid 5046 uid 1000
W/LocationOracleImpl( 3215): Best location was null
W/GCoreFlp( 3455): No location to return for getLastLocation()
I/MicrophoneInputStream( 3215): mic_starting gfk@2940a048
I/AudioFlinger(  248): AudioFlinger's thread 0xb3946000 ready to run
I/HotwordRecognitionRnr( 3215): Starting hotword detection.
I/MicrophoneInputStream( 3215): mic_started gfk@2940a048
D/audio_hw_primary(  248): select_devices: out_snd_device(0: none) in_snd_device(55: voice-rec-mic)
D/msm8974_platform(  248): platform_send_audio_calibration: sending audio calibration for snd_device(55) acdb_id(62)
D/        (  248): Failed to fetch the lookup information of the device 0000003E 
E/ACDB-LOADER(  248): Error: ACDB AudProc vol returned = -19
D/audio_hw_primary(  248): enable_snd_device: snd_device(55: voice-rec-mic)
D/audio_hw_primary(  248): enable_audio_route: apply and update mixer path: audio-record
I/HotwordWorker( 3215): onReady
I/ActivityManager(  858): START u0 {act=com.android.systemui.recents.SHOW_RECENTS flg=0x10804000 cmp=com.android.systemui/.recents.RecentsActivity (has extras)} from uid 10013 on display 0
I/MicrophoneInputStream( 3215): mic_close gfk@2940a048
W/ResourceType( 2787): No package identifier when getting value for resource number 0x00000000
W/PackageManager( 2787): Failure retrieving resources for com.android.settings: Resource ID #0x0
D/audio_hw_primary(  248): disable_audio_route: reset and update mixer path: audio-record
D/audio_hw_primary(  248): disable_snd_device: snd_device(55: voice-rec-mic)
I/HotwordRecognitionRnr( 3215): Hotword detection finished
I/HotwordRecognitionRnr( 3215): Stopping hotword detection.
W/GCoreFlp( 3455): No location to return for getLastLocation()
I/EntropyMixer(  858): Writing entropy...
I/iu.Environment( 3181): update battery state; isPlugged? true*
I/iu.SyncManager( 3181): SYNC; picasa accounts
I/GCoreUlr( 3455): Starting service, intent=Intent { act=com.google.android.location.reporting.ACTION_UPDATE_WORLD cmp=com.google.android.gms/com.google.android.location.reporting.service.DispatchingService (has extras) }, extras=Bundle[{receiverAction=android.intent.action.ACTION_POWER_CONNECTED}]
I/iu.FingerprintManager( 3181): Start processing all media
I/GCoreUlr( 3455): WorldUpdater received intent Intent { act=com.google.android.location.reporting.ACTION_UPDATE_WORLD cmp=com.google.android.gms/com.google.android.location.reporting.service.DispatchingService (has extras) } with receiverAction android.intent.action.ACTION_POWER_CONNECTED
D/audio_hw_primary(  248): out_set_parameters: enter: usecase(1: low-latency-playback) kvpairs: routing=2
D/audio_hw_primary(  248): select_devices: out_snd_device(2: speaker) in_snd_device(0: none)
D/msm8974_platform(  248): platform_send_audio_calibration: sending audio calibration for snd_device(2) acdb_id(15)
D/audio_hw_primary(  248): enable_snd_device: snd_device(2: speaker)
D/audio_hw_primary(  248): enable_audio_route: apply and update mixer path: low-latency-playback
I/Adreno-EGL( 3702): <qeglDrvAPI_eglInitialize:410>: QUALCOMM Build: 10/24/14, 167c270, I68fa98814b
I/GCoreUlr( 3455): No GCM registration ID
I/GCoreUlr( 3455): Ensuring that reporting is active for [account#-1#]
I/GCoreUlr( 3455): Starting service, intent=Intent { act=com.google.android.location.reporting.ACTION_LOCATION_STATUS cmp=com.google.android.gms/com.google.android.location.reporting.service.DispatchingService (has extras) }, extras=Bundle[{status=LocationStatus[cell status: STATUS_LOCATION_DISABLED_IN_SETTINGS, wifi status: STATUS_LOCATION_DISABLED_IN_SETTINGS, elapsed realtime ns: 312918078216]}]
I/ValidateNoPeople(  858): skipping global notification
I/iu.UploadsManager( 3181): num queued entries: 0
I/iu.FingerprintManager( 3181): Start processing media store URI: content://media/external/images/media
I/iu.UploadsManager( 3181): num updated entries: 0
I/iu.SyncManager( 3181): NEXT; no task
I/iu.FingerprintManager( 3181): Start processing media store URI: content://media/external/video/media
I/iu.FingerprintManager( 3181): Start processing media store URI: content://media/phoneStorage/images/media
I/iu.FingerprintManager( 3181): Start processing media store URI: content://media/phoneStorage/video/media
I/iu.FingerprintManager( 3181): Finished generating fingerprints; 0.386 seconds
I/iu.FingerprintManager( 3181):   numSeen=326 numGenerated=0 numDeleted=0 numFailed=0
D/MtpService( 2758): updating state; isCurrentUser=true, mMtpLocked=false
D/MtpService( 2758): addStorageLocked 65537 /storage/emulated/0
D/MtpService( 2758): updating state; isCurrentUser=true, mMtpLocked=false
D/MtpService( 2758): starting MTP server in MTP mode
D/MtpService( 2758): addStorageLocked 65537 /storage/emulated/0
E/WifiStateMachine(  858): WifiStateMachine CMD_START_SCAN source -2 txSuccessRate=0.00 rxSuccessRate=0.00 targetRoamBSSID=08:60:6e:cb:d8:98 RSSI=-61
E/WifiStateMachine(  858): WifiStateMachine starting scan for "ASUS"WPA_PSK with 2437
I/wpa_supplicant( 2738): wlan0: CTRL-EVENT-SCAN-STARTED 
D/audio_hw_primary(  248): disable_audio_route: reset and update mixer path: low-latency-playback
D/audio_hw_primary(  248): disable_snd_device: snd_device(2: speaker)
W/GCoreFlp( 3455): No location to return for getLastLocation()
I/art     (  858): Explicit concurrent mark sweep GC freed 54714(3MB) AllocSpace objects, 9(495KB) LOS objects, 33% free, 26MB/39MB, paused 921us total 53.623ms
I/rmt_storage(  238): rmt_storage_connect_cb: clnt_h=0x6 conn_h=0xb6b01090
I/rmt_storage(  238): rmt_storage_rw_iovec_cb: /boot/modem_fs2: clnt_h=0x2: req_h=0xa msg_id=3: R/W request received
I/rmt_storage(  238): wakelock acquired: 1, error no: 42
I/rmt_storage(  238): rmt_storage_client_thread: /boot/modem_fs2: clnt_h=0x2 Unblock worker thread (th_id: -1229450496)
I/rmt_storage(  238): rmt_storage_client_thread: /boot/modem_fs2: clnt_h=0x2: req_h=0xa msg_id=3: Bytes written = 1572864
I/rmt_storage(  238): rmt_storage_client_thread: /boot/modem_fs2: clnt_h=0x2: req_h=0xa msg_id=3: Send response: res=0 err=0
I/rmt_storage(  238): rmt_storage_client_thread: /boot/modem_fs2: clnt_h=0x2 About to block rmt_storage client thread (th_id: -1229450496) wakelock released: 1, error no: 0
I/rmt_storage(  238): 
I/rmt_storage(  238): rmt_storage_disconnect_cb: clnt_h=0x0x6 conn_h=0x0xb6b01090
W/GCoreFlp( 3455): No location to return for getLastLocation()
E/WifiStateMachine(  858): WifiStateMachine CMD_START_SCAN source -2 txSuccessRate=0.17 rxSuccessRate=0.19 targetRoamBSSID=08:60:6e:cb:d8:98 RSSI=-45
I/wpa_supplicant( 2738): wlan0: CTRL-EVENT-SCAN-STARTED 
I/PowerManagerService(  858): Going to sleep due to power button (uid 1000)...
I/PowerManagerService(  858): Sleeping (uid 1000)...
D/audio_hw_primary(  248): adev_set_parameters: enter: screen_state=off
E/audio_a2dp_hw(  248): adev_set_parameters: ERROR: set param called even when stream out is null
D/PhoneStatusBar( 2787): disable: < expand ICONS* alerts SYSTEM_INFO* back home recent clock search >
D/BluetoothAdapter( 2787): 623286732: getState() :  mService = null. Returning STATE_OFF
D/BluetoothAdapter( 2787): 623286732: getState() :  mService = null. Returning STATE_OFF
D/BluetoothAdapter( 2787): 623286732: getState() :  mService = null. Returning STATE_OFF
D/BluetoothAdapter( 2787): 623286732: getState() :  mService = null. Returning STATE_OFF
E/native  (  858): do suspend true
D/audio_hw_primary(  248): out_set_parameters: enter: usecase(1: low-latency-playback) kvpairs: routing=2
D/audio_hw_primary(  248): select_devices: out_snd_device(2: speaker) in_snd_device(0: none)
D/msm8974_platform(  248): platform_send_audio_calibration: sending audio calibration for snd_device(2) acdb_id(15)
D/audio_hw_primary(  248): enable_snd_device: snd_device(2: speaker)
D/audio_hw_primary(  248): enable_audio_route: apply and update mixer path: low-latency-playback
D/PhoneStatusBar( 2787): disable: < expand ICONS alerts SYSTEM_INFO back HOME* RECENT* clock SEARCH* >
I/ActivityManager(  858): START u0 {act=android.intent.action.MAIN cat=[android.intent.category.HOME] flg=0x10200000 cmp=com.google.android.googlequicksearchbox/com.google.android.launcher.GEL} from uid 10013 on display 0
I/GEL     ( 3094): handleIntent(Intent { act=android.intent.action.MAIN cat=[android.intent.category.HOME] flg=0x10600000 cmp=com.google.android.googlequicksearchbox/com.google.android.launcher.GEL })
D/SurfaceFlinger(  237): Set power mode=0, type=0 flinger=0xb6962000
D/qdhwcomposer(  237): hwc_blank: Blanking display: 0
I/DisplayManagerService(  858): Display device changed: DisplayDeviceInfo{"Built-in Screen": 1080 x 1920, 60.0 fps, supportedRefreshRates [60.0], density 480, 442.451 x 443.345 dpi, appVsyncOff 7500000, presDeadline 12666667, touch INTERNAL, rotation 0, type BUILT_IN, state OFF, FLAG_DEFAULT_DISPLAY, FLAG_ROTATES_WITH_CONTENT, FLAG_SECURE, FLAG_SUPPORTS_PROTECTED_BUFFERS}
V/ActivityManager(  858): Display changed displayId=0
D/qdhwcomposer(  237): hwc_blank: Done blanking display: 0
D/SurfaceControl(  858): Excessive delay in setPowerMode(): 294ms
E/PowerHAL(  858): sync_thread: failed to send: No such file or directory
E/Sensors (  254): sns_acm_mr.c(432):Transport error -45
W/GCoreFlp( 3455): No location to return for getLastLocation()
I/PowerManagerService(  858): Waking up from sleep (uid 1000)...
E/PowerHAL(  858): sync_thread: failed to send: No such file or directory
I/DisplayPowerController(  858): Blocking screen on until initial contents have been drawn.
E/qti_sensors_hal(  858): processTimeResp: Unknown error in RESP. DSPS ts valid: 1; APPS: 0 APPS boottime: 0
D/SurfaceFlinger(  237): Set power mode=2, type=0 flinger=0xb6962000
D/qdhwcomposer(  237): hwc_blank: Unblanking display: 0
D/audio_hw_primary(  248): adev_set_parameters: enter: screen_state=on
E/audio_a2dp_hw(  248): adev_set_parameters: ERROR: set param called even when stream out is null
I/DisplayManagerService(  858): Display device changed: DisplayDeviceInfo{"Built-in Screen": 1080 x 1920, 60.0 fps, supportedRefreshRates [60.0], density 480, 442.451 x 443.345 dpi, appVsyncOff 7500000, presDeadline 12666667, touch INTERNAL, rotation 0, type BUILT_IN, state ON, FLAG_DEFAULT_DISPLAY, FLAG_ROTATES_WITH_CONTENT, FLAG_SECURE, FLAG_SUPPORTS_PROTECTED_BUFFERS}
W/OpenGLRenderer( 3094): Incorrectly called buildLayer on View: adg, destroying layer...
V/ActivityManager(  858): Display changed displayId=0
E/native  (  858): do suspend false
D/BrcmNfcJni( 3019): RoutingManager::nfaEeCallback: NFA_EE_SET_TECH_CFG_EVT; status=0x0
D/BrcmNfcJni( 3019): RoutingManager::nfaEeCallback: NFA_EE_SET_PROTO_CFG_EVT; status=0x0
D/BrcmNfcJni( 3019): RoutingManager::commitRouting
D/BrcmNfcJni( 3019): RoutingManager::nfaEeCallback: NFA_EE_UPDATED_EVT
D/qdhwcomposer(  237): hwc_blank: Done unblanking display: 0
D/SurfaceControl(  858): Excessive delay in setPowerMode(): 237ms
E/WifiStateMachine(  858): WifiStateMachine CMD_START_SCAN source -2 txSuccessRate=0.00 rxSuccessRate=0.00 targetRoamBSSID=08:60:6e:cb:d8:98 RSSI=-49
E/WifiStateMachine(  858): WifiStateMachine starting scan for "ASUS"WPA_PSK with 2437
I/wpa_supplicant( 2738): wlan0: CTRL-EVENT-SCAN-STARTED 
I/DisplayPowerController(  858): Unblocked screen on after 293 ms
D/audio_hw_primary(  248): disable_audio_route: reset and update mixer path: low-latency-playback
D/audio_hw_primary(  248): disable_snd_device: snd_device(2: speaker)
I/PowerManagerService(  858): Going to sleep due to power button (uid 1000)...
I/PowerManagerService(  858): Sleeping (uid 1000)...
D/audio_hw_primary(  248): adev_set_parameters: enter: screen_state=off
E/audio_a2dp_hw(  248): adev_set_parameters: ERROR: set param called even when stream out is null
D/PhoneStatusBar( 2787): disable: < expand ICONS alerts SYSTEM_INFO back HOME RECENT clock SEARCH >
E/native  (  858): do suspend true
E/Sensors (  254): sns_acm_mr.c(432):Transport error -45
I/DisplayManagerService(  858): Display device changed: DisplayDeviceInfo{"Built-in Screen": 1080 x 1920, 60.0 fps, supportedRefreshRates [60.0], density 480, 442.451 x 443.345 dpi, appVsyncOff 7500000, presDeadline 12666667, touch INTERNAL, rotation 0, type BUILT_IN, state OFF, FLAG_DEFAULT_DISPLAY, FLAG_ROTATES_WITH_CONTENT, FLAG_SECURE, FLAG_SUPPORTS_PROTECTED_BUFFERS}
V/ActivityManager(  858): Display changed displayId=0
D/SurfaceFlinger(  237): Set power mode=0, type=0 flinger=0xb6962000
D/qdhwcomposer(  237): hwc_blank: Blanking display: 0
D/qdhwcomposer(  237): hwc_blank: Done blanking display: 0
D/SurfaceControl(  858): Excessive delay in setPowerMode(): 294ms
E/PowerHAL(  858): sync_thread: failed to send: No such file or directory
E/qti_sensors_hal(  858): processTimeResp: Unknown error in RESP. DSPS ts valid: 1; APPS: 0 APPS boottime: 0
E/Sensors (  254): sns_acm_mr.c(432):Transport error -45
I/art     ( 3248): Explicit concurrent mark sweep GC freed 19507(1469KB) AllocSpace objects, 0(0B) LOS objects, 39% free, 18MB/30MB, paused 1.893ms total 33.634ms
W/GCoreFlp( 3455): No location to return for getLastLocation()
W/GCoreFlp( 3455): No location to return for getLastLocation()
W/GCoreFlp( 3455): No location to return for getLastLocation()
W/GCoreFlp( 3455): No location to return for getLastLocation()
W/GCoreFlp( 3455): No location to return for getLastLocation()
W/GCoreFlp( 3455): No location to return for getLastLocation()
W/GCoreFlp( 3455): No location to return for getLastLocation()
W/GCoreFlp( 3455): No location to return for getLastLocation()
I/PowerManagerService(  858): Waking up from sleep (uid 1000)...
E/PowerHAL(  858): sync_thread: failed to send: No such file or directory
I/DisplayPowerController(  858): Blocking screen on until initial contents have been drawn.
E/qti_sensors_hal(  858): processTimeResp: Unknown error in RESP. DSPS ts valid: 1; APPS: 0 APPS boottime: 0
D/SurfaceFlinger(  237): Set power mode=2, type=0 flinger=0xb6962000
D/qdhwcomposer(  237): hwc_blank: Unblanking display: 0
I/DisplayManagerService(  858): Display device changed: DisplayDeviceInfo{"Built-in Screen": 1080 x 1920, 60.0 fps, supportedRefreshRates [60.0], density 480, 442.451 x 443.345 dpi, appVsyncOff 7500000, presDeadline 12666667, touch INTERNAL, rotation 0, type BUILT_IN, state ON, FLAG_DEFAULT_DISPLAY, FLAG_ROTATES_WITH_CONTENT, FLAG_SECURE, FLAG_SUPPORTS_PROTECTED_BUFFERS}
V/ActivityManager(  858): Display changed displayId=0
D/audio_hw_primary(  248): adev_set_parameters: enter: screen_state=on
E/audio_a2dp_hw(  248): adev_set_parameters: ERROR: set param called even when stream out is null
E/native  (  858): do suspend false
D/BrcmNfcJni( 3019): RoutingManager::nfaEeCallback: NFA_EE_SET_TECH_CFG_EVT; status=0x0
D/BrcmNfcJni( 3019): RoutingManager::nfaEeCallback: NFA_EE_SET_PROTO_CFG_EVT; status=0x0
D/BrcmNfcJni( 3019): RoutingManager::commitRouting
D/BrcmNfcJni( 3019): RoutingManager::nfaEeCallback: NFA_EE_UPDATED_EVT
D/qdhwcomposer(  237): hwc_blank: Done unblanking display: 0
D/SurfaceControl(  858): Excessive delay in setPowerMode(): 234ms
I/DisplayPowerController(  858): Unblocked screen on after 272 ms
D/PhoneStatusBar( 2787): disable: < expand ICONS alerts SYSTEM_INFO back HOME RECENT clock SEARCH >
D/audio_hw_primary(  248): out_set_parameters: enter: usecase(1: low-latency-playback) kvpairs: routing=2
D/PhoneStatusBar( 2787): disable: < expand icons* alerts system_info* back HOME RECENT clock SEARCH >
D/audio_hw_primary(  248): select_devices: out_snd_device(2: speaker) in_snd_device(0: none)
D/msm8974_platform(  248): platform_send_audio_calibration: sending audio calibration for snd_device(2) acdb_id(15)
D/audio_hw_primary(  248): enable_snd_device: snd_device(2: speaker)
D/audio_hw_primary(  248): enable_audio_route: apply and update mixer path: low-latency-playback
I/Coffee - PlaceTrustlet( 3455): User Present broadcast receiver action: android.intent.action.USER_PRESENT
I/Coffee - PlaceTrustlet( 3455): Home and work are empty, no need to disable them.
V/UserPresentBroadcastReceiver( 3455): Received Intent { act=android.intent.action.USER_PRESENT flg=0x24000010 cmp=com.google.android.gms/.auth.trustagent.UserPresentBroadcastReceiver }.
D/PhoneStatusBar( 2787): disable: < expand icons alerts system_info back home* recent* clock search* >
W/LocationOracleImpl( 3215): Best location was null
D/BrcmNfcJni( 3019): RoutingManager::nfaEeCallback: NFA_EE_SET_TECH_CFG_EVT; status=0x0
D/BrcmNfcJni( 3019): RoutingManager::nfaEeCallback: NFA_EE_SET_PROTO_CFG_EVT; status=0x0
D/BrcmNfcJni( 3019): RoutingManager::commitRouting
D/BrcmNfcJni( 3019): RoutingManager::nfaEeCallback: NFA_EE_UPDATED_EVT
W/LocationOracleImpl( 3215): Best location was null
W/LocationOracleImpl( 3215): Best location was null
I/HotwordRecognitionRnr( 3215): Starting hotword detection.
I/MicrophoneInputStream( 3215): mic_starting gfk@1ffb1d66
I/AudioFlinger(  248): AudioFlinger's thread 0xb294b000 ready to run
I/MicrophoneInputStream( 3215): mic_started gfk@1ffb1d66
W/GCoreFlp( 3455): No location to return for getLastLocation()
D/audio_hw_primary(  248): select_devices: out_snd_device(0: none) in_snd_device(55: voice-rec-mic)
D/msm8974_platform(  248): platform_send_audio_calibration: sending audio calibration for snd_device(55) acdb_id(62)
D/        (  248): Failed to fetch the lookup information of the device 0000003E 
E/ACDB-LOADER(  248): Error: ACDB AudProc vol returned = -19
D/audio_hw_primary(  248): enable_snd_device: snd_device(55: voice-rec-mic)
D/audio_hw_primary(  248): enable_audio_route: apply and update mixer path: audio-record
I/HotwordWorker( 3215): onReady
D/PhoneStatusBar( 2787): disable: < expand ICONS* alerts SYSTEM_INFO* back home recent clock search >
I/MicrophoneInputStream( 3215): mic_close gfk@1ffb1d66
D/audio_hw_primary(  248): disable_audio_route: reset and update mixer path: audio-record
D/audio_hw_primary(  248): disable_snd_device: snd_device(55: voice-rec-mic)
I/HotwordRecognitionRnr( 3215): Hotword detection finished
I/HotwordRecognitionRnr( 3215): Stopping hotword detection.
D/BluetoothAdapter( 2787): 623286732: getState() :  mService = null. Returning STATE_OFF
D/BluetoothAdapter( 2787): 623286732: getState() :  mService = null. Returning STATE_OFF
D/BluetoothAdapter( 2787): 623286732: getState() :  mService = null. Returning STATE_OFF
D/BluetoothAdapter( 2787): 623286732: getState() :  mService = null. Returning STATE_OFF
W/GCoreFlp( 3455): No location to return for getLastLocation()
I/ActivityManager(  858): START u0 {act=android.settings.SETTINGS flg=0x14000000 cmp=com.android.settings/.Settings} from uid 10013 on display 0
I/ActivityManager(  858): Start proc com.android.settings for activity com.android.settings/.Settings: pid=5529 uid=1000 gids={41000, 9997, 1028, 1015, 1023, 3002, 3001, 3003} abi=armeabi-v7a
D/audio_hw_primary(  248): disable_audio_route: reset and update mixer path: low-latency-playback
D/audio_hw_primary(  248): disable_snd_device: snd_device(2: speaker)
I/art     (  858): Explicit concurrent mark sweep GC freed 51454(2MB) AllocSpace objects, 2(32KB) LOS objects, 33% free, 26MB/40MB, paused 756us total 77.512ms
I/IndexDatabaseHelper( 5529): Using schema version: 115
I/IndexDatabaseHelper( 5529): Index is fine
D/PhoneStatusBar( 2787): disable: < expand icons* alerts system_info* back home recent clock search >
D/Index   ( 5529): Locale 'en_US' is already indexed
